<html>
<body>
<pre>
<h1>µVision Build Log</h1>
<h2>Project:</h2>
C:\Users\IceHan\Desktop\STM32F401-Discovery_FW_V1.0.0\Projects\Demonstration\MDK-ARM\STM32F401-Discovery_Demo.uvproj
Project File Date:  06/10/2014

<h2>Output:</h2>
Build target 'STM32F401C-DISCO'
compiling stm32fxxx_it.c...
..\stm32fxxx_it.c(53): warning:  #177-D: variable "IMU_count" was declared but never referenced
  static int IMU_count =0;
..\stm32fxxx_it.c: 1 warning, 0 errors
linking...
Program Size: Code=20956 RO-data=464 RW-data=432 ZI-data=5024  
FromELF: creating hex file...
".\STM32F401C-DISCO\STM32F401C-DISCO.axf" - 0 Error(s), 1 Warning(s).
</pre>
</body>
</html>
F401C-DISCO\STM32F401C-DISCO.axf" - 1 Error(s), 2 Warning(s).
Target not created
