Product: MDK-ARM Lite 5.10
Component: ARM Compiler 5.04 update 1 (build 49)
Tool: armlink [5040049]

==============================================================================

Section Cross References

    startup_stm32f401xx.o(RESET) refers to startup_stm32f401xx.o(STACK) for __initial_sp
    startup_stm32f401xx.o(RESET) refers to startup_stm32f401xx.o(.text) for Reset_Handler
    startup_stm32f401xx.o(RESET) refers to stm32fxxx_it.o(i.NMI_Handler) for NMI_Handler
    startup_stm32f401xx.o(RESET) refers to stm32fxxx_it.o(i.HardFault_Handler) for HardFault_Handler
    startup_stm32f401xx.o(RESET) refers to stm32fxxx_it.o(i.MemManage_Handler) for MemManage_Handler
    startup_stm32f401xx.o(RESET) refers to stm32fxxx_it.o(i.BusFault_Handler) for BusFault_Handler
    startup_stm32f401xx.o(RESET) refers to stm32fxxx_it.o(i.UsageFault_Handler) for UsageFault_Handler
    startup_stm32f401xx.o(RESET) refers to stm32fxxx_it.o(i.SVC_Handler) for SVC_Handler
    startup_stm32f401xx.o(RESET) refers to stm32fxxx_it.o(i.DebugMon_Handler) for DebugMon_Handler
    startup_stm32f401xx.o(RESET) refers to stm32fxxx_it.o(i.PendSV_Handler) for PendSV_Handler
    startup_stm32f401xx.o(RESET) refers to stm32fxxx_it.o(i.SysTick_Handler) for SysTick_Handler
    startup_stm32f401xx.o(RESET) refers to stm32fxxx_it.o(i.EXTI0_IRQHandler) for EXTI0_IRQHandler
    startup_stm32f401xx.o(RESET) refers to stm32fxxx_it.o(i.TIM3_IRQHandler) for TIM3_IRQHandler
    startup_stm32f401xx.o(RESET) refers to stm32fxxx_it.o(i.OTG_FS_WKUP_IRQHandler) for OTG_FS_WKUP_IRQHandler
    startup_stm32f401xx.o(RESET) refers to stm32fxxx_it.o(i.OTG_FS_IRQHandler) for OTG_FS_IRQHandler
    startup_stm32f401xx.o(.text) refers to system_stm32f4xx.o(i.SystemInit) for SystemInit
    startup_stm32f401xx.o(.text) refers to entry.o(.ARM.Collect$$$$00000000) for __main
    usbd_core.o(i.USBD_DataInStage) refers to usbd_ioreq.o(i.USBD_CtlContinueSendData) for USBD_CtlContinueSendData
    usbd_core.o(i.USBD_DataInStage) refers to usbd_ioreq.o(i.USBD_CtlReceiveStatus) for USBD_CtlReceiveStatus
    usbd_core.o(i.USBD_DataInStage) refers to usbd_core.o(i.USBD_RunTestMode) for USBD_RunTestMode
    usbd_core.o(i.USBD_DataOutStage) refers to usbd_ioreq.o(i.USBD_CtlContinueRx) for USBD_CtlContinueRx
    usbd_core.o(i.USBD_DataOutStage) refers to usbd_ioreq.o(i.USBD_CtlSendStatus) for USBD_CtlSendStatus
    usbd_core.o(i.USBD_Init) refers to usb_bsp.o(i.USB_OTG_BSP_Init) for USB_OTG_BSP_Init
    usbd_core.o(i.USBD_Init) refers to usbd_core.o(i.USBD_DeInit) for USBD_DeInit
    usbd_core.o(i.USBD_Init) refers to usb_dcd.o(i.DCD_Init) for DCD_Init
    usbd_core.o(i.USBD_Init) refers to usb_bsp.o(i.USB_OTG_BSP_EnableInterrupt) for USB_OTG_BSP_EnableInterrupt
    usbd_core.o(i.USBD_Reset) refers to usb_dcd.o(i.DCD_EP_Open) for DCD_EP_Open
    usbd_core.o(i.USBD_RunTestMode) refers to usbd_core.o(.data) for SET_TEST_MODE
    usbd_core.o(i.USBD_SetupStage) refers to usbd_req.o(i.USBD_ParseSetupRequest) for USBD_ParseSetupRequest
    usbd_core.o(i.USBD_SetupStage) refers to usbd_req.o(i.USBD_StdDevReq) for USBD_StdDevReq
    usbd_core.o(i.USBD_SetupStage) refers to usbd_req.o(i.USBD_StdItfReq) for USBD_StdItfReq
    usbd_core.o(i.USBD_SetupStage) refers to usbd_req.o(i.USBD_StdEPReq) for USBD_StdEPReq
    usbd_core.o(i.USBD_SetupStage) refers to usb_dcd.o(i.DCD_EP_Stall) for DCD_EP_Stall
    usbd_core.o(.data) refers to usbd_core.o(i.USBD_DataOutStage) for USBD_DataOutStage
    usbd_core.o(.data) refers to usbd_core.o(i.USBD_DataInStage) for USBD_DataInStage
    usbd_core.o(.data) refers to usbd_core.o(i.USBD_SetupStage) for USBD_SetupStage
    usbd_core.o(.data) refers to usbd_core.o(i.USBD_SOF) for USBD_SOF
    usbd_core.o(.data) refers to usbd_core.o(i.USBD_Reset) for USBD_Reset
    usbd_core.o(.data) refers to usbd_core.o(i.USBD_Suspend) for USBD_Suspend
    usbd_core.o(.data) refers to usbd_core.o(i.USBD_Resume) for USBD_Resume
    usbd_core.o(.data) refers to usbd_core.o(i.USBD_IsoINIncomplete) for USBD_IsoINIncomplete
    usbd_core.o(.data) refers to usbd_core.o(i.USBD_IsoOUTIncomplete) for USBD_IsoOUTIncomplete
    usbd_ioreq.o(i.USBD_CtlContinueRx) refers to usb_dcd.o(i.DCD_EP_PrepareRx) for DCD_EP_PrepareRx
    usbd_ioreq.o(i.USBD_CtlContinueSendData) refers to usb_dcd.o(i.DCD_EP_Tx) for DCD_EP_Tx
    usbd_ioreq.o(i.USBD_CtlPrepareRx) refers to usb_dcd.o(i.DCD_EP_PrepareRx) for DCD_EP_PrepareRx
    usbd_ioreq.o(i.USBD_CtlReceiveStatus) refers to usb_dcd.o(i.DCD_EP_PrepareRx) for DCD_EP_PrepareRx
    usbd_ioreq.o(i.USBD_CtlReceiveStatus) refers to usb_core.o(i.USB_OTG_EP0_OutStart) for USB_OTG_EP0_OutStart
    usbd_ioreq.o(i.USBD_CtlSendData) refers to usb_dcd.o(i.DCD_EP_Tx) for DCD_EP_Tx
    usbd_ioreq.o(i.USBD_CtlSendStatus) refers to usb_dcd.o(i.DCD_EP_Tx) for DCD_EP_Tx
    usbd_ioreq.o(i.USBD_CtlSendStatus) refers to usb_core.o(i.USB_OTG_EP0_OutStart) for USB_OTG_EP0_OutStart
[...]
    i.GPIO_PinAFConfig                       0x08000f10   Section        0  stm32f4xx_gpio.o(i.GPIO_PinAFConfig)
    i.GPIO_ReadInputDataBit                  0x08000f56   Section        0  stm32f4xx_gpio.o(i.GPIO_ReadInputDataBit)
    i.GPIO_ResetBits                         0x08000f68   Section        0  stm32f4xx_gpio.o(i.GPIO_ResetBits)
    i.GPIO_SetBits                           0x08000f6c   Section        0  stm32f4xx_gpio.o(i.GPIO_SetBits)
    i.Gyro_Init                              0x08000f70   Section        0  imu.o(i.Gyro_Init)
    i.Handle_USBAsynchXfer                   0x08000fdc   Section        0  usbd_cdc_core.o(i.Handle_USBAsynchXfer)
    Handle_USBAsynchXfer                     0x08000fdd   Thumb Code   182  usbd_cdc_core.o(i.Handle_USBAsynchXfer)
    i.HardFault_Handler                      0x080010a8   Section        0  stm32fxxx_it.o(i.HardFault_Handler)
    i.I2C_AcknowledgeConfig                  0x080010ac   Section        0  stm32f4xx_i2c.o(i.I2C_AcknowledgeConfig)
    i.I2C_CheckEvent                         0x080010c4   Section        0  stm32f4xx_i2c.o(i.I2C_CheckEvent)
    i.I2C_ClearFlag                          0x080010ee   Section        0  stm32f4xx_i2c.o(i.I2C_ClearFlag)
    i.I2C_Cmd                                0x080010fa   Section        0  stm32f4xx_i2c.o(i.I2C_Cmd)
    i.I2C_DeInit                             0x08001114   Section        0  stm32f4xx_i2c.o(i.I2C_DeInit)
    i.I2C_GenerateSTART                      0x08001174   Section        0  stm32f4xx_i2c.o(i.I2C_GenerateSTART)
    i.I2C_GenerateSTOP                       0x0800118c   Section        0  stm32f4xx_i2c.o(i.I2C_GenerateSTOP)
    i.I2C_GetFlagStatus                      0x080011a4   Section        0  stm32f4xx_i2c.o(i.I2C_GetFlagStatus)
    i.I2C_GetLastEvent                       0x080011de   Section        0  stm32f4xx_i2c.o(i.I2C_GetLastEvent)
    i.I2C_Init                               0x080011f8   Section        0  stm32f4xx_i2c.o(i.I2C_Init)
    i.I2C_ReceiveData                        0x080012e0   Section        0  stm32f4xx_i2c.o(i.I2C_ReceiveData)
    i.I2C_Send7bitAddress                    0x080012e8   Section        0  stm32f4xx_i2c.o(i.I2C_Send7bitAddress)
    i.I2C_SendData                           0x080012f8   Section        0  stm32f4xx_i2c.o(i.I2C_SendData)
    i.Init_Clock                             0x080012fc   Section        0  main.o(i.Init_Clock)
    i.L3GD20_FilterCmd                       0x08001400   Section        0  stm32f401_discovery_l3gd20.o(i.L3GD20_FilterCmd)
    i.L3GD20_FilterConfig                    0x0800142c   Section        0  stm32f401_discovery_l3gd20.o(i.L3GD20_FilterConfig)
    i.L3GD20_Init                            0x0800145e   Section        0  stm32f401_discovery_l3gd20.o(i.L3GD20_Init)
    i.L3GD20_LowLevel_Init                   0x080014ac   Section        0  stm32f401_discovery_l3gd20.o(i.L3GD20_LowLevel_Init)
    L3GD20_LowLevel_Init                     0x080014ad   Thumb Code   294  stm32f401_discovery_l3gd20.o(i.L3GD20_LowLevel_Init)
    i.L3GD20_MEMS_Init                       0x080015e0   Section        0  imu.o(i.L3GD20_MEMS_Init)
    i.L3GD20_Read                            0x08001628   Section        0  stm32f401_discovery_l3gd20.o(i.L3GD20_Read)
    i.L3GD20_SendByte                        0x08001670   Section        0  stm32f401_discovery_l3gd20.o(i.L3GD20_SendByte)
    L3GD20_SendByte                          0x08001671   Thumb Code   106  stm32f401_discovery_l3gd20.o(i.L3GD20_SendByte)
    i.L3GD20_TIMEOUT_UserCallback            0x080016e4   Section        0  imu.o(i.L3GD20_TIMEOUT_UserCallback)
    i.L3GD20_Write                           0x080016f0   Section        0  stm32f401_discovery_l3gd20.o(i.L3GD20_Write)
    i.LSM303DLHC_AccFilterConfig             0x08001730   Section        0  stm32f401_discovery_lsm303dlhc.o(i.LSM303DLHC_AccFilterConfig)
    i.LSM303DLHC_AccInit                     0x0800176e   Section        0  stm32f401_discovery_lsm303dlhc.o(i.LSM303DLHC_AccInit)
    i.LSM303DLHC_I2C_Config                  0x080017c0   Section        0  stm32f401_discovery_lsm303dlhc.o(i.LSM303DLHC_I2C_Config)
    i.LSM303DLHC_LowLevel_Init               0x08001870   Section        0  stm32f401_discovery_lsm303dlhc.o(i.LSM303DLHC_LowLevel_Init)
    LSM303DLHC_LowLevel_Init                 0x08001871   Thumb Code   284  stm32f401_discovery_lsm303dlhc.o(i.LSM303DLHC_LowLevel_Init)
    i.LSM303DLHC_MEMS_Init                   0x0800199c   Section        0  imu.o(i.LSM303DLHC_MEMS_Init)
    i.LSM303DLHC_MagInit                     0x08001a16   Section        0  stm32f401_discovery_lsm303dlhc.o(i.LSM303DLHC_MagInit)
    i.LSM303DLHC_Read                        0x08001a70   Section        0  stm32f401_discovery_lsm303dlhc.o(i.LSM303DLHC_Read)
    i.LSM303DLHC_Write                       0x08001d5c   Section        0  stm32f401_discovery_lsm303dlhc.o(i.LSM303DLHC_Write)
    i.MemManage_Handler                      0x08001ec0   Section        0  stm32fxxx_it.o(i.MemManage_Handler)
    i.My_Left_Speed_Down                     0x08001ec4   Section        0  motor.o(i.My_Left_Speed_Down)
    i.My_Left_Speed_Up                       0x08001f4c   Section        0  motor.o(i.My_Left_Speed_Up)
    i.My_Right_Speed_Down                    0x08001fd0   Section        0  motor.o(i.My_Right_Speed_Down)
    i.My_Right_Speed_Up                      0x08002058   Section        0  motor.o(i.My_Right_Speed_Up)
    i.My_UD_Init                             0x080020e0   Section        0  motor.o(i.My_UD_Init)
    i.My_UD_Reset                            0x0800213c   Section        0  motor.o(i.My_UD_Reset)
    i.NMI_Handler                            0x0800218c   Section        0  stm32fxxx_it.o(i.NMI_Handler)
    i.NVIC_Init                              0x08002190   Section        0  misc.o(i.NVIC_Init)
    i.NVIC_PriorityGroupConfig               0x08002208   Section        0  misc.o(i.NVIC_PriorityGroupConfig)
    i.OTG_FS_IRQHandler                      0x0800221c   Section        0  stm32fxxx_it.o(i.OTG_FS_IRQHandler)
    i.OTG_FS_WKUP_IRQHandler                 0x0800222c   Section        0  stm32fxxx_it.o(i.OTG_FS_WKUP_IRQHandler)
    i.PendSV_Handler                         0x0800225c   Section        0  stm32fxxx_it.o(i.PendSV_Handler)
    i.Potentialmeter_SetValue                0x0800225e   Section        0  motor.o(i.Potentialmeter_SetValue)
    i.RCC_AHB1PeriphClockCmd                 0x08002294   Section        0  stm32f4xx_rcc.o(i.RCC_AHB1PeriphClockCmd)
    i.RCC_AHB2PeriphClockCmd                 0x080022b4   Section        0  stm32f4xx_rcc.o(i.RCC_AHB2PeriphClockCmd)
    i.RCC_APB1PeriphClockCmd                 0x080022d4   Section        0  stm32f4xx_rcc.o(i.RCC_APB1PeriphClockCmd)
    i.RCC_APB1PeriphResetCmd                 0x080022f4   Section        0  stm32f4xx_rcc.o(i.RCC_APB1PeriphResetCmd)
    i.RCC_APB2PeriphClockCmd                 0x08002314   Section        0  stm32f4xx_rcc.o(i.RCC_APB2PeriphClockCmd)
    i.RCC_APB2PeriphResetCmd                 0x08002334   Section        0  stm32f4xx_rcc.o(i.RCC_APB2PeriphResetCmd)
    i.RCC_GetClocksFreq                      0x08002354   Section        0  stm32f4xx_rcc.o(i.RCC_GetClocksFreq)
    i.Read_Acc                               0x0800243c   Section        0  imu.o(i.Read_Acc)
    i.Read_Compass                           0x08002580   Section        0  imu.o(i.Read_Compass)
    i.Read_Gyro                              0x08002644   Section        0  imu.o(i.Read_Gyro)
    i.SPI_Cmd                                0x08002706   Section        0  stm32f4xx_spi.o(i.SPI_Cmd)
    i.SPI_I2S_DeInit                         0x08002720   Section        0  stm32f4xx_spi.o(i.SPI_I2S_DeInit)
    i.SPI_I2S_GetFlagStatus                  0x080027d0   Section        0  stm32f4xx_spi.o(i.SPI_I2S_GetFlagStatus)
    i.SPI_I2S_ReceiveData                    0x080027e2   Section        0  stm32f4xx_spi.o(i.SPI_I2S_ReceiveData)
    i.SPI_I2S_SendData                       0x080027e8   Section        0  stm32f4xx_spi.o(i.SPI_I2S_SendData)
    i.SPI_Init                               0x080027ec   Section        0  stm32f4xx_spi.o(i.SPI_Init)
    i.STM_EVAL_LEDInit                       0x08002828   Section        0  stm32f401_discovery.o(i.STM_EVAL_LEDInit)
    i.STM_EVAL_LEDOff                        0x08002874   Section        0  stm32f401_discovery.o(i.STM_EVAL_LEDOff)
    i.STM_EVAL_LEDOn                         0x0800288c   Section        0  stm32f401_discovery.o(i.STM_EVAL_LEDOn)
    i.STM_EVAL_LEDToggle                     0x080028a4   Section        0  stm32f401_discovery.o(i.STM_EVAL_LEDToggle)
    i.STM_EVAL_PBGetState                    0x080028c8   Section        0  stm32f401_discovery.o(i.STM_EVAL_PBGetState)
    i.STM_EVAL_PBInit                        0x080028e8   Section        0  stm32f401_discovery.o(i.STM_EVAL_PBInit)
    i.SVC_Handler                            0x08002990   Section        0  stm32fxxx_it.o(i.SVC_Handler)
    i.SYSCFG_EXTILineConfig                  0x08002994   Section        0  stm32f4xx_syscfg.o(i.SYSCFG_EXTILineConfig)
    i.Send_IMU_Info                          0x080029d4   Section        0  main.o(i.Send_IMU_Info)
    i.SetSysClock                            0x08002a24   Section        0  system_stm32f4xx.o(i.SetSysClock)
    SetSysClock                              0x08002a25   Thumb Code   218  system_stm32f4xx.o(i.SetSysClock)
    i.Set_Left_Speed                         0x08002b10   Section        0  motor.o(i.Set_Left_Speed)
    i.Set_Right_Speed                        0x08002b48   Section        0  motor.o(i.Set_Right_Speed)
    i.SysTick_Handler                        0x08002b80   Section        0  stm32fxxx_it.o(i.SysTick_Handler)
    i.SystemInit                             0x08002b88   Section        0  system_stm32f4xx.o(i.SystemInit)
    i.TIM3_IRQHandler                        0x08002bf0   Section        0  stm32fxxx_it.o(i.TIM3_IRQHandler)
    i.TIM_ClearITPendingBit                  0x08002c30   Section        0  stm32f4xx_tim.o(i.TIM_ClearITPendingBit)
    i.TIM_Cmd                                0x08002c36   Section        0  stm32f4xx_tim.o(i.TIM_Cmd)
    i.TIM_GetCapture1                        0x08002c4e   Section        0  stm32f4xx_tim.o(i.TIM_GetCapture1)
    i.TIM_GetITStatus                        0x08002c54   Section        0  stm32f4xx_tim.o(i.TIM_GetITStatus)
    i.TIM_ITConfig                           0x08002c76   Section        0  stm32f4xx_tim.o(i.TIM_ITConfig)
    i.TIM_OC1Init                            0x08002c88   Section        0  stm32f4xx_tim.o(i.TIM_OC1Init)
    i.TIM_OC1PreloadConfig                   0x08002d04   Section        0  stm32f4xx_tim.o(i.TIM_OC1PreloadConfig)
    i.TIM_PrescalerConfig                    0x08002d16   Section        0  stm32f4xx_tim.o(i.TIM_PrescalerConfig)
    i.TIM_SetCompare1                        0x08002d1c   Section        0  stm32f4xx_tim.o(i.TIM_SetCompare1)
    i.TIM_TimeBaseInit                       0x08002d20   Section        0  stm32f4xx_tim.o(i.TIM_TimeBaseInit)
    i.TimingDelay_Decrement                  0x08002da4   Section        0  main.o(i.TimingDelay_Decrement)
    i.USBD_ClrCfg                            0x08002dbc   Section        0  usbd_core.o(i.USBD_ClrCfg)
    i.USBD_ClrFeature                        0x08002dd2   Section        0  usbd_req.o(i.USBD_ClrFeature)
    USBD_ClrFeature                          0x08002dd3   Thumb Code    72  usbd_req.o(i.USBD_ClrFeature)
    i.USBD_CtlContinueRx                     0x08002e1a   Section        0  usbd_ioreq.o(i.USBD_CtlContinueRx)
    i.USBD_CtlContinueSendData               0x08002e38   Section        0  usbd_ioreq.o(i.USBD_CtlContinueSendData)
    i.USBD_CtlError                          0x08002e56   Section        0  usbd_req.o(i.USBD_CtlError)
    i.USBD_CtlPrepareRx                      0x08002e74   Section        0  usbd_ioreq.o(i.USBD_CtlPrepareRx)
    i.USBD_CtlReceiveStatus                  0x08002ea2   Section        0  usbd_ioreq.o(i.USBD_CtlReceiveStatus)
    i.USBD_CtlSendData                       0x08002ec6   Section        0  usbd_ioreq.o(i.USBD_CtlSendData)
    i.USBD_CtlSendStatus                     0x08002ef4   Section        0  usbd_ioreq.o(i.USBD_CtlSendStatus)
    i.USBD_DataInStage                       0x08002f18   Section        0  usbd_core.o(i.USBD_DataInStage)
    USBD_DataInStage                         0x08002f19   Thumb Code   208  usbd_core.o(i.USBD_DataInStage)
    i.USBD_DataOutStage                      0x08002fe8   Section        0  usbd_core.o(i.USBD_DataOutStage)
    USBD_DataOutStage                        0x08002fe9   Thumb Code   150  usbd_core.o(i.USBD_DataOutStage)
    i.USBD_DeInit                            0x0800307e   Section        0  usbd_core.o(i.USBD_DeInit)
    i.USBD_GetConfig                         0x08003084   Section        0  usbd_req.o(i.USBD_GetConfig)
    USBD_GetConfig                           0x08003085   Thumb Code    78  usbd_req.o(i.USBD_GetConfig)
    i.USBD_GetDescriptor                     0x080030d8   Section        0  usbd_req.o(i.USBD_GetDescriptor)
    USBD_GetDescriptor                       0x080030d9   Thumb Code   290  usbd_req.o(i.USBD_GetDescriptor)
    i.USBD_GetLen                            0x080031fa   Section        0  usbd_req.o(i.USBD_GetLen)
    USBD_GetLen                              0x080031fb   Thumb Code    20  usbd_req.o(i.USBD_GetLen)
    i.USBD_GetStatus                         0x08003210   Section        0  usbd_req.o(i.USBD_GetStatus)
    USBD_GetStatus                           0x08003211   Thumb Code    74  usbd_req.o(i.USBD_GetStatus)
    i.USBD_GetString                         0x08003260   Section        0  usbd_req.o(i.USBD_GetString)
    i.USBD_Init                              0x080032b2   Section        0  usbd_core.o(i.USBD_Init)
    i.USBD_IsoINIncomplete                   0x080032f4   Section        0  usbd_core.o(i.USBD_IsoINIncomplete)
    USBD_IsoINIncomplete                     0x080032f5   Thumb Code    18  usbd_core.o(i.USBD_IsoINIncomplete)
    i.USBD_IsoOUTIncomplete                  0x08003306   Section        0  usbd_core.o(i.USBD_IsoOUTIncomplete)
    USBD_IsoOUTIncomplete                    0x08003307   Thumb Code    18  usbd_core.o(i.USBD_IsoOUTIncomplete)
    i.USBD_OTG_ISR_Handler                   0x08003318   Section        0  usb_dcd_int.o(i.USBD_OTG_ISR_Handler)
    i.USBD_ParseSetupRequest                 0x080033f8   Section        0  usbd_req.o(i.USBD_ParseSetupRequest)
    i.USBD_Reset                             0x08003440   Section        0  usbd_core.o(i.USBD_Reset)
    USBD_Reset                               0x08003441   Thumb Code    50  usbd_core.o(i.USBD_Reset)
    i.USBD_Resume                            0x08003472   Section        0  usbd_core.o(i.USBD_Resume)
    USBD_Resume                              0x08003473   Thumb Code    30  usbd_core.o(i.USBD_Resume)
    i.USBD_RunTestMode                       0x08003490   Section        0  usbd_core.o(i.USBD_RunTestMode)
    USBD_RunTestMode                         0x08003491   Thumb Code    14  usbd_core.o(i.USBD_RunTestMode)
    i.USBD_SOF                               0x080034a4   Section        0  usbd_core.o(i.USBD_SOF)
    USBD_SOF                                 0x080034a5   Thumb Code    26  usbd_core.o(i.USBD_SOF)
    i.USBD_SetAddress                        0x080034be   Section        0  usbd_req.o(i.USBD_SetAddress)
    USBD_SetAddress                          0x080034bf   Thumb Code    92  usbd_req.o(i.USBD_SetAddress)
    i.USBD_SetCfg                            0x0800351a   Section        0  usbd_core.o(i.USBD_SetCfg)
    i.USBD_SetConfig                         0x08003538   Section        0  usbd_req.o(i.USBD_SetConfig)
    USBD_SetConfig                           0x08003539   Thumb Code   204  usbd_req.o(i.USBD_SetConfig)
    i.USBD_SetFeature                        0x08003608   Section        0  usbd_req.o(i.USBD_SetFeature)
    USBD_SetFeature                          0x08003609   Thumb Code   160  usbd_req.o(i.USBD_SetFeature)
    i.USBD_SetupStage                        0x080036ac   Section        0  usbd_core.o(i.USBD_SetupStage)
    USBD_SetupStage                          0x080036ad   Thumb Code    84  usbd_core.o(i.USBD_SetupStage)
    i.USBD_StdDevReq                         0x08003700   Section        0  usbd_req.o(i.USBD_StdDevReq)
    i.USBD_StdEPReq                          0x08003774   Section        0  usbd_req.o(i.USBD_StdEPReq)
    i.USBD_StdItfReq                         0x080038d0   Section        0  usbd_req.o(i.USBD_StdItfReq)
    i.USBD_Suspend                           0x0800391c   Section        0  usbd_core.o(i.USBD_Suspend)
    USBD_Suspend                             0x0800391d   Thumb Code    32  usbd_core.o(i.USBD_Suspend)
    i.USBD_USR_ConfigStrDescriptor           0x0800393c   Section        0  usbd_desc.o(i.USBD_USR_ConfigStrDescriptor)
    i.USBD_USR_DeviceConfigured              0x08003970   Section        0  usbd_usr.o(i.USBD_USR_DeviceConfigured)
    i.USBD_USR_DeviceConnected               0x08003972   Section        0  usbd_usr.o(i.USBD_USR_DeviceConnected)
    i.USBD_USR_DeviceDescriptor              0x08003974   Section        0  usbd_desc.o(i.USBD_USR_DeviceDescriptor)
    i.USBD_USR_DeviceDisconnected            0x08003984   Section        0  usbd_usr.o(i.USBD_USR_DeviceDisconnected)
    i.USBD_USR_DeviceReset                   0x08003986   Section        0  usbd_usr.o(i.USBD_USR_DeviceReset)
    i.USBD_USR_DeviceResumed                 0x08003998   Section        0  usbd_usr.o(i.USBD_USR_DeviceResumed)
    i.USBD_USR_DeviceSuspended               0x0800399a   Section        0  usbd_usr.o(i.USBD_USR_DeviceSuspended)
    i.USBD_USR_Init                          0x0800399c   Section        0  usbd_usr.o(i.USBD_USR_Init)
    i.USBD_USR_InterfaceStrDescriptor        0x08003a00   Section        0  usbd_desc.o(i.USBD_USR_InterfaceStrDescriptor)
    i.USBD_USR_LangIDStrDescriptor           0x08003a38   Section        0  usbd_desc.o(i.USBD_USR_LangIDStrDescriptor)
    i.USBD_USR_ManufacturerStrDescriptor     0x08003a48   Section        0  usbd_desc.o(i.USBD_USR_ManufacturerStrDescriptor)
    i.USBD_USR_ProductStrDescriptor          0x08003a74   Section        0  usbd_desc.o(i.USBD_USR_ProductStrDescriptor)
    i.USBD_USR_SerialStrDescriptor           0x08003ae4   Section        0  usbd_desc.o(i.USBD_USR_SerialStrDescriptor)
    i.USBD_cdc_GetCfgDesc                    0x08003b2c   Section        0  usbd_cdc_core.o(i.USBD_cdc_GetCfgDesc)
    USBD_cdc_GetCfgDesc                      0x08003b2d   Thumb Code    10  usbd_cdc_core.o(i.USBD_cdc_GetCfgDesc)
    i.USB_OTG_BSP_EnableInterrupt            0x08003b3c   Section        0  usb_bsp.o(i.USB_OTG_BSP_EnableInterrupt)
    i.USB_OTG_BSP_Init                       0x08003b68   Section        0  usb_bsp.o(i.USB_OTG_BSP_Init)
    i.USB_OTG_BSP_mDelay                     0x08003c14   Section        0  usb_bsp.o(i.USB_OTG_BSP_mDelay)
    i.USB_OTG_BSP_uDelay                     0x08003c26   Section        0  usb_bsp.o(i.USB_OTG_BSP_uDelay)
    i.USB_OTG_CoreInit                       0x08003c44   Section        0  usb_core.o(i.USB_OTG_CoreInit)
    i.USB_OTG_CoreInitDev                    0x08003d6a   Section        0  usb_core.o(i.USB_OTG_CoreInitDev)
    i.USB_OTG_CoreReset                      0x08003f74   Section        0  usb_core.o(i.USB_OTG_CoreReset)
    USB_OTG_CoreReset                        0x08003f75   Thumb Code   108  usb_core.o(i.USB_OTG_CoreReset)
    i.USB_OTG_DisableGlobalInt               0x08003fe4   Section        0  usb_core.o(i.USB_OTG_DisableGlobalInt)
    i.USB_OTG_EP0Activate                    0x08004006   Section        0  usb_core.o(i.USB_OTG_EP0Activate)
    i.USB_OTG_EP0StartXfer                   0x08004070   Section        0  usb_core.o(i.USB_OTG_EP0StartXfer)
    i.USB_OTG_EP0_OutStart                   0x080041c6   Section        0  usb_core.o(i.USB_OTG_EP0_OutStart)
    i.USB_OTG_EPActivate                     0x08004228   Section        0  usb_core.o(i.USB_OTG_EPActivate)
    i.USB_OTG_EPClearStall                   0x080042c0   Section        0  usb_core.o(i.USB_OTG_EPClearStall)
    i.USB_OTG_EPDeactivate                   0x08004310   Section        0  usb_core.o(i.USB_OTG_EPDeactivate)
    i.USB_OTG_EPSetStall                     0x0800436e   Section        0  usb_core.o(i.USB_OTG_EPSetStall)
    i.USB_OTG_EPStartXfer                    0x080043d2   Section        0  usb_core.o(i.USB_OTG_EPStartXfer)
    i.USB_OTG_EnableCommonInt                0x080045c8   Section        0  usb_core.o(i.USB_OTG_EnableCommonInt)
    USB_OTG_EnableCommonInt                  0x080045c9   Thumb Code    52  usb_core.o(i.USB_OTG_EnableCommonInt)
    i.USB_OTG_EnableDevInt                   0x080045fc   Section        0  usb_core.o(i.USB_OTG_EnableDevInt)
    i.USB_OTG_EnableGlobalInt                0x08004696   Section        0  usb_core.o(i.USB_OTG_EnableGlobalInt)
    i.USB_OTG_FlushRxFifo                    0x080046b8   Section        0  usb_core.o(i.USB_OTG_FlushRxFifo)
    i.USB_OTG_FlushTxFifo                    0x08004704   Section        0  usb_core.o(i.USB_OTG_FlushTxFifo)
    i.USB_OTG_GetDeviceSpeed                 0x08004758   Section        0  usb_core.o(i.USB_OTG_GetDeviceSpeed)
    i.USB_OTG_GetMode                        0x0800478c   Section        0  usb_core.o(i.USB_OTG_GetMode)
    i.USB_OTG_InitDevSpeed                   0x08004798   Section        0  usb_core.o(i.USB_OTG_InitDevSpeed)
    i.USB_OTG_IsDeviceMode                   0x080047b0   Section        0  usb_core.o(i.USB_OTG_IsDeviceMode)
    i.USB_OTG_ReadCoreItr                    0x080047c6   Section        0  usb_core.o(i.USB_OTG_ReadCoreItr)
    i.USB_OTG_ReadDevAllInEPItr              0x080047d6   Section        0  usb_core.o(i.USB_OTG_ReadDevAllInEPItr)
    i.USB_OTG_ReadDevAllOutEp_itr            0x080047e6   Section        0  usb_core.o(i.USB_OTG_ReadDevAllOutEp_itr)
    i.USB_OTG_ReadDevOutEP_itr               0x080047f6   Section        0  usb_core.o(i.USB_OTG_ReadDevOutEP_itr)
    i.USB_OTG_ReadPacket                     0x0800480a   Section        0  usb_core.o(i.USB_OTG_ReadPacket)
    i.USB_OTG_SelectCore                     0x08004834   Section        0  usb_core.o(i.USB_OTG_SelectCore)
    i.USB_OTG_SetCurrentMode                 0x08004904   Section        0  usb_core.o(i.USB_OTG_SetCurrentMode)
    i.USB_OTG_UngateClock                    0x08004952   Section        0  usb_core.o(i.USB_OTG_UngateClock)
    i.USB_OTG_WritePacket                    0x08004988   Section        0  usb_core.o(i.USB_OTG_WritePacket)
    i.UsageFault_Handler                     0x080049c8   Section        0  stm32fxxx_it.o(i.UsageFault_Handler)
    i.VCP_Ctrl                               0x080049cc   Section        0  usbd_cdc_vcp.o(i.VCP_Ctrl)
    VCP_Ctrl                                 0x080049cd   Thumb Code   116  usbd_cdc_vcp.o(i.VCP_Ctrl)
    i.VCP_DataRx                             0x08004a44   Section        0  usbd_cdc_vcp.o(i.VCP_DataRx)
    VCP_DataRx                               0x08004a45   Thumb Code    84  usbd_cdc_vcp.o(i.VCP_DataRx)
    i.VCP_DataTx                             0x08004aa4   Section        0  usbd_cdc_vcp.o(i.VCP_DataTx)
    VCP_DataTx                               0x08004aa5   Thumb Code    54  usbd_cdc_vcp.o(i.VCP_DataTx)
    i.VCP_DeInit                             0x08004ae4   Section        0  usbd_cdc_vcp.o(i.VCP_DeInit)
    VCP_DeInit                               0x08004ae5   Thumb Code     4  usbd_cdc_vcp.o(i.VCP_DeInit)
    i.VCP_Init                               0x08004ae8   Section        0  usbd_cdc_vcp.o(i.VCP_Init)
    VCP_Init                                 0x08004ae9   Thumb Code     4  usbd_cdc_vcp.o(i.VCP_Init)
    i.VCP_receive_string                     0x08004aec   Section        0  usbd_cdc_vcp.o(i.VCP_receive_string)
    i.VCP_send_IMU_All                       0x08004b90   Section        0  usbd_cdc_vcp.o(i.VCP_send_IMU_All)
    i.VCP_send_IMU_Multi                     0x08004c46   Section        0  usbd_cdc_vcp.o(i.VCP_send_IMU_Multi)
    i.VCP_send_IMU_Single                    0x08004c92   Section        0  usbd_cdc_vcp.o(i.VCP_send_IMU_Single)
    i.__scatterload_copy                     0x08004cbe   Section       14  handlers.o(i.__scatterload_copy)
    i.__scatterload_null                     0x08004ccc   Section        2  handlers.o(i.__scatterload_null)
    i.__scatterload_zeroinit                 0x08004cce   Section       14  handlers.o(i.__scatterload_zeroinit)
    i.main                                   0x08004cdc   Section        0  main.o(i.main)
    i.run_function1                          0x08004df4   Section        0  main.o(i.run_function1)
    i.run_function2                          0x0800505c   Section        0  main.o(i.run_function2)
    i.usbd_cdc_DataIn                        0x080052bc   Section        0  usbd_cdc_core.o(i.usbd_cdc_DataIn)
    usbd_cdc_DataIn                          0x080052bd   Thumb Code   120  usbd_cdc_core.o(i.usbd_cdc_DataIn)
    i.usbd_cdc_DataOut                       0x08005344   Section        0  usbd_cdc_core.o(i.usbd_cdc_DataOut)
    usbd_cdc_DataOut                         0x08005345   Thumb Code    48  usbd_cdc_core.o(i.usbd_cdc_DataOut)
    i.usbd_cdc_DeInit                        0x0800537c   Section        0  usbd_cdc_core.o(i.usbd_cdc_DeInit)
    usbd_cdc_DeInit                          0x0800537d   Thumb Code    40  usbd_cdc_core.o(i.usbd_cdc_DeInit)
    i.usbd_cdc_EP0_RxReady                   0x080053a8   Section        0  usbd_cdc_core.o(i.usbd_cdc_EP0_RxReady)
    usbd_cdc_EP0_RxReady                     0x080053a9   Thumb Code    38  usbd_cdc_core.o(i.usbd_cdc_EP0_RxReady)
    i.usbd_cdc_Init                          0x080053e0   Section        0  usbd_cdc_core.o(i.usbd_cdc_Init)
    usbd_cdc_Init                            0x080053e1   Thumb Code    74  usbd_cdc_core.o(i.usbd_cdc_Init)
    i.usbd_cdc_SOF                           0x08005438   Section        0  usbd_cdc_core.o(i.usbd_cdc_SOF)
    usbd_cdc_SOF                             0x08005439   Thumb Code    36  usbd_cdc_core.o(i.usbd_cdc_SOF)
    i.usbd_cdc_Setup                         0x08005460   Section        0  usbd_cdc_core.o(i.usbd_cdc_Setup)
    usbd_cdc_Setup                           0x08005461   Thumb Code   218  usbd_cdc_core.o(i.usbd_cdc_Setup)
    i.wait                                   0x08005554   Section        0  utility.o(i.wait)
    .constdata                               0x0800556c   Section       37  stm32f401_discovery.o(.constdata)
    .data                                    0x20000000   Section       52  usbd_core.o(.data)
    .data                                    0x20000034   Section       13  usbd_req.o(.data)
    cfgidx                                   0x20000040   Data           1  usbd_req.o(.data)
    .data                                    0x20000044   Section      152  usbd_cdc_core.o(.data)
    usbd_cdc_AltSet                          0x20000044   Data           4  usbd_cdc_core.o(.data)
    cdcCmd                                   0x20000060   Data           4  usbd_cdc_core.o(.data)
    cdcLen                                   0x20000064   Data           4  usbd_cdc_core.o(.data)
    FrameCount                               0x200000d8   Data           4  usbd_cdc_core.o(.data)
    .data                                    0x200000dc   Section       24  stm32f401_discovery.o(.data)
    .data                                    0x200000f4   Section        6  stm32f401_discovery_lsm303dlhc.o(.data)
    .data                                    0x200000fc   Section        4  stm32f401_discovery_l3gd20.o(.data)
    .data                                    0x20000100   Section       16  stm32f4xx_rcc.o(.data)
    APBAHBPrescTable                         0x20000100   Data          16  stm32f4xx_rcc.o(.data)
    .data                                    0x20000110   Section       16  main.o(.data)
    .data                                    0x20000120   Section       20  system_stm32f4xx.o(.data)
    .data                                    0x20000134   Section       60  usbd_desc.o(.data)
    .data                                    0x20000170   Section       28  usbd_usr.o(.data)
    .data                                    0x2000018c   Section       36  usbd_cdc_vcp.o(.data)
    APP_tx_ptr_in_start                      0x200001a8   Data           4  usbd_cdc_vcp.o(.data)
    APP_tx_ptr_in_end                        0x200001ac   Data           4  usbd_cdc_vcp.o(.data)
    .data                                    0x200001b0   Section        8  motor.o(.data)
    .bss                                     0x200001b8   Section       50  usbd_req.o(.bss)
    .bss                                     0x200001ea   Section     2179  usbd_cdc_core.o(.bss)
    .bss                                     0x20000a70   Section     1624  main.o(.bss)
    .bss                                     0x200010c8   Section      144  usbd_cdc_vcp.o(.bss)
    APP_Tx_Buffer                            0x200010d8   Data         128  usbd_cdc_vcp.o(.bss)
    STACK                                    0x20001158   Section     1024  startup_stm32f401xx.o(STACK)

    Global Symbols

    Symbol Name                              Value     Ov Type        Size  Object(Section)

    BuildAttributes$$THM_ISAv4$E$P$D$K$B$S$7EM$VFPi3$EXTD16$VFPS$VFMA$PE$A:L22UL41UL21$X:L11$S22US41US21$IEEE1$IW$USESV6$~STKCKD$USESV7$~SHL$OSPACE$EBA8$MICROLIB$REQ8$PRES8$EABIv2 0x00000000   Number         0  anon$$obj.o ABSOLUTE
    __ARM_use_no_argv                        0x00000000   Number         0  main.o ABSOLUTE
    __cpp_initialize__aeabi_                  - Undefined Weak Reference
    __cxa_finalize                            - Undefined Weak Reference
    _clock_init                               - Undefined Weak Reference
    _microlib_exit                            - Undefined Weak Reference
    __Vectors_Size                           0x00000188   Number         0  startup_stm32f401xx.o ABSOLUTE
    __Vectors                                0x08000000   Data           4  startup_stm32f401xx.o(RESET)
    __Vectors_End                            0x08000188   Data           0  startup_stm32f401xx.o(RESET)
    __main                                   0x08000189   Thumb Code     0  entry.o(.ARM.Collect$$$$00000000)
    _main_stk                                0x08000189   Thumb Code     0  entry2.o(.ARM.Collect$$$$00000001)
    _main_scatterload                        0x0800018d   Thumb Code     0  entry5.o(.ARM.Collect$$$$00000004)
    __main_after_scatterload                 0x08000191   Thumb Code     0  entry5.o(.ARM.Collect$$$$00000004)
    _main_clock                              0x08000191   Thumb Code     0  entry7b.o(.ARM.Collect$$$$00000008)
    _main_cpp_init                           0x08000191   Thumb Code     0  entry8b.o(.ARM.Collect$$$$0000000A)
    _main_init                               0x08000191   Thumb Code     0  entry9a.o(.ARM.Collect$$$$0000000B)
    __rt_final_cpp                           0x08000199   Thumb Code     0  entry10a.o(.ARM.Collect$$$$0000000D)
    __rt_final_exit                          0x08000199   Thumb Code     0  entry11a.o(.ARM.Collect$$$$0000000F)
    Reset_Handler                            0x0800019d   Thumb Code     8  startup_stm32f401xx.o(.text)
    ADC_IRQHandler                           0x080001b7   Thumb Code     0  startup_stm32f401xx.o(.text)
    DMA1_Stream0_IRQHandler                  0x080001b7   Thumb Code     0  startup_stm32f401xx.o(.text)
    DMA1_Stream1_IRQHandler                  0x080001b7   Thumb Code     0  startup_stm32f401xx.o(.text)
    DMA1_Stream2_IRQHandler                  0x080001b7   Thumb Code     0  startup_stm32f401xx.o(.text)
    DMA1_Stream3_IRQHandler                  0x080001b7   Thumb Code     0  startup_stm32f401xx.o(.text)
    DMA1_Stream4_IRQHandler                  0x080001b7   Thumb Code     0  startup_stm32f401xx.o(.text)
    DMA1_Stream5_IRQHandler                  0x080001b7   Thumb Code     0  startup_stm32f401xx.o(.text)
    DMA1_Stream6_IRQHandler                  0x080001b7   Thumb Code     0  startup_stm32f401xx.o(.text)
    DMA1_Stream7_IRQHandler                  0x080001b7   Thumb Code     0  startup_stm32f401xx.o(.text)
    DMA2_Stream0_IRQHandler                  0x080001b7   Thumb Code     0  startup_stm32f401xx.o(.text)
    DMA2_Stream1_IRQHandler                  0x080001b7   Thumb Code     0  startup_stm32f401xx.o(.text)
    DMA2_Stream2_IRQHandler                  0x080001b7   Thumb Code     0  startup_stm32f401xx.o(.text)
    DMA2_Stream3_IRQHandler                  0x080001b7   Thumb Code     0  startup_stm32f401xx.o(.text)
    DMA2_Stream4_IRQHandler                  0x080001b7   Thumb Code     0  startup_stm32f401xx.o(.text)
    DMA2_Stream5_IRQHandler                  0x080001b7   Thumb Code     0  startup_stm32f401xx.o(.text)
    DMA2_Stream6_IRQHandler                  0x080001b7   Thumb Code     0  startup_stm32f401xx.o(.text)
    DMA2_Stream7_IRQHandler                  0x080001b7   Thumb Code     0  startup_stm32f401xx.o(.text)
    EXTI15_10_IRQHandler                     0x080001b7   Thumb Code     0  startup_stm32f401xx.o(.text)
    EXTI1_IRQHandler                         0x080001b7   Thumb Code     0  startup_stm32f401xx.o(.text)
    EXTI2_IRQHandler                         0x080001b7   Thumb Code     0  startup_stm32f401xx.o(.text)
    EXTI3_IRQHandler                         0x080001b7   Thumb Code     0  startup_stm32f401xx.o(.text)
    EXTI4_IRQHandler                         0x080001b7   Thumb Code     0  startup_stm32f401xx.o(.text)
    EXTI9_5_IRQHandler                       0x080001b7   Thumb Code     0  startup_stm32f401xx.o(.text)
    FLASH_IRQHandler                         0x080001b7   Thumb Code     0  startup_stm32f401xx.o(.text)
    FPU_IRQHandler                           0x080001b7   Thumb Code     0  startup_stm32f401xx.o(.text)
    I2C1_ER_IRQHandler                       0x080001b7   Thumb Code     0  startup_stm32f401xx.o(.text)
    I2C1_EV_IRQHandler                       0x080001b7   Thumb Code     0  startup_stm32f401xx.o(.text)
    I2C2_ER_IRQHandler                       0x080001b7   Thumb Code     0  startup_stm32f401xx.o(.text)
    I2C2_EV_IRQHandler                       0x080001b7   Thumb Code     0  startup_stm32f401xx.o(.text)
    I2C3_ER_IRQHandler                       0x080001b7   Thumb Code     0  startup_stm32f401xx.o(.text)
    I2C3_EV_IRQHandler                       0x080001b7   Thumb Code     0  startup_stm32f401xx.o(.text)
    PVD_IRQHandler                           0x080001b7   Thumb Code     0  startup_stm32f401xx.o(.text)
    RCC_IRQHandler                           0x080001b7   Thumb Code     0  startup_stm32f401xx.o(.text)
    RTC_Alarm_IRQHandler                     0x080001b7   Thumb Code     0  startup_stm32f401xx.o(.text)
    RTC_WKUP_IRQHandler                      0x080001b7   Thumb Code     0  startup_stm32f401xx.o(.text)
    SDIO_IRQHandler                          0x080001b7   Thumb Code     0  startup_stm32f401xx.o(.text)
    SPI1_IRQHandler                          0x080001b7   Thumb Code     0  startup_stm32f401xx.o(.text)
    SPI2_IRQHandler                          0x080001b7   Thumb Code     0  startup_stm32f401xx.o(.text)
    SPI3_IRQHandler                          0x080001b7   Thumb Code     0  startup_stm32f401xx.o(.text)
    TAMP_STAMP_IRQHandler                    0x080001b7   Thumb Code     0  startup_stm32f401xx.o(.text)
    TIM1_BRK_TIM9_IRQHandler                 0x080001b7   Thumb Code     0  startup_stm32f401xx.o(.text)
    TIM1_CC_IRQHandler                       0x080001b7   Thumb Code     0  startup_stm32f401xx.o(.text)
    TIM1_TRG_COM_TIM11_IRQHandler            0x080001b7   Thumb Code     0  startup_stm32f401xx.o(.text)
    TIM1_UP_TIM10_IRQHandler                 0x080001b7   Thumb Code     0  startup_stm32f401xx.o(.text)
    TIM2_IRQHandler                          0x080001b7   Thumb Code     0  startup_stm32f401xx.o(.text)
    TIM4_IRQHandler                          0x080001b7   Thumb Code     0  startup_stm32f401xx.o(.text)
    TIM5_IRQHandler                          0x080001b7   Thumb Code     0  startup_stm32f401xx.o(.text)
    USART1_IRQHandler                        0x080001b7   Thumb Code     0  startup_stm32f401xx.o(.text)
    USART2_IRQHandler                        0x080001b7   Thumb Code     0  startup_stm32f401xx.o(.text)
    USART6_IRQHandler                        0x080001b7   Thumb Code     0  startup_stm32f401xx.o(.text)
    WWDG_IRQHandler                          0x080001b7   Thumb Code     0  startup_stm32f401xx.o(.text)
    __scatterload                            0x080001c1   Thumb Code    28  init.o(.text)
    __scatterload_rt2                        0x080001c1   Thumb Code     0  init.o(.text)
    __decompress                             0x080001e5   Thumb Code     0  __dczerorl2.o(.text)
    __decompress1                            0x080001e5   Thumb Code    86  __dczerorl2.o(.text)
    Acc_Init                                 0x0800023b   Thumb Code   110  imu.o(i.Acc_Init)
    BusFault_Handler                         0x080002a9   Thumb Code     4  stm32fxxx_it.o(i.BusFault_Handler)
    Compass_Init                             0x080002ad   Thumb Code    72  imu.o(i.Compass_Init)
    DCD_EP_Close                             0x080002f5   Thumb Code    74  usb_dcd.o(i.DCD_EP_Close)
    DCD_EP_ClrStall                          0x0800033f   Thumb Code    72  usb_dcd.o(i.DCD_EP_ClrStall)
    DCD_EP_Open                              0x08000387   Thumb Code   104  usb_dcd.o(i.DCD_EP_Open)
    DCD_EP_PrepareRx                         0x080003ef   Thumb Code    82  usb_dcd.o(i.DCD_EP_PrepareRx)
    DCD_EP_SetAddress                        0x08000441   Thumb Code    28  usb_dcd.o(i.DCD_EP_SetAddress)
    DCD_EP_Stall                             0x0800045d   Thumb Code    72  usb_dcd.o(i.DCD_EP_Stall)
    DCD_EP_Tx                                0x080004a5   Thumb Code    78  usb_dcd.o(i.DCD_EP_Tx)
    DCD_Init                                 0x08000a8d   Thumb Code   156  usb_dcd.o(i.DCD_Init)
    DebugMon_Handler                         0x08000c39   Thumb Code     2  stm32fxxx_it.o(i.DebugMon_Handler)
    Delay                                    0x08000c3d   Thumb Code    20  main.o(i.Delay)
    EXTI0_IRQHandler                         0x08000c55   Thumb Code    14  stm32fxxx_it.o(i.EXTI0_IRQHandler)
    EXTI_ClearITPendingBit                   0x08000c69   Thumb Code     6  stm32f4xx_exti.o(i.EXTI_ClearITPendingBit)
    EXTI_Init                                0x08000c75   Thumb Code   142  stm32f4xx_exti.o(i.EXTI_Init)
    FLASH_EraseSector                        0x08000d09   Thumb Code   130  stm32f4xx_flash.o(i.FLASH_EraseSector)
    FLASH_GetStatus                          0x08000d91   Thumb Code    80  stm32f4xx_flash.o(i.FLASH_GetStatus)
    FLASH_ProgramWord                        0x08000de5   Thumb Code    74  stm32f4xx_flash.o(i.FLASH_ProgramWord)
    FLASH_WaitForLastOperation               0x08000e35   Thumb Code    34  stm32f4xx_flash.o(i.FLASH_WaitForLastOperation)
    Fail_Handler                             0x08000e59   Thumb Code    34  main.o(i.Fail_Handler)
    GPIO_Init                                0x08000e81   Thumb Code   144  stm32f4xx_gpio.o(i.GPIO_Init)
    GPIO_PinAFConfig                         0x08000f11   Thumb Code    70  stm32f4xx_gpio.o(i.GPIO_PinAFConfig)
    GPIO_ReadInputDataBit                    0x08000f57   Thumb Code    18  stm32f4xx_gpio.o(i.GPIO_ReadInputDataBit)
    GPIO_ResetBits                           0x08000f69   Thumb Code     4  stm32f4xx_gpio.o(i.GPIO_ResetBits)
    GPIO_SetBits                             0x08000f6d   Thumb Code     4  stm32f4xx_gpio.o(i.GPIO_SetBits)
    Gyro_Init                                0x08000f71   Thumb Code   106  imu.o(i.Gyro_Init)
    HardFault_Handler                        0x080010a9   Thumb Code     4  stm32fxxx_it.o(i.HardFault_Handler)
    I2C_AcknowledgeConfig                    0x080010ad   Thumb Code    24  stm32f4xx_i2c.o(i.I2C_AcknowledgeConfig)
    I2C_CheckEvent                           0x080010c5   Thumb Code    42  stm32f4xx_i2c.o(i.I2C_CheckEvent)
    I2C_ClearFlag                            0x080010ef   Thumb Code    12  stm32f4xx_i2c.o(i.I2C_ClearFlag)
    I2C_Cmd                                  0x080010fb   Thumb Code    24  stm32f4xx_i2c.o(i.I2C_Cmd)
    I2C_DeInit                               0x08001115   Thumb Code    82  stm32f4xx_i2c.o(i.I2C_DeInit)
    I2C_GenerateSTART                        0x08001175   Thumb Code    24  stm32f4xx_i2c.o(i.I2C_GenerateSTART)
    I2C_GenerateSTOP                         0x0800118d   Thumb Code    24  stm32f4xx_i2c.o(i.I2C_GenerateSTOP)
    I2C_GetFlagStatus                        0x080011a5   Thumb Code    58  stm32f4xx_i2c.o(i.I2C_GetFlagStatus)
    I2C_GetLastEvent                         0x080011df   Thumb Code    26  stm32f4xx_i2c.o(i.I2C_GetLastEvent)
    I2C_Init                                 0x080011f9   Thumb Code   218  stm32f4xx_i2c.o(i.I2C_Init)
    I2C_ReceiveData                          0x080012e1   Thumb Code     8  stm32f4xx_i2c.o(i.I2C_ReceiveData)
    I2C_Send7bitAddress                      0x080012e9   Thumb Code    16  stm32f4xx_i2c.o(i.I2C_Send7bitAddress)
    I2C_SendData                             0x080012f9   Thumb Code     4  stm32f4xx_i2c.o(i.I2C_SendData)
    Init_Clock                               0x080012fd   Thumb Code   238  main.o(i.Init_Clock)
    L3GD20_FilterCmd                         0x08001401   Thumb Code    44  stm32f401_discovery_l3gd20.o(i.L3GD20_FilterCmd)
    L3GD20_FilterConfig                      0x0800142d   Thumb Code    50  stm32f401_discovery_l3gd20.o(i.L3GD20_FilterConfig)
    L3GD20_Init                              0x0800145f   Thumb Code    76  stm32f401_discovery_l3gd20.o(i.L3GD20_Init)
    L3GD20_MEMS_Init                         0x080015e1   Thumb Code    70  imu.o(i.L3GD20_MEMS_Init)
    L3GD20_Read                              0x08001629   Thumb Code    66  stm32f401_discovery_l3gd20.o(i.L3GD20_Read)
    L3GD20_TIMEOUT_UserCallback              0x080016e5   Thumb Code    10  imu.o(i.L3GD20_TIMEOUT_UserCallback)
    L3GD20_Write                             0x080016f1   Thumb Code    58  stm32f401_discovery_l3gd20.o(i.L3GD20_Write)
    LSM303DLHC_AccFilterConfig               0x08001731   Thumb Code    62  stm32f401_discovery_lsm303dlhc.o(i.LSM303DLHC_AccFilterConfig)
    LSM303DLHC_AccInit                       0x0800176f   Thumb Code    80  stm32f401_discovery_lsm303dlhc.o(i.LSM303DLHC_AccInit)
    LSM303DLHC_I2C_Config                    0x080017c1   Thumb Code   162  stm32f401_discovery_lsm303dlhc.o(i.LSM303DLHC_I2C_Config)
    LSM303DLHC_MEMS_Init                     0x0800199d   Thumb Code   122  imu.o(i.LSM303DLHC_MEMS_Init)
    LSM303DLHC_MagInit                       0x08001a17   Thumb Code    88  stm32f401_discovery_lsm303dlhc.o(i.LSM303DLHC_MagInit)
    LSM303DLHC_Read                          0x08001a71   Thumb Code   728  stm32f401_discovery_lsm303dlhc.o(i.LSM303DLHC_Read)
    LSM303DLHC_Write                         0x08001d5d   Thumb Code   336  stm32f401_discovery_lsm303dlhc.o(i.LSM303DLHC_Write)
    MemManage_Handler                        0x08001ec1   Thumb Code     4  stm32fxxx_it.o(i.MemManage_Handler)
    My_Left_Speed_Down                       0x08001ec5   Thumb Code   126  motor.o(i.My_Left_Speed_Down)
    My_Left_Speed_Up                         0x08001f4d   Thumb Code   122  motor.o(i.My_Left_Speed_Up)
    My_Right_Speed_Down                      0x08001fd1   Thumb Code   126  motor.o(i.My_Right_Speed_Down)
    My_Right_Speed_Up                        0x08002059   Thumb Code   124  motor.o(i.My_Right_Speed_Up)
    My_UD_Init                               0x080020e1   Thumb Code    86  motor.o(i.My_UD_Init)
    My_UD_Reset                              0x0800213d   Thumb Code    72  motor.o(i.My_UD_Reset)
    NMI_Handler                              0x0800218d   Thumb Code     2  stm32fxxx_it.o(i.NMI_Handler)
    NVIC_Init                                0x08002191   Thumb Code   106  misc.o(i.NVIC_Init)
    NVIC_PriorityGroupConfig                 0x08002209   Thumb Code    10  misc.o(i.NVIC_PriorityGroupConfig)
    OTG_FS_IRQHandler                        0x0800221d   Thumb Code    10  stm32fxxx_it.o(i.OTG_FS_IRQHandler)
    OTG_FS_WKUP_IRQHandler                   0x0800222d   Thumb Code    40  stm32fxxx_it.o(i.OTG_FS_WKUP_IRQHandler)
    PendSV_Handler                           0x0800225d   Thumb Code     2  stm32fxxx_it.o(i.PendSV_Handler)
    Potentialmeter_SetValue                  0x0800225f   Thumb Code    54  motor.o(i.Potentialmeter_SetValue)
    RCC_AHB1PeriphClockCmd                   0x08002295   Thumb Code    26  stm32f4xx_rcc.o(i.RCC_AHB1PeriphClockCmd)
    RCC_AHB2PeriphClockCmd                   0x080022b5   Thumb Code    26  stm32f4xx_rcc.o(i.RCC_AHB2PeriphClockCmd)
    RCC_APB1PeriphClockCmd                   0x080022d5   Thumb Code    26  stm32f4xx_rcc.o(i.RCC_APB1PeriphClockCmd)
    RCC_APB1PeriphResetCmd                   0x080022f5   Thumb Code    26  stm32f4xx_rcc.o(i.RCC_APB1PeriphResetCmd)
    RCC_APB2PeriphClockCmd                   0x08002315   Thumb Code    26  stm32f4xx_rcc.o(i.RCC_APB2PeriphClockCmd)
    RCC_APB2PeriphResetCmd                   0x08002335   Thumb Code    26  stm32f4xx_rcc.o(i.RCC_APB2PeriphResetCmd)
    RCC_GetClocksFreq                        0x08002355   Thumb Code   214  stm32f4xx_rcc.o(i.RCC_GetClocksFreq)
    Read_Acc                                 0x0800243d   Thumb Code   320  imu.o(i.Read_Acc)
    Read_Compass                             0x08002581   Thumb Code   196  imu.o(i.Read_Compass)
    Read_Gyro                                0x08002645   Thumb Code   194  imu.o(i.Read_Gyro)
    SPI_Cmd                                  0x08002707   Thumb Code    24  stm32f4xx_spi.o(i.SPI_Cmd)
    SPI_I2S_DeInit                           0x08002721   Thumb Code   152  stm32f4xx_spi.o(i.SPI_I2S_DeInit)
    SPI_I2S_GetFlagStatus                    0x080027d1   Thumb Code    18  stm32f4xx_spi.o(i.SPI_I2S_GetFlagStatus)
    SPI_I2S_ReceiveData                      0x080027e3   Thumb Code     6  stm32f4xx_spi.o(i.SPI_I2S_ReceiveData)
    SPI_I2S_SendData                         0x080027e9   Thumb Code     4  stm32f4xx_spi.o(i.SPI_I2S_SendData)
    SPI_Init                                 0x080027ed   Thumb Code    60  stm32f4xx_spi.o(i.SPI_Init)
    STM_EVAL_LEDInit                         0x08002829   Thumb Code    62  stm32f401_discovery.o(i.STM_EVAL_LEDInit)
    STM_EVAL_LEDOff                          0x08002875   Thumb Code    16  stm32f401_discovery.o(i.STM_EVAL_LEDOff)
    STM_EVAL_LEDOn                           0x0800288d   Thumb Code    16  stm32f401_discovery.o(i.STM_EVAL_LEDOn)
    STM_EVAL_LEDToggle                       0x080028a5   Thumb Code    26  stm32f401_discovery.o(i.STM_EVAL_LEDToggle)
    STM_EVAL_PBGetState                      0x080028c9   Thumb Code    22  stm32f401_discovery.o(i.STM_EVAL_PBGetState)
    STM_EVAL_PBInit                          0x080028e9   Thumb Code   140  stm32f401_discovery.o(i.STM_EVAL_PBInit)
    SVC_Handler                              0x08002991   Thumb Code     2  stm32fxxx_it.o(i.SVC_Handler)
    SYSCFG_EXTILineConfig                    0x08002995   Thumb Code    60  stm32f4xx_syscfg.o(i.SYSCFG_EXTILineConfig)
    Send_IMU_Info                            0x080029d5   Thumb Code    78  main.o(i.Send_IMU_Info)
    Set_Left_Speed                           0x08002b11   Thumb Code    50  motor.o(i.Set_Left_Speed)
    Set_Right_Speed                          0x08002b49   Thumb Code    50  motor.o(i.Set_Right_Speed)
    SysTick_Handler                          0x08002b81   Thumb Code     8  stm32fxxx_it.o(i.SysTick_Handler)
    SystemInit                               0x08002b89   Thumb Code    88  system_stm32f4xx.o(i.SystemInit)
    TIM3_IRQHandler                          0x08002bf1   Thumb Code    56  stm32fxxx_it.o(i.TIM3_IRQHandler)
    TIM_ClearITPendingBit                    0x08002c31   Thumb Code     6  stm32f4xx_tim.o(i.TIM_ClearITPendingBit)
    TIM_Cmd                                  0x08002c37   Thumb Code    24  stm32f4xx_tim.o(i.TIM_Cmd)
    TIM_GetCapture1                          0x08002c4f   Thumb Code     6  stm32f4xx_tim.o(i.TIM_GetCapture1)
    TIM_GetITStatus                          0x08002c55   Thumb Code    34  stm32f4xx_tim.o(i.TIM_GetITStatus)
    TIM_ITConfig                             0x08002c77   Thumb Code    18  stm32f4xx_tim.o(i.TIM_ITConfig)
    TIM_OC1Init                              0x08002c89   Thumb Code   114  stm32f4xx_tim.o(i.TIM_OC1Init)
    TIM_OC1PreloadConfig                     0x08002d05   Thumb Code    18  stm32f4xx_tim.o(i.TIM_OC1PreloadConfig)
    TIM_PrescalerConfig                      0x08002d17   Thumb Code     6  stm32f4xx_tim.o(i.TIM_PrescalerConfig)
    TIM_SetCompare1                          0x08002d1d   Thumb Code     4  stm32f4xx_tim.o(i.TIM_SetCompare1)
    TIM_TimeBaseInit                         0x08002d21   Thumb Code   104  stm32f4xx_tim.o(i.TIM_TimeBaseInit)
    TimingDelay_Decrement                    0x08002da5   Thumb Code    18  main.o(i.TimingDelay_Decrement)
    USBD_ClrCfg                              0x08002dbd   Thumb Code    22  usbd_core.o(i.USBD_ClrCfg)
    USBD_CtlContinueRx                       0x08002e1b   Thumb Code    30  usbd_ioreq.o(i.USBD_CtlContinueRx)
    USBD_CtlContinueSendData                 0x08002e39   Thumb Code    30  usbd_ioreq.o(i.USBD_CtlContinueSendData)
    USBD_CtlError                            0x08002e57   Thumb Code    30  usbd_req.o(i.USBD_CtlError)
    USBD_CtlPrepareRx                        0x08002e75   Thumb Code    46  usbd_ioreq.o(i.USBD_CtlPrepareRx)
    USBD_CtlReceiveStatus                    0x08002ea3   Thumb Code    36  usbd_ioreq.o(i.USBD_CtlReceiveStatus)
    USBD_CtlSendData                         0x08002ec7   Thumb Code    46  usbd_ioreq.o(i.USBD_CtlSendData)
    USBD_CtlSendStatus                       0x08002ef5   Thumb Code    36  usbd_ioreq.o(i.USBD_CtlSendStatus)
    USBD_DeInit                              0x0800307f   Thumb Code     6  usbd_core.o(i.USBD_DeInit)
    USBD_GetString                           0x08003261   Thumb Code    82  usbd_req.o(i.USBD_GetString)
    USBD_Init                                0x080032b3   Thumb Code    66  usbd_core.o(i.USBD_Init)
    USBD_OTG_ISR_Handler                     0x08003319   Thumb Code   224  usb_dcd_int.o(i.USBD_OTG_ISR_Handler)
    USBD_ParseSetupRequest                   0x080033f9   Thumb Code    72  usbd_req.o(i.USBD_ParseSetupRequest)
    USBD_SetCfg                              0x0800351b   Thumb Code    30  usbd_core.o(i.USBD_SetCfg)
    USBD_StdDevReq                           0x08003701   Thumb Code   114  usbd_req.o(i.USBD_StdDevReq)
    USBD_StdEPReq                            0x08003775   Thumb Code   344  usbd_req.o(i.USBD_StdEPReq)
    USBD_StdItfReq                           0x080038d1   Thumb Code    76  usbd_req.o(i.USBD_StdItfReq)
    USBD_USR_ConfigStrDescriptor             0x0800393d   Thumb Code    34  usbd_desc.o(i.USBD_USR_ConfigStrDescriptor)
    USBD_USR_DeviceConfigured                0x08003971   Thumb Code     2  usbd_usr.o(i.USBD_USR_DeviceConfigured)
    USBD_USR_DeviceConnected                 0x08003973   Thumb Code     2  usbd_usr.o(i.USBD_USR_DeviceConnected)
    USBD_USR_DeviceDescriptor                0x08003975   Thumb Code    10  usbd_desc.o(i.USBD_USR_DeviceDescriptor)
    USBD_USR_DeviceDisconnected              0x08003985   Thumb Code     2  usbd_usr.o(i.USBD_USR_DeviceDisconnected)
    USBD_USR_DeviceReset                     0x08003987   Thumb Code    18  usbd_usr.o(i.USBD_USR_DeviceReset)
    USBD_USR_DeviceResumed                   0x08003999   Thumb Code     2  usbd_usr.o(i.USBD_USR_DeviceResumed)
    USBD_USR_DeviceSuspended                 0x0800399b   Thumb Code     2  usbd_usr.o(i.USBD_USR_DeviceSuspended)
    USBD_USR_Init                            0x0800399d   Thumb Code    88  usbd_usr.o(i.USBD_USR_Init)
    USBD_USR_InterfaceStrDescriptor          0x08003a01   Thumb Code    34  usbd_desc.o(i.USBD_USR_InterfaceStrDescriptor)
    USBD_USR_LangIDStrDescriptor             0x08003a39   Thumb Code    10  usbd_desc.o(i.USBD_USR_LangIDStrDescriptor)
    USBD_USR_ManufacturerStrDescriptor       0x08003a49   Thumb Code    20  usbd_desc.o(i.USBD_USR_ManufacturerStrDescriptor)
    USBD_USR_ProductStrDescriptor            0x08003a75   Thumb Code    34  usbd_desc.o(i.USBD_USR_ProductStrDescriptor)
    USBD_USR_SerialStrDescriptor             0x08003ae5   Thumb Code    34  usbd_desc.o(i.USBD_USR_SerialStrDescriptor)
    USB_OTG_BSP_EnableInterrupt              0x08003b3d   Thumb Code    44  usb_bsp.o(i.USB_OTG_BSP_EnableInterrupt)
    USB_OTG_BSP_Init                         0x08003b69   Thumb Code   168  usb_bsp.o(i.USB_OTG_BSP_Init)
    USB_OTG_BSP_mDelay                       0x08003c15   Thumb Code    18  usb_bsp.o(i.USB_OTG_BSP_mDelay)
    USB_OTG_BSP_uDelay                       0x08003c27   Thumb Code    30  usb_bsp.o(i.USB_OTG_BSP_uDelay)
    USB_OTG_CoreInit                         0x08003c45   Thumb Code   294  usb_core.o(i.USB_OTG_CoreInit)
    USB_OTG_CoreInitDev                      0x08003d6b   Thumb Code   522  usb_core.o(i.USB_OTG_CoreInitDev)
    USB_OTG_DisableGlobalInt                 0x08003fe5   Thumb Code    34  usb_core.o(i.USB_OTG_DisableGlobalInt)
    USB_OTG_EP0Activate                      0x08004007   Thumb Code   106  usb_core.o(i.USB_OTG_EP0Activate)
    USB_OTG_EP0StartXfer                     0x08004071   Thumb Code   342  usb_core.o(i.USB_OTG_EP0StartXfer)
    USB_OTG_EP0_OutStart                     0x080041c7   Thumb Code    98  usb_core.o(i.USB_OTG_EP0_OutStart)
    USB_OTG_EPActivate                       0x08004229   Thumb Code   152  usb_core.o(i.USB_OTG_EPActivate)
    USB_OTG_EPClearStall                     0x080042c1   Thumb Code    80  usb_core.o(i.USB_OTG_EPClearStall)
    USB_OTG_EPDeactivate                     0x08004311   Thumb Code    94  usb_core.o(i.USB_OTG_EPDeactivate)
    USB_OTG_EPSetStall                       0x0800436f   Thumb Code   100  usb_core.o(i.USB_OTG_EPSetStall)
    USB_OTG_EPStartXfer                      0x080043d3   Thumb Code   502  usb_core.o(i.USB_OTG_EPStartXfer)
    USB_OTG_EnableDevInt                     0x080045fd   Thumb Code   154  usb_core.o(i.USB_OTG_EnableDevInt)
    USB_OTG_EnableGlobalInt                  0x08004697   Thumb Code    34  usb_core.o(i.USB_OTG_EnableGlobalInt)
    USB_OTG_FlushRxFifo                      0x080046b9   Thumb Code    70  usb_core.o(i.USB_OTG_FlushRxFifo)
    USB_OTG_FlushTxFifo                      0x08004705   Thumb Code    80  usb_core.o(i.USB_OTG_FlushTxFifo)
    USB_OTG_GetDeviceSpeed                   0x08004759   Thumb Code    52  usb_core.o(i.USB_OTG_GetDeviceSpeed)
    USB_OTG_GetMode                          0x0800478d   Thumb Code    12  usb_core.o(i.USB_OTG_GetMode)
    USB_OTG_InitDevSpeed                     0x08004799   Thumb Code    24  usb_core.o(i.USB_OTG_InitDevSpeed)
    USB_OTG_IsDeviceMode                     0x080047b1   Thumb Code    22  usb_core.o(i.USB_OTG_IsDeviceMode)
    USB_OTG_ReadCoreItr                      0x080047c7   Thumb Code    16  usb_core.o(i.USB_OTG_ReadCoreItr)
    USB_OTG_ReadDevAllInEPItr                0x080047d7   Thumb Code    16  usb_core.o(i.USB_OTG_ReadDevAllInEPItr)
    USB_OTG_ReadDevAllOutEp_itr              0x080047e7   Thumb Code    16  usb_core.o(i.USB_OTG_ReadDevAllOutEp_itr)
    USB_OTG_ReadDevOutEP_itr                 0x080047f7   Thumb Code    20  usb_core.o(i.USB_OTG_ReadDevOutEP_itr)
    USB_OTG_ReadPacket                       0x0800480b   Thumb Code    40  usb_core.o(i.USB_OTG_ReadPacket)
    USB_OTG_SelectCore                       0x08004835   Thumb Code   204  usb_core.o(i.USB_OTG_SelectCore)
    USB_OTG_SetCurrentMode                   0x08004905   Thumb Code    78  usb_core.o(i.USB_OTG_SetCurrentMode)
    USB_OTG_UngateClock                      0x08004953   Thumb Code    54  usb_core.o(i.USB_OTG_UngateClock)
    USB_OTG_WritePacket                      0x08004989   Thumb Code    64  usb_core.o(i.USB_OTG_WritePacket)
    UsageFault_Handler                       0x080049c9   Thumb Code     4  stm32fxxx_it.o(i.UsageFault_Handler)
    VCP_receive_string                       0x08004aed   Thumb Code   152  usbd_cdc_vcp.o(i.VCP_receive_string)
    VCP_send_IMU_All                         0x08004b91   Thumb Code   182  usbd_cdc_vcp.o(i.VCP_send_IMU_All)
    VCP_send_IMU_Multi                       0x08004c47   Thumb Code    76  usbd_cdc_vcp.o(i.VCP_send_IMU_Multi)
    VCP_send_IMU_Single                      0x08004c93   Thumb Code    44  usbd_cdc_vcp.o(i.VCP_send_IMU_Single)
    __scatterload_copy                       0x08004cbf   Thumb Code    14  handlers.o(i.__scatterload_copy)
    __scatterload_null                       0x08004ccd   Thumb Code     2  handlers.o(i.__scatterload_null)
    __scatterload_zeroinit                   0x08004ccf   Thumb Code    14  handlers.o(i.__scatterload_zeroinit)
    main                                     0x08004cdd   Thumb Code   254  main.o(i.main)
    run_function1                            0x08004df5   Thumb Code   610  main.o(i.run_function1)
    run_function2                            0x0800505d   Thumb Code   600  main.o(i.run_function2)
    wait                                     0x08005555   Thumb Code    24  utility.o(i.wait)
    GPIO_PIN                                 0x0800556c   Data           8  stm32f401_discovery.o(.constdata)
    GPIO_CLK                                 0x08005574   Data          16  stm32f401_discovery.o(.constdata)
    BUTTON_PIN                               0x08005584   Data           2  stm32f401_discovery.o(.constdata)
    BUTTON_CLK                               0x08005588   Data           4  stm32f401_discovery.o(.constdata)
    BUTTON_EXTI_LINE                         0x0800558c   Data           2  stm32f401_discovery.o(.constdata)
    BUTTON_PORT_SOURCE                       0x0800558e   Data           1  stm32f401_discovery.o(.constdata)
    BUTTON_PIN_SOURCE                        0x0800558f   Data           1  stm32f401_discovery.o(.constdata)
    BUTTON_IRQn                              0x08005590   Data           1  stm32f401_discovery.o(.constdata)
    Region$$Table$$Base                      0x08005594   Number         0  anon$$obj.o(Region$$Table)
    Region$$Table$$Limit                     0x080055b4   Number         0  anon$$obj.o(Region$$Table)
    SET_TEST_MODE                            0x20000000   Data           4  usbd_core.o(.data)
    USBD_DCD_INT_cb                          0x20000004   Data          44  usbd_core.o(.data)
    USBD_DCD_INT_fops                        0x20000030   Data           4  usbd_core.o(.data)
    USBD_ep_status                           0x20000034   Data           4  usbd_req.o(.data)
    USBD_default_cfg                         0x20000038   Data           4  usbd_req.o(.data)
    USBD_cfg_status                          0x2000003c   Data           4  usbd_req.o(.data)
    CmdBuff                                  0x20000048   Data           8  usbd_cdc_core.o(.data)
    APP_Rx_ptr_in                            0x20000050   Data           4  usbd_cdc_core.o(.data)
    APP_Rx_ptr_out                           0x20000054   Data           4  usbd_cdc_core.o(.data)
    APP_Rx_length                            0x20000058   Data           4  usbd_cdc_core.o(.data)
    USB_Tx_State                             0x2000005c   Data           1  usbd_cdc_core.o(.data)
    USBD_CDC_cb                              0x20000068   Data          44  usbd_cdc_core.o(.data)
    usbd_cdc_CfgDesc                         0x20000094   Data          67  usbd_cdc_core.o(.data)
    GPIO_PORT                                0x200000dc   Data          16  stm32f401_discovery.o(.data)
    BUTTON_PORT                              0x200000ec   Data           4  stm32f401_discovery.o(.data)
    NVIC_InitStructure                       0x200000f0   Data           4  stm32f401_discovery.o(.data)
    LSM303DLHC_Timeout                       0x200000f4   Data           4  stm32f401_discovery_lsm303dlhc.o(.data)
    LSM303DLHC_Address                       0x200000f8   Data           2  stm32f401_discovery_lsm303dlhc.o(.data)
    L3GD20Timeout                            0x200000fc   Data           4  stm32f401_discovery_l3gd20.o(.data)
    UserButtonPressed                        0x20000110   Data           1  main.o(.data)
    Button_state                             0x20000111   Data           1  main.o(.data)
    TimingDelay                              0x20000114   Data           4  main.o(.data)
    Sample_time                              0x20000118   Data           2  main.o(.data)
    i                                        0x2000011c   Data           4  main.o(.data)
    SystemCoreClock                          0x20000120   Data           4  system_stm32f4xx.o(.data)
    AHBPrescTable                            0x20000124   Data          16  system_stm32f4xx.o(.data)
    USR_desc                                 0x20000134   Data          28  usbd_desc.o(.data)
    USBD_DeviceDesc                          0x20000150   Data          18  usbd_desc.o(.data)
    USBD_DeviceQualifierDesc                 0x20000162   Data          10  usbd_desc.o(.data)
    USBD_LangIDDesc                          0x2000016c   Data           4  usbd_desc.o(.data)
    USR_cb                                   0x20000170   Data          28  usbd_usr.o(.data)
    linecoding                               0x2000018c   Data           8  usbd_cdc_vcp.o(.data)
    VCP_fops                                 0x20000194   Data          20  usbd_cdc_vcp.o(.data)
    left_speed                               0x200001b0   Data           4  motor.o(.data)
    right_speed                              0x200001b4   Data           4  motor.o(.data)
    USBD_StrDesc                             0x200001b8   Data          50  usbd_req.o(.bss)
    usbd_cdc_OtherCfgDesc                    0x200001ea   Data          67  usbd_cdc_core.o(.bss)
    USB_Rx_Buffer                            0x2000022d   Data          64  usbd_cdc_core.o(.bss)
    APP_Rx_Buffer                            0x2000026d   Data        2048  usbd_cdc_core.o(.bss)
    USB_OTG_dev                              0x20000a70   Data        1524  main.o(.bss)
    buffer                                   0x20001064   Data         100  main.o(.bss)
    USART_InitStructure                      0x200010c8   Data          16  usbd_cdc_vcp.o(.bss)
    __initial_sp                             0x20001558   Data           0  startup_stm32f401xx.o(STACK)



==============================================================================

Memory Map of the image

  Image Entry point : 0x08000189

  Load Region LR_IROM1 (Base: 0x08000000, Size: 0x0000576c, Max: 0x00040000, ABSOLUTE, COMPRESSED[0x000056b8])

    Execution Region ER_IROM1 (Base: 0x08000000, Size: 0x000055b4, Max: 0x00040000, ABSOLUTE)

    Base Addr    Size         Type   Attr      Idx    E Section Name        Object

    0x08000000   0x00000188   Data   RO            3    RESET               startup_stm32f401xx.o
    0x08000188   0x00000000   Code   RO         4315  * .ARM.Collect$$$$00000000  mc_w.l(entry.o)
    0x08000188   0x00000004   Code   RO         4318    .ARM.Collect$$$$00000001  mc_w.l(entry2.o)
    0x0800018c   0x00000004   Code   RO         4321    .ARM.Collect$$$$00000004  mc_w.l(entry5.o)
    0x08000190   0x00000000   Code   RO         4323    .ARM.Collect$$$$00000008  mc_w.l(entry7b.o)
    0x08000190   0x00000000   Code   RO         4325    .ARM.Collect$$$$0000000A  mc_w.l(entry8b.o)
    0x08000190   0x00000008   Code   RO         4326    .ARM.Collect$$$$0000000B  mc_w.l(entry9a.o)
    0x08000198   0x00000000   Code   RO         4328    .ARM.Collect$$$$0000000D  mc_w.l(entry10a.o)
    0x08000198   0x00000000   Code   RO         4330    .ARM.Collect$$$$0000000F  mc_w.l(entry11a.o)
    0x08000198   0x00000004   Code   RO         4319    .ARM.Collect$$$$00002712  mc_w.l(entry2.o)
    0x0800019c   0x00000024   Code   RO            4    .text               startup_stm32f401xx.o
    0x080001c0   0x00000024   Code   RO         4332    .text               mc_w.l(init.o)
    0x080001e4   0x00000056   Code   RO         4342    .text               mc_w.l(__dczerorl2.o)
    0x0800023a   0x0000006e   Code   RO         4198    i.Acc_Init          imu.o
    0x080002a8   0x00000004   Code   RO         3878    i.BusFault_Handler  stm32fxxx_it.o
    0x080002ac   0x00000048   Code   RO         4199    i.Compass_Init      imu.o
    0x080002f4   0x0000004a   Code   RO          703    i.DCD_EP_Close      usb_dcd.o
    0x0800033e   0x00000048   Code   RO          704    i.DCD_EP_ClrStall   usb_dcd.o
    0x08000386   0x00000068   Code   RO          706    i.DCD_EP_Open       usb_dcd.o
    0x080003ee   0x00000052   Code   RO          707    i.DCD_EP_PrepareRx  usb_dcd.o
    0x08000440   0x0000001c   Code   RO          708    i.DCD_EP_SetAddress  usb_dcd.o
    0x0800045c   0x00000048   Code   RO          709    i.DCD_EP_Stall      usb_dcd.o
    0x080004a4   0x0000004e   Code   RO          710    i.DCD_EP_Tx         usb_dcd.o
    0x080004f2   0x00000066   Code   RO          793    i.DCD_HandleEnumDone_ISR  usb_dcd_int.o
    0x08000558   0x00000144   Code   RO          794    i.DCD_HandleInEP_ISR  usb_dcd_int.o
    0x0800069c   0x00000100   Code   RO          795    i.DCD_HandleOutEP_ISR  usb_dcd_int.o
    0x0800079c   0x00000068   Code   RO          796    i.DCD_HandleResume_ISR  usb_dcd_int.o
    0x08000804   0x000000b0   Code   RO          797    i.DCD_HandleRxStatusQueueLevel_ISR  usb_dcd_int.o
    0x080008b4   0x0000002c   Code   RO          798    i.DCD_HandleSof_ISR  usb_dcd_int.o
    0x080008e0   0x000000a8   Code   RO          799    i.DCD_HandleUSBSuspend_ISR  usb_dcd_int.o
    0x08000988   0x00000104   Code   RO          800    i.DCD_HandleUsbReset_ISR  usb_dcd_int.o
    0x08000a8c   0x0000009c   Code   RO          712    i.DCD_Init          usb_dcd.o
    0x08000b28   0x0000002c   Code   RO          801    i.DCD_IsoINIncomplete_ISR  usb_dcd_int.o
    0x08000b54   0x0000002c   Code   RO          802    i.DCD_IsoOUTIncomplete_ISR  usb_dcd_int.o
    0x08000b80   0x00000028   Code   RO          803    i.DCD_ReadDevInEP   usb_dcd_int.o
    0x08000ba8   0x00000090   Code   RO          804    i.DCD_WriteEmptyTxFifo  usb_dcd_int.o
    0x08000c38   0x00000002   Code   RO         3879    i.DebugMon_Handler  stm32fxxx_it.o
    0x08000c3a   0x00000002   PAD
    0x08000c3c   0x00000018   Code   RO         3524    i.Delay             main.o
    0x08000c54   0x00000014   Code   RO         3880    i.EXTI0_IRQHandler  stm32fxxx_it.o
    0x08000c68   0x0000000c   Code   RO         1777    i.EXTI_ClearITPendingBit  stm32f4xx_exti.o
    0x08000c74   0x00000094   Code   RO         1782    i.EXTI_Init         stm32f4xx_exti.o
    0x08000d08   0x00000088   Code   RO         1844    i.FLASH_EraseSector  stm32f4xx_flash.o
    0x08000d90   0x00000054   Code   RO         1846    i.FLASH_GetStatus   stm32f4xx_flash.o
    0x08000de4   0x00000050   Code   RO         1874    i.FLASH_ProgramWord  stm32f4xx_flash.o
    0x08000e34   0x00000022   Code   RO         1877    i.FLASH_WaitForLastOperation  stm32f4xx_flash.o
    0x08000e56   0x00000002   PAD
    0x08000e58   0x00000028   Code   RO         3525    i.Fail_Handler      main.o
    0x08000e80   0x00000090   Code   RO         2093    i.GPIO_Init         stm32f4xx_gpio.o
    0x08000f10   0x00000046   Code   RO         2094    i.GPIO_PinAFConfig  stm32f4xx_gpio.o
    0x08000f56   0x00000012   Code   RO         2097    i.GPIO_ReadInputDataBit  stm32f4xx_gpio.o
    0x08000f68   0x00000004   Code   RO         2100    i.GPIO_ResetBits    stm32f4xx_gpio.o
    0x08000f6c   0x00000004   Code   RO         2101    i.GPIO_SetBits      stm32f4xx_gpio.o
    0x08000f70   0x0000006a   Code   RO         4201    i.Gyro_Init         imu.o
    0x08000fda   0x00000002   PAD
    0x08000fdc   0x000000cc   Code   RO          402    i.Handle_USBAsynchXfer  usbd_cdc_core.o
    0x080010a8   0x00000004   Code   RO         3881    i.HardFault_Handler  stm32fxxx_it.o
    0x080010ac   0x00000018   Code   RO         2191    i.I2C_AcknowledgeConfig  stm32f4xx_i2c.o
    0x080010c4   0x0000002a   Code   RO         2194    i.I2C_CheckEvent    stm32f4xx_i2c.o
    0x080010ee   0x0000000c   Code   RO         2195    i.I2C_ClearFlag     stm32f4xx_i2c.o
    0x080010fa   0x00000018   Code   RO         2197    i.I2C_Cmd           stm32f4xx_i2c.o
    0x08001112   0x00000002   PAD
    0x08001114   0x00000060   Code   RO         2200    i.I2C_DeInit        stm32f4xx_i2c.o
    0x08001174   0x00000018   Code   RO         2205    i.I2C_GenerateSTART  stm32f4xx_i2c.o
    0x0800118c   0x00000018   Code   RO         2206    i.I2C_GenerateSTOP  stm32f4xx_i2c.o
    0x080011a4   0x0000003a   Code   RO         2207    i.I2C_GetFlagStatus  stm32f4xx_i2c.o
    0x080011de   0x0000001a   Code   RO         2209    i.I2C_GetLastEvent  stm32f4xx_i2c.o
    0x080011f8   0x000000e8   Code   RO         2212    i.I2C_Init          stm32f4xx_i2c.o
    0x080012e0   0x00000008   Code   RO         2217    i.I2C_ReceiveData   stm32f4xx_i2c.o
    0x080012e8   0x00000010   Code   RO         2219    i.I2C_Send7bitAddress  stm32f4xx_i2c.o
    0x080012f8   0x00000004   Code   RO         2220    i.I2C_SendData      stm32f4xx_i2c.o
    0x080012fc   0x00000104   Code   RO         3526    i.Init_Clock        main.o
    0x08001400   0x0000002c   Code   RO         1055    i.L3GD20_FilterCmd  stm32f401_discovery_l3gd20.o
    0x0800142c   0x00000032   Code   RO         1056    i.L3GD20_FilterConfig  stm32f401_discovery_l3gd20.o
    0x0800145e   0x0000004c   Code   RO         1061    i.L3GD20_Init       stm32f401_discovery_l3gd20.o
    0x080014aa   0x00000002   PAD
    0x080014ac   0x00000134   Code   RO         1062    i.L3GD20_LowLevel_Init  stm32f401_discovery_l3gd20.o
    0x080015e0   0x00000046   Code   RO         4202    i.L3GD20_MEMS_Init  imu.o
    0x08001626   0x00000002   PAD
    0x08001628   0x00000048   Code   RO         1063    i.L3GD20_Read       stm32f401_discovery_l3gd20.o
    0x08001670   0x00000074   Code   RO         1065    i.L3GD20_SendByte   stm32f401_discovery_l3gd20.o
    0x080016e4   0x0000000a   Code   RO         4203    i.L3GD20_TIMEOUT_UserCallback  imu.o
    0x080016ee   0x00000002   PAD
    0x080016f0   0x00000040   Code   RO         1066    i.L3GD20_Write      stm32f401_discovery_l3gd20.o
    0x08001730   0x0000003e   Code   RO          937    i.LSM303DLHC_AccFilterConfig  stm32f401_discovery_lsm303dlhc.o
    0x0800176e   0x00000050   Code   RO          943    i.LSM303DLHC_AccInit  stm32f401_discovery_lsm303dlhc.o
    0x080017be   0x00000002   PAD
    0x080017c0   0x000000b0   Code   RO          945    i.LSM303DLHC_I2C_Config  stm32f401_discovery_lsm303dlhc.o
    0x08001870   0x0000012c   Code   RO          946    i.LSM303DLHC_LowLevel_Init  stm32f401_discovery_lsm303dlhc.o
    0x0800199c   0x0000007a   Code   RO         4206    i.LSM303DLHC_MEMS_Init  imu.o
    0x08001a16   0x00000058   Code   RO          948    i.LSM303DLHC_MagInit  stm32f401_discovery_lsm303dlhc.o
    0x08001a6e   0x00000002   PAD
    0x08001a70   0x000002ec   Code   RO          949    i.LSM303DLHC_Read   stm32f401_discovery_lsm303dlhc.o
    0x08001d5c   0x00000164   Code   RO          950    i.LSM303DLHC_Write  stm32f401_discovery_lsm303dlhc.o
    0x08001ec0   0x00000004   Code   RO         3882    i.MemManage_Handler  stm32fxxx_it.o
    0x08001ec4   0x00000088   Code   RO         4101    i.My_Left_Speed_Down  motor.o
    0x08001f4c   0x00000084   Code   RO         4102    i.My_Left_Speed_Up  motor.o
    0x08001fd0   0x00000088   Code   RO         4103    i.My_Right_Speed_Down  motor.o
    0x08002058   0x00000088   Code   RO         4104    i.My_Right_Speed_Up  motor.o
    0x080020e0   0x0000005c   Code   RO         4106    i.My_UD_Init        motor.o
    0x0800213c   0x00000050   Code   RO         4107    i.My_UD_Reset       motor.o
    0x0800218c   0x00000002   Code   RO         3883    i.NMI_Handler       stm32fxxx_it.o
    0x0800218e   0x00000002   PAD
    0x08002190   0x00000078   Code   RO         1246    i.NVIC_Init         misc.o
    0x08002208   0x00000014   Code   RO         1247    i.NVIC_PriorityGroupConfig  misc.o
    0x0800221c   0x00000010   Code   RO         3884    i.OTG_FS_IRQHandler  stm32fxxx_it.o
    0x0800222c   0x00000030   Code   RO         3885    i.OTG_FS_WKUP_IRQHandler  stm32fxxx_it.o
    0x0800225c   0x00000002   Code   RO         3886    i.PendSV_Handler    stm32fxxx_it.o
    0x0800225e   0x00000036   Code   RO         4108    i.Potentialmeter_SetValue  motor.o
    0x08002294   0x00000020   Code   RO         2414    i.RCC_AHB1PeriphClockCmd  stm32f4xx_rcc.o
    0x080022b4   0x00000020   Code   RO         2417    i.RCC_AHB2PeriphClockCmd  stm32f4xx_rcc.o
    0x080022d4   0x00000020   Code   RO         2423    i.RCC_APB1PeriphClockCmd  stm32f4xx_rcc.o
    0x080022f4   0x00000020   Code   RO         2425    i.RCC_APB1PeriphResetCmd  stm32f4xx_rcc.o
    0x08002314   0x00000020   Code   RO         2426    i.RCC_APB2PeriphClockCmd  stm32f4xx_rcc.o
    0x08002334   0x00000020   Code   RO         2428    i.RCC_APB2PeriphResetCmd  stm32f4xx_rcc.o
    0x08002354   0x000000e8   Code   RO         2435    i.RCC_GetClocksFreq  stm32f4xx_rcc.o
    0x0800243c   0x00000144   Code   RO         4208    i.Read_Acc          imu.o
    0x08002580   0x000000c4   Code   RO         4209    i.Read_Compass      imu.o
    0x08002644   0x000000c2   Code   RO         4210    i.Read_Gyro         imu.o
    0x08002706   0x00000018   Code   RO         2748    i.SPI_Cmd           stm32f4xx_spi.o
    0x0800271e   0x00000002   PAD
    0x08002720   0x000000b0   Code   RO         2755    i.SPI_I2S_DeInit    stm32f4xx_spi.o
    0x080027d0   0x00000012   Code   RO         2756    i.SPI_I2S_GetFlagStatus  stm32f4xx_spi.o
    0x080027e2   0x00000006   Code   RO         2759    i.SPI_I2S_ReceiveData  stm32f4xx_spi.o
    0x080027e8   0x00000004   Code   RO         2760    i.SPI_I2S_SendData  stm32f4xx_spi.o
    0x080027ec   0x0000003c   Code   RO         2761    i.SPI_Init          stm32f4xx_spi.o
    0x08002828   0x0000004c   Code   RO          877    i.STM_EVAL_LEDInit  stm32f401_discovery.o
    0x08002874   0x00000018   Code   RO          878    i.STM_EVAL_LEDOff   stm32f401_discovery.o
    0x0800288c   0x00000018   Code   RO          879    i.STM_EVAL_LEDOn    stm32f401_discovery.o
    0x080028a4   0x00000024   Code   RO          880    i.STM_EVAL_LEDToggle  stm32f401_discovery.o
    0x080028c8   0x00000020   Code   RO          881    i.STM_EVAL_PBGetState  stm32f401_discovery.o
    0x080028e8   0x000000a8   Code   RO          882    i.STM_EVAL_PBInit   stm32f401_discovery.o
    0x08002990   0x00000002   Code   RO         3887    i.SVC_Handler       stm32fxxx_it.o
    0x08002992   0x00000002   PAD
    0x08002994   0x00000040   Code   RO         2909    i.SYSCFG_EXTILineConfig  stm32f4xx_syscfg.o
    0x080029d4   0x0000004e   Code   RO         3527    i.Send_IMU_Info     main.o
    0x08002a22   0x00000002   PAD
    0x08002a24   0x000000ec   Code   RO         3665    i.SetSysClock       system_stm32f4xx.o
    0x08002b10   0x00000038   Code   RO         4109    i.Set_Left_Speed    motor.o
    0x08002b48   0x00000038   Code   RO         4110    i.Set_Right_Speed   motor.o
    0x08002b80   0x00000008   Code   RO         3888    i.SysTick_Handler   stm32fxxx_it.o
    0x08002b88   0x00000068   Code   RO         3667    i.SystemInit        system_stm32f4xx.o
    0x08002bf0   0x00000040   Code   RO         3889    i.TIM3_IRQHandler   stm32fxxx_it.o
    0x08002c30   0x00000006   Code   RO         2973    i.TIM_ClearITPendingBit  stm32f4xx_tim.o
    0x08002c36   0x00000018   Code   RO         2978    i.TIM_Cmd           stm32f4xx_tim.o
    0x08002c4e   0x00000006   Code   RO         2993    i.TIM_GetCapture1   stm32f4xx_tim.o
    0x08002c54   0x00000022   Code   RO         2999    i.TIM_GetITStatus   stm32f4xx_tim.o
    0x08002c76   0x00000012   Code   RO         3003    i.TIM_ITConfig      stm32f4xx_tim.o
    0x08002c88   0x0000007c   Code   RO         3007    i.TIM_OC1Init       stm32f4xx_tim.o
    0x08002d04   0x00000012   Code   RO         3010    i.TIM_OC1PreloadConfig  stm32f4xx_tim.o
    0x08002d16   0x00000006   Code   RO         3027    i.TIM_PrescalerConfig  stm32f4xx_tim.o
    0x08002d1c   0x00000004   Code   RO         3040    i.TIM_SetCompare1   stm32f4xx_tim.o
    0x08002d20   0x00000084   Code   RO         3050    i.TIM_TimeBaseInit  stm32f4xx_tim.o
    0x08002da4   0x00000018   Code   RO         3528    i.TimingDelay_Decrement  main.o
    0x08002dbc   0x00000016   Code   RO           12    i.USBD_ClrCfg       usbd_core.o
    0x08002dd2   0x00000048   Code   RO          303    i.USBD_ClrFeature   usbd_req.o
    0x08002e1a   0x0000001e   Code   RO          247    i.USBD_CtlContinueRx  usbd_ioreq.o
    0x08002e38   0x0000001e   Code   RO          248    i.USBD_CtlContinueSendData  usbd_ioreq.o
    0x08002e56   0x0000001e   Code   RO          304    i.USBD_CtlError     usbd_req.o
    0x08002e74   0x0000002e   Code   RO          249    i.USBD_CtlPrepareRx  usbd_ioreq.o
    0x08002ea2   0x00000024   Code   RO          250    i.USBD_CtlReceiveStatus  usbd_ioreq.o
    0x08002ec6   0x0000002e   Code   RO          251    i.USBD_CtlSendData  usbd_ioreq.o
    0x08002ef4   0x00000024   Code   RO          252    i.USBD_CtlSendStatus  usbd_ioreq.o
    0x08002f18   0x000000d0   Code   RO           13    i.USBD_DataInStage  usbd_core.o
    0x08002fe8   0x00000096   Code   RO           14    i.USBD_DataOutStage  usbd_core.o
    0x0800307e   0x00000006   Code   RO           15    i.USBD_DeInit       usbd_core.o
    0x08003084   0x00000054   Code   RO          305    i.USBD_GetConfig    usbd_req.o
    0x080030d8   0x00000122   Code   RO          306    i.USBD_GetDescriptor  usbd_req.o
    0x080031fa   0x00000014   Code   RO          307    i.USBD_GetLen       usbd_req.o
    0x0800320e   0x00000002   PAD
    0x08003210   0x00000050   Code   RO          308    i.USBD_GetStatus    usbd_req.o
    0x08003260   0x00000052   Code   RO          309    i.USBD_GetString    usbd_req.o
    0x080032b2   0x00000042   Code   RO           16    i.USBD_Init         usbd_core.o
    0x080032f4   0x00000012   Code   RO           17    i.USBD_IsoINIncomplete  usbd_core.o
    0x08003306   0x00000012   Code   RO           18    i.USBD_IsoOUTIncomplete  usbd_core.o
    0x08003318   0x000000e0   Code   RO          805    i.USBD_OTG_ISR_Handler  usb_dcd_int.o
    0x080033f8   0x00000048   Code   RO          310    i.USBD_ParseSetupRequest  usbd_req.o
    0x08003440   0x00000032   Code   RO           19    i.USBD_Reset        usbd_core.o
    0x08003472   0x0000001e   Code   RO           20    i.USBD_Resume       usbd_core.o
    0x08003490   0x00000014   Code   RO           21    i.USBD_RunTestMode  usbd_core.o
    0x080034a4   0x0000001a   Code   RO           22    i.USBD_SOF          usbd_core.o
    0x080034be   0x0000005c   Code   RO          311    i.USBD_SetAddress   usbd_req.o
    0x0800351a   0x0000001e   Code   RO           23    i.USBD_SetCfg       usbd_core.o
    0x08003538   0x000000d0   Code   RO          312    i.USBD_SetConfig    usbd_req.o
    0x08003608   0x000000a4   Code   RO          313    i.USBD_SetFeature   usbd_req.o
    0x080036ac   0x00000054   Code   RO           24    i.USBD_SetupStage   usbd_core.o
    0x08003700   0x00000072   Code   RO          314    i.USBD_StdDevReq    usbd_req.o
    0x08003772   0x00000002   PAD
    0x08003774   0x0000015c   Code   RO          315    i.USBD_StdEPReq     usbd_req.o
    0x080038d0   0x0000004c   Code   RO          316    i.USBD_StdItfReq    usbd_req.o
    0x0800391c   0x00000020   Code   RO           25    i.USBD_Suspend      usbd_core.o
    0x0800393c   0x00000034   Code   RO         3746    i.USBD_USR_ConfigStrDescriptor  usbd_desc.o
    0x08003970   0x00000002   Code   RO         3815    i.USBD_USR_DeviceConfigured  usbd_usr.o
    0x08003972   0x00000002   Code   RO         3816    i.USBD_USR_DeviceConnected  usbd_usr.o
    0x08003974   0x00000010   Code   RO         3747    i.USBD_USR_DeviceDescriptor  usbd_desc.o
    0x08003984   0x00000002   Code   RO         3817    i.USBD_USR_DeviceDisconnected  usbd_usr.o
    0x08003986   0x00000012   Code   RO         3818    i.USBD_USR_DeviceReset  usbd_usr.o
    0x08003998   0x00000002   Code   RO         3819    i.USBD_USR_DeviceResumed  usbd_usr.o
    0x0800399a   0x00000002   Code   RO         3820    i.USBD_USR_DeviceSuspended  usbd_usr.o
    0x0800399c   0x00000064   Code   RO         3821    i.USBD_USR_Init     usbd_usr.o
    0x08003a00   0x00000038   Code   RO         3748    i.USBD_USR_InterfaceStrDescriptor  usbd_desc.o
    0x08003a38   0x00000010   Code   RO         3749    i.USBD_USR_LangIDStrDescriptor  usbd_desc.o
    0x08003a48   0x0000002c   Code   RO         3750    i.USBD_USR_ManufacturerStrDescriptor  usbd_desc.o
    0x08003a74   0x00000070   Code   RO         3751    i.USBD_USR_ProductStrDescriptor  usbd_desc.o
    0x08003ae4   0x00000048   Code   RO         3752    i.USBD_USR_SerialStrDescriptor  usbd_desc.o
    0x08003b2c   0x00000010   Code   RO          403    i.USBD_cdc_GetCfgDesc  usbd_cdc_core.o
    0x08003b3c   0x0000002c   Code   RO         3702    i.USB_OTG_BSP_EnableInterrupt  usb_bsp.o
    0x08003b68   0x000000ac   Code   RO         3703    i.USB_OTG_BSP_Init  usb_bsp.o
    0x08003c14   0x00000012   Code   RO         3704    i.USB_OTG_BSP_mDelay  usb_bsp.o
    0x08003c26   0x0000001e   Code   RO         3705    i.USB_OTG_BSP_uDelay  usb_bsp.o
    0x08003c44   0x00000126   Code   RO          474    i.USB_OTG_CoreInit  usb_core.o
    0x08003d6a   0x0000020a   Code   RO          475    i.USB_OTG_CoreInitDev  usb_core.o
    0x08003f74   0x00000070   Code   RO          476    i.USB_OTG_CoreReset  usb_core.o
    0x08003fe4   0x00000022   Code   RO          477    i.USB_OTG_DisableGlobalInt  usb_core.o
    0x08004006   0x0000006a   Code   RO          478    i.USB_OTG_EP0Activate  usb_core.o
    0x08004070   0x00000156   Code   RO          479    i.USB_OTG_EP0StartXfer  usb_core.o
    0x080041c6   0x00000062   Code   RO          480    i.USB_OTG_EP0_OutStart  usb_core.o
    0x08004228   0x00000098   Code   RO          481    i.USB_OTG_EPActivate  usb_core.o
    0x080042c0   0x00000050   Code   RO          482    i.USB_OTG_EPClearStall  usb_core.o
    0x08004310   0x0000005e   Code   RO          483    i.USB_OTG_EPDeactivate  usb_core.o
    0x0800436e   0x00000064   Code   RO          484    i.USB_OTG_EPSetStall  usb_core.o
    0x080043d2   0x000001f6   Code   RO          485    i.USB_OTG_EPStartXfer  usb_core.o
    0x080045c8   0x00000034   Code   RO          486    i.USB_OTG_EnableCommonInt  usb_core.o
    0x080045fc   0x0000009a   Code   RO          487    i.USB_OTG_EnableDevInt  usb_core.o
    0x08004696   0x00000022   Code   RO          488    i.USB_OTG_EnableGlobalInt  usb_core.o
    0x080046b8   0x0000004c   Code   RO          489    i.USB_OTG_FlushRxFifo  usb_core.o
    0x08004704   0x00000054   Code   RO          490    i.USB_OTG_FlushTxFifo  usb_core.o
    0x08004758   0x00000034   Code   RO          491    i.USB_OTG_GetDeviceSpeed  usb_core.o
    0x0800478c   0x0000000c   Code   RO          493    i.USB_OTG_GetMode   usb_core.o
    0x08004798   0x00000018   Code   RO          494    i.USB_OTG_InitDevSpeed  usb_core.o
    0x080047b0   0x00000016   Code   RO          495    i.USB_OTG_IsDeviceMode  usb_core.o
    0x080047c6   0x00000010   Code   RO          497    i.USB_OTG_ReadCoreItr  usb_core.o
    0x080047d6   0x00000010   Code   RO          498    i.USB_OTG_ReadDevAllInEPItr  usb_core.o
    0x080047e6   0x00000010   Code   RO          499    i.USB_OTG_ReadDevAllOutEp_itr  usb_core.o
    0x080047f6   0x00000014   Code   RO          500    i.USB_OTG_ReadDevOutEP_itr  usb_core.o
    0x0800480a   0x00000028   Code   RO          502    i.USB_OTG_ReadPacket  usb_core.o
    0x08004832   0x00000002   PAD
    0x08004834   0x000000d0   Code   RO          503    i.USB_OTG_SelectCore  usb_core.o
    0x08004904   0x0000004e   Code   RO          504    i.USB_OTG_SetCurrentMode  usb_core.o
    0x08004952   0x00000036   Code   RO          507    i.USB_OTG_UngateClock  usb_core.o
    0x08004988   0x00000040   Code   RO          508    i.USB_OTG_WritePacket  usb_core.o
    0x080049c8   0x00000004   Code   RO         3890    i.UsageFault_Handler  stm32fxxx_it.o
    0x080049cc   0x00000078   Code   RO         3978    i.VCP_Ctrl          usbd_cdc_vcp.o
    0x08004a44   0x00000060   Code   RO         3979    i.VCP_DataRx        usbd_cdc_vcp.o
    0x08004aa4   0x00000040   Code   RO         3980    i.VCP_DataTx        usbd_cdc_vcp.o
    0x08004ae4   0x00000004   Code   RO         3981    i.VCP_DeInit        usbd_cdc_vcp.o
    0x08004ae8   0x00000004   Code   RO         3982    i.VCP_Init          usbd_cdc_vcp.o
    0x08004aec   0x000000a4   Code   RO         3985    i.VCP_receive_string  usbd_cdc_vcp.o
    0x08004b90   0x000000b6   Code   RO         3986    i.VCP_send_IMU_All  usbd_cdc_vcp.o
    0x08004c46   0x0000004c   Code   RO         3987    i.VCP_send_IMU_Multi  usbd_cdc_vcp.o
    0x08004c92   0x0000002c   Code   RO         3988    i.VCP_send_IMU_Single  usbd_cdc_vcp.o
    0x08004cbe   0x0000000e   Code   RO         4336    i.__scatterload_copy  mc_w.l(handlers.o)
    0x08004ccc   0x00000002   Code   RO         4337    i.__scatterload_null  mc_w.l(handlers.o)
    0x08004cce   0x0000000e   Code   RO         4338    i.__scatterload_zeroinit  mc_w.l(handlers.o)
    0x08004cdc   0x00000118   Code   RO         3529    i.main              main.o
    0x08004df4   0x00000268   Code   RO         3530    i.run_function1     main.o
    0x0800505c   0x00000260   Code   RO         3531    i.run_function2     main.o
    0x080052bc   0x00000088   Code   RO          404    i.usbd_cdc_DataIn   usbd_cdc_core.o
    0x08005344   0x00000038   Code   RO          405    i.usbd_cdc_DataOut  usbd_cdc_core.o
    0x0800537c   0x0000002c   Code   RO          406    i.usbd_cdc_DeInit   usbd_cdc_core.o
    0x080053a8   0x00000038   Code   RO          407    i.usbd_cdc_EP0_RxReady  usbd_cdc_core.o
    0x080053e0   0x00000058   Code   RO          408    i.usbd_cdc_Init     usbd_cdc_core.o
    0x08005438   0x00000028   Code   RO          409    i.usbd_cdc_SOF      usbd_cdc_core.o
    0x08005460   0x000000f4   Code   RO          410    i.usbd_cdc_Setup    usbd_cdc_core.o
    0x08005554   0x00000018   Code   RO         4178    i.wait              utility.o
    0x0800556c   0x00000025   Data   RO          883    .constdata          stm32f401_discovery.o
    0x08005591   0x00000003   PAD
    0x08005594   0x00000020   Data   RO         4334    Region$$Table       anon$$obj.o


    Execution Region RW_IRAM1 (Base: 0x20000000, Size: 0x00001558, Max: 0x00010000, ABSOLUTE, COMPRESSED[0x00000104])

    Base Addr    Size         Type   Attr      Idx    E Section Name        Object

    0x20000000   0x00000034   Data   RW           26    .data               usbd_core.o
    0x20000034   0x0000000d   Data   RW          318    .data               usbd_req.o
    0x20000041   0x00000003   PAD
    0x20000044   0x00000098   Data   RW          412    .data               usbd_cdc_core.o
    0x200000dc   0x00000018   Data   RW          884    .data               stm32f401_discovery.o
    0x200000f4   0x00000006   Data   RW          951    .data               stm32f401_discovery_lsm303dlhc.o
    0x200000fa   0x00000002   PAD
    0x200000fc   0x00000004   Data   RW         1067    .data               stm32f401_discovery_l3gd20.o
    0x20000100   0x00000010   Data   RW         2466    .data               stm32f4xx_rcc.o
    0x20000110   0x00000010   Data   RW         3533    .data               main.o
    0x20000120   0x00000014   Data   RW         3668    .data               system_stm32f4xx.o
    0x20000134   0x0000003c   Data   RW         3753    .data               usbd_desc.o
    0x20000170   0x0000001c   Data   RW         3822    .data               usbd_usr.o
    0x2000018c   0x00000024   Data   RW         3992    .data               usbd_cdc_vcp.o
    0x200001b0   0x00000008   Data   RW         4111    .data               motor.o
    0x200001b8   0x00000032   Zero   RW          317    .bss                usbd_req.o
    0x200001ea   0x00000883   Zero   RW          411    .bss                usbd_cdc_core.o
    0x20000a6d   0x00000003   PAD
    0x20000a70   0x00000658   Zero   RW         3532    .bss                main.o
    0x200010c8   0x00000090   Zero   RW         3991    .bss                usbd_cdc_vcp.o
    0x20001158   0x00000400   Zero   RW            1    STACK               startup_stm32f401xx.o


==============================================================================

Image component sizes


      Code (inc. data)   RO Data    RW Data    ZI Data      Debug   Object Name

      1204          4          0          0          0       6588   imu.o
      1930         78          0         16       1624      50509   main.o
       140         24          0          0          0       1883   misc.o
       878         68          0          8          0       5699   motor.o
        36          8        392          0       1024       1008   startup_stm32f401xx.o
       360         78         37         24          0       6580   stm32f401_discovery.o
       730         36          0          4          0     259024   stm32f401_discovery_l3gd20.o
      1810         70          0          6          0      16088   stm32f401_discovery_lsm303dlhc.o
       160         12          0          0          0       1845   stm32f4xx_exti.o
       334         16          0          0          0       3503   stm32f4xx_flash.o
       240          0          0          0          0       4151   stm32f4xx_gpio.o
       590         28          0          0          0       9892   stm32f4xx_i2c.o
       424         54          0         16          0       7314   stm32f4xx_rcc.o
       288         24          0          0          0       4855   stm32f4xx_spi.o
        64          4          0          0          0        756   stm32f4xx_syscfg.o
       372         38          0          0          0       7869   stm32f4xx_tim.o
       180         28          0          0          0       6612   stm32fxxx_it.o
       340         34          0         20          0       1949   system_stm32f4xx.o
       264          4          0          0          0       2883   usb_bsp.o
      3458         18          0          0          0      24038   usb_core.o
       666          0          0          0          0       6520   usb_dcd.o
      1930         50          0          0          0      10471   usb_dcd_int.o
       884        118          0        152       2179       9784   usbd_cdc_core.o
       754         38          0         36        144      23185   usbd_cdc_vcp.o
       760          6          0         52          0     309732   usbd_core.o
       368        192          0         60          0       5892   usbd_desc.o
       224          0          0          0          0       4992   usbd_ioreq.o
      1732         54          0         13         50      11659   usbd_req.o
       128         12          0         28          0       4033   usbd_usr.o
        24          0          0          0          0        535   utility.o

    ----------------------------------------------------------------------
     21304       1096        464        440       5024     809849   Object Totals
         0          0         32          0          0          0   (incl. Generated)
        32          0          3          5          3          0   (incl. Padding)

    ----------------------------------------------------------------------

      Code (inc. data)   RO Data    RW Data    ZI Data      Debug   Library Member Name

        86          0          0          0          0          0   __dczerorl2.o
         0          0          0          0          0          0   entry.o
         0          0          0          0          0          0   entry10a.o
         0          0          0          0          0          0   entry11a.o
         8          4          0          0          0          0   entry2.o
         4          0          0          0          0          0   entry5.o
         0          0          0          0          0          0   entry7b.o
         0          0          0          0          0          0   entry8b.o
         8          4          0          0          0          0   entry9a.o
        30          0          0          0          0          0   handlers.o
        36          8          0          0          0         68   init.o

    ----------------------------------------------------------------------
       172         16          0          0          0         68   Library Totals
         0          0          0          0          0          0   (incl. Padding)

    ----------------------------------------------------------------------

      Code (inc. data)   RO Data    RW Data    ZI Data      Debug   Library Name

       172         16          0          0          0         68   mc_w.l

    ----------------------------------------------------------------------
       172         16          0          0          0         68   Library Totals

    ----------------------------------------------------------------------

==============================================================================


      Code (inc. data)   RO Data    RW Data    ZI Data      Debug   

     21476       1112        464        440       5024     787601   Grand Totals
     21476       1112        464        260       5024     787601   ELF Image Totals (compressed)
     21476       1112        464        260          0          0   ROM Totals

==============================================================================

    Total RO  Size (Code + RO Data)                21940 (  21.43kB)
    Total RW  Size (RW Data + ZI Data)              5464 (   5.34kB)
    Total ROM Size (Code + RO Data + RW Data)      22200 (  21.68kB)

==============================================================================

