Product: MDK-ARM Standard 5.10
Component: ARM Compiler 5.04 update 1 (build 49)
Tool: armlink [5040049]

==============================================================================

Section Cross References

    startup_stm32f401xx.o(RESET) refers to startup_stm32f401xx.o(STACK) for __initial_sp
    startup_stm32f401xx.o(RESET) refers to startup_stm32f401xx.o(.text) for Reset_Handler
    startup_stm32f401xx.o(RESET) refers to stm32fxxx_it.o(i.NMI_Handler) for NMI_Handler
    startup_stm32f401xx.o(RESET) refers to stm32fxxx_it.o(i.HardFault_Handler) for HardFault_Handler
    startup_stm32f401xx.o(RESET) refers to stm32fxxx_it.o(i.MemManage_Handler) for MemManage_Handler
    startup_stm32f401xx.o(RESET) refers to stm32fxxx_it.o(i.BusFault_Handler) for BusFault_Handler
    startup_stm32f401xx.o(RESET) refers to stm32fxxx_it.o(i.UsageFault_Handler) for UsageFault_Handler
    startup_stm32f401xx.o(RESET) refers to stm32fxxx_it.o(i.SVC_Handler) for SVC_Handler
    startup_stm32f401xx.o(RESET) refers to stm32fxxx_it.o(i.DebugMon_Handler) for DebugMon_Handler
    startup_stm32f401xx.o(RESET) refers to stm32fxxx_it.o(i.PendSV_Handler) for PendSV_Handler
    startup_stm32f401xx.o(RESET) refers to stm32fxxx_it.o(i.SysTick_Handler) for SysTick_Handler
    startup_stm32f401xx.o(RESET) refers to stm32fxxx_it.o(i.EXTI0_IRQHandler) for EXTI0_IRQHandler
    startup_stm32f401xx.o(RESET) refers to stm32fxxx_it.o(i.TIM3_IRQHandler) for TIM3_IRQHandler
    startup_stm32f401xx.o(RESET) refers to stm32fxxx_it.o(i.OTG_FS_WKUP_IRQHandler) for OTG_FS_WKUP_IRQHandler
    startup_stm32f401xx.o(RESET) refers to stm32fxxx_it.o(i.OTG_FS_IRQHandler) for OTG_FS_IRQHandler
    startup_stm32f401xx.o(.text) refers to system_stm32f4xx.o(i.SystemInit) for SystemInit
    startup_stm32f401xx.o(.text) refers to entry.o(.ARM.Collect$$$$00000000) for __main
    usbd_core.o(i.USBD_DataInStage) refers to usbd_ioreq.o(i.USBD_CtlContinueSendData) for USBD_CtlContinueSendData
    usbd_core.o(i.USBD_DataInStage) refers to usbd_ioreq.o(i.USBD_CtlReceiveStatus) for USBD_CtlReceiveStatus
    usbd_core.o(i.USBD_DataInStage) refers to usbd_core.o(i.USBD_RunTestMode) for USBD_RunTestMode
    usbd_core.o(i.USBD_DataOutStage) refers to usbd_ioreq.o(i.USBD_CtlContinueRx) for USBD_CtlContinueRx
    usbd_core.o(i.USBD_DataOutStage) refers to usbd_ioreq.o(i.USBD_CtlSendStatus) for USBD_CtlSendStatus
    usbd_core.o(i.USBD_Init) refers to usb_bsp.o(i.USB_OTG_BSP_Init) for USB_OTG_BSP_Init
    usbd_core.o(i.USBD_Init) refers to usbd_core.o(i.USBD_DeInit) for USBD_DeInit
    usbd_core.o(i.USBD_Init) refers to usb_dcd.o(i.DCD_Init) for DCD_Init
    usbd_core.o(i.USBD_Init) refers to usb_bsp.o(i.USB_OTG_BSP_EnableInterrupt) for USB_OTG_BSP_EnableInterrupt
    usbd_core.o(i.USBD_Reset) refers to usb_dcd.o(i.DCD_EP_Open) for DCD_EP_Open
    usbd_core.o(i.USBD_RunTestMode) refers to usbd_core.o(.data) for SET_TEST_MODE
    usbd_core.o(i.USBD_SetupStage) refers to usbd_req.o(i.USBD_ParseSetupRequest) for USBD_ParseSetupRequest
    usbd_core.o(i.USBD_SetupStage) refers to usbd_req.o(i.USBD_StdDevReq) for USBD_StdDevReq
    usbd_core.o(i.USBD_SetupStage) refers to usbd_req.o(i.USBD_StdItfReq) for USBD_StdItfReq
    usbd_core.o(i.USBD_SetupStage) refers to usbd_req.o(i.USBD_StdEPReq) for USBD_StdEPReq
    usbd_core.o(i.USBD_SetupStage) refers to usb_dcd.o(i.DCD_EP_Stall) for DCD_EP_Stall
    usbd_core.o(.data) refers to usbd_core.o(i.USBD_DataOutStage) for USBD_DataOutStage
    usbd_core.o(.data) refers to usbd_core.o(i.USBD_DataInStage) for USBD_DataInStage
    usbd_core.o(.data) refers to usbd_core.o(i.USBD_SetupStage) for USBD_SetupStage
    usbd_core.o(.data) refers to usbd_core.o(i.USBD_SOF) for USBD_SOF
    usbd_core.o(.data) refers to usbd_core.o(i.USBD_Reset) for USBD_Reset
    usbd_core.o(.data) refers to usbd_core.o(i.USBD_Suspend) for USBD_Suspend
    usbd_core.o(.data) refers to usbd_core.o(i.USBD_Resume) for USBD_Resume
    usbd_core.o(.data) refers to usbd_core.o(i.USBD_IsoINIncomplete) for USBD_IsoINIncomplete
    usbd_core.o(.data) refers to usbd_core.o(i.USBD_IsoOUTIncomplete) for USBD_IsoOUTIncomplete
    usbd_ioreq.o(i.USBD_CtlContinueRx) refers to usb_dcd.o(i.DCD_EP_PrepareRx) for DCD_EP_PrepareRx
    usbd_ioreq.o(i.USBD_CtlContinueSendData) refers to usb_dcd.o(i.DCD_EP_Tx) for DCD_EP_Tx
    usbd_ioreq.o(i.USBD_CtlPrepareRx) refers to usb_dcd.o(i.DCD_EP_PrepareRx) for DCD_EP_PrepareRx
    usbd_ioreq.o(i.USBD_CtlReceiveStatus) refers to usb_dcd.o(i.DCD_EP_PrepareRx) for DCD_EP_PrepareRx
    usbd_ioreq.o(i.USBD_CtlReceiveStatus) refers to usb_core.o(i.USB_OTG_EP0_OutStart) for USB_OTG_EP0_OutStart
    usbd_ioreq.o(i.USBD_CtlSendData) refers to usb_dcd.o(i.DCD_EP_Tx) for DCD_EP_Tx
    usbd_ioreq.o(i.USBD_CtlSendStatus) refers to usb_dcd.o(i.DCD_EP_Tx) for DCD_EP_Tx
    usbd_ioreq.o(i.USBD_CtlSendStatus) refers to usb_core.o(i.USB_OTG_EP0_OutStart) for USB_OTG_EP0_OutStart
[...]
    DCD_HandleResume_ISR                     0x0800079d   Thumb Code   100  usb_dcd_int.o(i.DCD_HandleResume_ISR)
    i.DCD_HandleRxStatusQueueLevel_ISR       0x08000804   Section        0  usb_dcd_int.o(i.DCD_HandleRxStatusQueueLevel_ISR)
    DCD_HandleRxStatusQueueLevel_ISR         0x08000805   Thumb Code   176  usb_dcd_int.o(i.DCD_HandleRxStatusQueueLevel_ISR)
    i.DCD_HandleSof_ISR                      0x080008b4   Section        0  usb_dcd_int.o(i.DCD_HandleSof_ISR)
    DCD_HandleSof_ISR                        0x080008b5   Thumb Code    38  usb_dcd_int.o(i.DCD_HandleSof_ISR)
    i.DCD_HandleUSBSuspend_ISR               0x080008e0   Section        0  usb_dcd_int.o(i.DCD_HandleUSBSuspend_ISR)
    DCD_HandleUSBSuspend_ISR                 0x080008e1   Thumb Code   158  usb_dcd_int.o(i.DCD_HandleUSBSuspend_ISR)
    i.DCD_HandleUsbReset_ISR                 0x08000988   Section        0  usb_dcd_int.o(i.DCD_HandleUsbReset_ISR)
    DCD_HandleUsbReset_ISR                   0x08000989   Thumb Code   254  usb_dcd_int.o(i.DCD_HandleUsbReset_ISR)
    i.DCD_Init                               0x08000a8c   Section        0  usb_dcd.o(i.DCD_Init)
    i.DCD_IsoINIncomplete_ISR                0x08000b28   Section        0  usb_dcd_int.o(i.DCD_IsoINIncomplete_ISR)
    DCD_IsoINIncomplete_ISR                  0x08000b29   Thumb Code    40  usb_dcd_int.o(i.DCD_IsoINIncomplete_ISR)
    i.DCD_IsoOUTIncomplete_ISR               0x08000b54   Section        0  usb_dcd_int.o(i.DCD_IsoOUTIncomplete_ISR)
    DCD_IsoOUTIncomplete_ISR                 0x08000b55   Thumb Code    40  usb_dcd_int.o(i.DCD_IsoOUTIncomplete_ISR)
    i.DCD_ReadDevInEP                        0x08000b80   Section        0  usb_dcd_int.o(i.DCD_ReadDevInEP)
    DCD_ReadDevInEP                          0x08000b81   Thumb Code    40  usb_dcd_int.o(i.DCD_ReadDevInEP)
    i.DCD_WriteEmptyTxFifo                   0x08000ba8   Section        0  usb_dcd_int.o(i.DCD_WriteEmptyTxFifo)
    DCD_WriteEmptyTxFifo                     0x08000ba9   Thumb Code   144  usb_dcd_int.o(i.DCD_WriteEmptyTxFifo)
    i.DebugMon_Handler                       0x08000c38   Section        0  stm32fxxx_it.o(i.DebugMon_Handler)
    i.Delay                                  0x08000c3c   Section        0  main.o(i.Delay)
    i.EXTI0_IRQHandler                       0x08000c54   Section        0  stm32fxxx_it.o(i.EXTI0_IRQHandler)
    i.EXTI_ClearITPendingBit                 0x08000c68   Section        0  stm32f4xx_exti.o(i.EXTI_ClearITPendingBit)
    i.EXTI_Init                              0x08000c74   Section        0  stm32f4xx_exti.o(i.EXTI_Init)
    i.FLASH_EraseSector                      0x08000d08   Section        0  stm32f4xx_flash.o(i.FLASH_EraseSector)
    i.FLASH_GetStatus                        0x08000d90   Section        0  stm32f4xx_flash.o(i.FLASH_GetStatus)
    i.FLASH_ProgramWord                      0x08000de4   Section        0  stm32f4xx_flash.o(i.FLASH_ProgramWord)
    i.FLASH_WaitForLastOperation             0x08000e34   Section        0  stm32f4xx_flash.o(i.FLASH_WaitForLastOperation)
    i.Fail_Handler                           0x08000e58   Section        0  main.o(i.Fail_Handler)
    i.GPIO_Init                              0x08000e80   Section        0  stm32f4xx_gpio.o(i.GPIO_Init)
    i.GPIO_PinAFConfig                       0x08000f10   Section        0  stm32f4xx_gpio.o(i.GPIO_PinAFConfig)
    i.GPIO_ResetBits                         0x08000f56   Section        0  stm32f4xx_gpio.o(i.GPIO_ResetBits)
    i.GPIO_SetBits                           0x08000f5a   Section        0  stm32f4xx_gpio.o(i.GPIO_SetBits)
    i.Gyro_Init                              0x08000f5e   Section        0  imu.o(i.Gyro_Init)
    i.Handle_USBAsynchXfer                   0x08000fc8   Section        0  usbd_cdc_core.o(i.Handle_USBAsynchXfer)
    Handle_USBAsynchXfer                     0x08000fc9   Thumb Code   182  usbd_cdc_core.o(i.Handle_USBAsynchXfer)
    i.HardFault_Handler                      0x08001094   Section        0  stm32fxxx_it.o(i.HardFault_Handler)
    i.I2C_AcknowledgeConfig                  0x08001098   Section        0  stm32f4xx_i2c.o(i.I2C_AcknowledgeConfig)
    i.I2C_CheckEvent                         0x080010b0   Section        0  stm32f4xx_i2c.o(i.I2C_CheckEvent)
    i.I2C_ClearFlag                          0x080010da   Section        0  stm32f4xx_i2c.o(i.I2C_ClearFlag)
    i.I2C_Cmd                                0x080010e6   Section        0  stm32f4xx_i2c.o(i.I2C_Cmd)
    i.I2C_DeInit                             0x08001100   Section        0  stm32f4xx_i2c.o(i.I2C_DeInit)
    i.I2C_GenerateSTART                      0x08001160   Section        0  stm32f4xx_i2c.o(i.I2C_GenerateSTART)
    i.I2C_GenerateSTOP                       0x08001178   Section        0  stm32f4xx_i2c.o(i.I2C_GenerateSTOP)
    i.I2C_GetFlagStatus                      0x08001190   Section        0  stm32f4xx_i2c.o(i.I2C_GetFlagStatus)
    i.I2C_GetLastEvent                       0x080011ca   Section        0  stm32f4xx_i2c.o(i.I2C_GetLastEvent)
    i.I2C_Init                               0x080011e4   Section        0  stm32f4xx_i2c.o(i.I2C_Init)
    i.I2C_ReceiveData                        0x080012cc   Section        0  stm32f4xx_i2c.o(i.I2C_ReceiveData)
    i.I2C_Send7bitAddress                    0x080012d4   Section        0  stm32f4xx_i2c.o(i.I2C_Send7bitAddress)
    i.I2C_SendData                           0x080012e4   Section        0  stm32f4xx_i2c.o(i.I2C_SendData)
    i.Init_Clock                             0x080012e8   Section        0  main.o(i.Init_Clock)
    i.L3GD20_FilterCmd                       0x080013ec   Section        0  stm32f401_discovery_l3gd20.o(i.L3GD20_FilterCmd)
    i.L3GD20_FilterConfig                    0x08001418   Section        0  stm32f401_discovery_l3gd20.o(i.L3GD20_FilterConfig)
    i.L3GD20_Init                            0x0800144a   Section        0  stm32f401_discovery_l3gd20.o(i.L3GD20_Init)
    i.L3GD20_LowLevel_Init                   0x08001498   Section        0  stm32f401_discovery_l3gd20.o(i.L3GD20_LowLevel_Init)
    L3GD20_LowLevel_Init                     0x08001499   Thumb Code   294  stm32f401_discovery_l3gd20.o(i.L3GD20_LowLevel_Init)
    i.L3GD20_MEMS_Init                       0x080015cc   Section        0  imu.o(i.L3GD20_MEMS_Init)
    i.L3GD20_Read                            0x08001614   Section        0  stm32f401_discovery_l3gd20.o(i.L3GD20_Read)
    i.L3GD20_SendByte                        0x0800165c   Section        0  stm32f401_discovery_l3gd20.o(i.L3GD20_SendByte)
    L3GD20_SendByte                          0x0800165d   Thumb Code   106  stm32f401_discovery_l3gd20.o(i.L3GD20_SendByte)
    i.L3GD20_TIMEOUT_UserCallback            0x080016d0   Section        0  imu.o(i.L3GD20_TIMEOUT_UserCallback)
    i.L3GD20_Write                           0x080016dc   Section        0  stm32f401_discovery_l3gd20.o(i.L3GD20_Write)
    i.LSM303DLHC_AccFilterConfig             0x0800171c   Section        0  stm32f401_discovery_lsm303dlhc.o(i.LSM303DLHC_AccFilterConfig)
    i.LSM303DLHC_AccInit                     0x0800175a   Section        0  stm32f401_discovery_lsm303dlhc.o(i.LSM303DLHC_AccInit)
    i.LSM303DLHC_I2C_Config                  0x080017ac   Section        0  stm32f401_discovery_lsm303dlhc.o(i.LSM303DLHC_I2C_Config)
    i.LSM303DLHC_LowLevel_Init               0x0800185c   Section        0  stm32f401_discovery_lsm303dlhc.o(i.LSM303DLHC_LowLevel_Init)
    LSM303DLHC_LowLevel_Init                 0x0800185d   Thumb Code   284  stm32f401_discovery_lsm303dlhc.o(i.LSM303DLHC_LowLevel_Init)
    i.LSM303DLHC_MEMS_Init                   0x08001988   Section        0  imu.o(i.LSM303DLHC_MEMS_Init)
    i.LSM303DLHC_MagInit                     0x08001a02   Section        0  stm32f401_discovery_lsm303dlhc.o(i.LSM303DLHC_MagInit)
    i.LSM303DLHC_Read                        0x08001a5c   Section        0  stm32f401_discovery_lsm303dlhc.o(i.LSM303DLHC_Read)
    i.LSM303DLHC_Write                       0x08001d48   Section        0  stm32f401_discovery_lsm303dlhc.o(i.LSM303DLHC_Write)
    i.MemManage_Handler                      0x08001eac   Section        0  stm32fxxx_it.o(i.MemManage_Handler)
    i.My_SPI_Init                            0x08001eb0   Section        0  motor.o(i.My_SPI_Init)
    i.NMI_Handler                            0x08001fd4   Section        0  stm32fxxx_it.o(i.NMI_Handler)
    i.NVIC_Init                              0x08001fd8   Section        0  misc.o(i.NVIC_Init)
    i.NVIC_PriorityGroupConfig               0x08002050   Section        0  misc.o(i.NVIC_PriorityGroupConfig)
    i.OTG_FS_IRQHandler                      0x08002064   Section        0  stm32fxxx_it.o(i.OTG_FS_IRQHandler)
    i.OTG_FS_WKUP_IRQHandler                 0x08002074   Section        0  stm32fxxx_it.o(i.OTG_FS_WKUP_IRQHandler)
    i.PendSV_Handler                         0x080020a4   Section        0  stm32fxxx_it.o(i.PendSV_Handler)
    i.Potentialmeter_SetValue                0x080020a8   Section        0  motor.o(i.Potentialmeter_SetValue)
    i.RCC_AHB1PeriphClockCmd                 0x08002138   Section        0  stm32f4xx_rcc.o(i.RCC_AHB1PeriphClockCmd)
    i.RCC_AHB2PeriphClockCmd                 0x08002158   Section        0  stm32f4xx_rcc.o(i.RCC_AHB2PeriphClockCmd)
    i.RCC_APB1PeriphClockCmd                 0x08002178   Section        0  stm32f4xx_rcc.o(i.RCC_APB1PeriphClockCmd)
    i.RCC_APB1PeriphResetCmd                 0x08002198   Section        0  stm32f4xx_rcc.o(i.RCC_APB1PeriphResetCmd)
    i.RCC_APB2PeriphClockCmd                 0x080021b8   Section        0  stm32f4xx_rcc.o(i.RCC_APB2PeriphClockCmd)
    i.RCC_APB2PeriphResetCmd                 0x080021d8   Section        0  stm32f4xx_rcc.o(i.RCC_APB2PeriphResetCmd)
    i.RCC_GetClocksFreq                      0x080021f8   Section        0  stm32f4xx_rcc.o(i.RCC_GetClocksFreq)
    i.Read_Acc                               0x080022e0   Section        0  imu.o(i.Read_Acc)
    i.Read_Compass                           0x08002424   Section        0  imu.o(i.Read_Compass)
    i.Read_Gyro                              0x080024e8   Section        0  imu.o(i.Read_Gyro)
    i.SPI_Cmd                                0x080025aa   Section        0  stm32f4xx_spi.o(i.SPI_Cmd)
    i.SPI_I2S_DeInit                         0x080025c4   Section        0  stm32f4xx_spi.o(i.SPI_I2S_DeInit)
    i.SPI_I2S_GetFlagStatus                  0x08002674   Section        0  stm32f4xx_spi.o(i.SPI_I2S_GetFlagStatus)
    i.SPI_I2S_ReceiveData                    0x08002686   Section        0  stm32f4xx_spi.o(i.SPI_I2S_ReceiveData)
    i.SPI_I2S_SendData                       0x0800268c   Section        0  stm32f4xx_spi.o(i.SPI_I2S_SendData)
    i.SPI_Init                               0x08002690   Section        0  stm32f4xx_spi.o(i.SPI_Init)
    i.STM_EVAL_LEDInit                       0x080026cc   Section        0  stm32f401_discovery.o(i.STM_EVAL_LEDInit)
    i.STM_EVAL_LEDOff                        0x08002718   Section        0  stm32f401_discovery.o(i.STM_EVAL_LEDOff)
    i.STM_EVAL_LEDOn                         0x08002730   Section        0  stm32f401_discovery.o(i.STM_EVAL_LEDOn)
    i.STM_EVAL_LEDToggle                     0x08002748   Section        0  stm32f401_discovery.o(i.STM_EVAL_LEDToggle)
    i.STM_EVAL_PBInit                        0x0800276c   Section        0  stm32f401_discovery.o(i.STM_EVAL_PBInit)
    i.SVC_Handler                            0x08002814   Section        0  stm32fxxx_it.o(i.SVC_Handler)
    i.SYSCFG_EXTILineConfig                  0x08002818   Section        0  stm32f4xx_syscfg.o(i.SYSCFG_EXTILineConfig)
    i.Send_IMU_Info                          0x08002858   Section        0  main.o(i.Send_IMU_Info)
    i.SetSysClock                            0x080028a8   Section        0  system_stm32f4xx.o(i.SetSysClock)
    SetSysClock                              0x080028a9   Thumb Code   218  system_stm32f4xx.o(i.SetSysClock)
    i.SysTick_Handler                        0x08002994   Section        0  stm32fxxx_it.o(i.SysTick_Handler)
    i.SystemInit                             0x0800299c   Section        0  system_stm32f4xx.o(i.SystemInit)
    i.TIM3_IRQHandler                        0x08002a04   Section        0  stm32fxxx_it.o(i.TIM3_IRQHandler)
    i.TIM_ClearITPendingBit                  0x08002a44   Section        0  stm32f4xx_tim.o(i.TIM_ClearITPendingBit)
    i.TIM_Cmd                                0x08002a4a   Section        0  stm32f4xx_tim.o(i.TIM_Cmd)
    i.TIM_GetCapture1                        0x08002a62   Section        0  stm32f4xx_tim.o(i.TIM_GetCapture1)
    i.TIM_GetITStatus                        0x08002a68   Section        0  stm32f4xx_tim.o(i.TIM_GetITStatus)
    i.TIM_ITConfig                           0x08002a8a   Section        0  stm32f4xx_tim.o(i.TIM_ITConfig)
    i.TIM_OC1Init                            0x08002a9c   Section        0  stm32f4xx_tim.o(i.TIM_OC1Init)
    i.TIM_OC1PreloadConfig                   0x08002b18   Section        0  stm32f4xx_tim.o(i.TIM_OC1PreloadConfig)
    i.TIM_PrescalerConfig                    0x08002b2a   Section        0  stm32f4xx_tim.o(i.TIM_PrescalerConfig)
    i.TIM_SetCompare1                        0x08002b30   Section        0  stm32f4xx_tim.o(i.TIM_SetCompare1)
    i.TIM_TimeBaseInit                       0x08002b34   Section        0  stm32f4xx_tim.o(i.TIM_TimeBaseInit)
    i.TimingDelay_Decrement                  0x08002bb8   Section        0  main.o(i.TimingDelay_Decrement)
    i.USBD_ClrCfg                            0x08002bd0   Section        0  usbd_core.o(i.USBD_ClrCfg)
    i.USBD_ClrFeature                        0x08002be6   Section        0  usbd_req.o(i.USBD_ClrFeature)
    USBD_ClrFeature                          0x08002be7   Thumb Code    72  usbd_req.o(i.USBD_ClrFeature)
    i.USBD_CtlContinueRx                     0x08002c2e   Section        0  usbd_ioreq.o(i.USBD_CtlContinueRx)
    i.USBD_CtlContinueSendData               0x08002c4c   Section        0  usbd_ioreq.o(i.USBD_CtlContinueSendData)
    i.USBD_CtlError                          0x08002c6a   Section        0  usbd_req.o(i.USBD_CtlError)
    i.USBD_CtlPrepareRx                      0x08002c88   Section        0  usbd_ioreq.o(i.USBD_CtlPrepareRx)
    i.USBD_CtlReceiveStatus                  0x08002cb6   Section        0  usbd_ioreq.o(i.USBD_CtlReceiveStatus)
    i.USBD_CtlSendData                       0x08002cda   Section        0  usbd_ioreq.o(i.USBD_CtlSendData)
    i.USBD_CtlSendStatus                     0x08002d08   Section        0  usbd_ioreq.o(i.USBD_CtlSendStatus)
    i.USBD_DataInStage                       0x08002d2c   Section        0  usbd_core.o(i.USBD_DataInStage)
    USBD_DataInStage                         0x08002d2d   Thumb Code   208  usbd_core.o(i.USBD_DataInStage)
    i.USBD_DataOutStage                      0x08002dfc   Section        0  usbd_core.o(i.USBD_DataOutStage)
    USBD_DataOutStage                        0x08002dfd   Thumb Code   150  usbd_core.o(i.USBD_DataOutStage)
    i.USBD_DeInit                            0x08002e92   Section        0  usbd_core.o(i.USBD_DeInit)
    i.USBD_GetConfig                         0x08002e98   Section        0  usbd_req.o(i.USBD_GetConfig)
    USBD_GetConfig                           0x08002e99   Thumb Code    78  usbd_req.o(i.USBD_GetConfig)
    i.USBD_GetDescriptor                     0x08002eec   Section        0  usbd_req.o(i.USBD_GetDescriptor)
    USBD_GetDescriptor                       0x08002eed   Thumb Code   290  usbd_req.o(i.USBD_GetDescriptor)
    i.USBD_GetLen                            0x0800300e   Section        0  usbd_req.o(i.USBD_GetLen)
    USBD_GetLen                              0x0800300f   Thumb Code    20  usbd_req.o(i.USBD_GetLen)
    i.USBD_GetStatus                         0x08003024   Section        0  usbd_req.o(i.USBD_GetStatus)
    USBD_GetStatus                           0x08003025   Thumb Code    74  usbd_req.o(i.USBD_GetStatus)
    i.USBD_GetString                         0x08003074   Section        0  usbd_req.o(i.USBD_GetString)
    i.USBD_Init                              0x080030c6   Section        0  usbd_core.o(i.USBD_Init)
    i.USBD_IsoINIncomplete                   0x08003108   Section        0  usbd_core.o(i.USBD_IsoINIncomplete)
    USBD_IsoINIncomplete                     0x08003109   Thumb Code    18  usbd_core.o(i.USBD_IsoINIncomplete)
    i.USBD_IsoOUTIncomplete                  0x0800311a   Section        0  usbd_core.o(i.USBD_IsoOUTIncomplete)
    USBD_IsoOUTIncomplete                    0x0800311b   Thumb Code    18  usbd_core.o(i.USBD_IsoOUTIncomplete)
    i.USBD_OTG_ISR_Handler                   0x0800312c   Section        0  usb_dcd_int.o(i.USBD_OTG_ISR_Handler)
    i.USBD_ParseSetupRequest                 0x0800320c   Section        0  usbd_req.o(i.USBD_ParseSetupRequest)
    i.USBD_Reset                             0x08003254   Section        0  usbd_core.o(i.USBD_Reset)
    USBD_Reset                               0x08003255   Thumb Code    50  usbd_core.o(i.USBD_Reset)
    i.USBD_Resume                            0x08003286   Section        0  usbd_core.o(i.USBD_Resume)
    USBD_Resume                              0x08003287   Thumb Code    30  usbd_core.o(i.USBD_Resume)
    i.USBD_RunTestMode                       0x080032a4   Section        0  usbd_core.o(i.USBD_RunTestMode)
    USBD_RunTestMode                         0x080032a5   Thumb Code    14  usbd_core.o(i.USBD_RunTestMode)
    i.USBD_SOF                               0x080032b8   Section        0  usbd_core.o(i.USBD_SOF)
    USBD_SOF                                 0x080032b9   Thumb Code    26  usbd_core.o(i.USBD_SOF)
    i.USBD_SetAddress                        0x080032d2   Section        0  usbd_req.o(i.USBD_SetAddress)
    USBD_SetAddress                          0x080032d3   Thumb Code    92  usbd_req.o(i.USBD_SetAddress)
    i.USBD_SetCfg                            0x0800332e   Section        0  usbd_core.o(i.USBD_SetCfg)
    i.USBD_SetConfig                         0x0800334c   Section        0  usbd_req.o(i.USBD_SetConfig)
    USBD_SetConfig                           0x0800334d   Thumb Code   204  usbd_req.o(i.USBD_SetConfig)
    i.USBD_SetFeature                        0x0800341c   Section        0  usbd_req.o(i.USBD_SetFeature)
    USBD_SetFeature                          0x0800341d   Thumb Code   160  usbd_req.o(i.USBD_SetFeature)
    i.USBD_SetupStage                        0x080034c0   Section        0  usbd_core.o(i.USBD_SetupStage)
    USBD_SetupStage                          0x080034c1   Thumb Code    84  usbd_core.o(i.USBD_SetupStage)
    i.USBD_StdDevReq                         0x08003514   Section        0  usbd_req.o(i.USBD_StdDevReq)
    i.USBD_StdEPReq                          0x08003588   Section        0  usbd_req.o(i.USBD_StdEPReq)
    i.USBD_StdItfReq                         0x080036e4   Section        0  usbd_req.o(i.USBD_StdItfReq)
    i.USBD_Suspend                           0x08003730   Section        0  usbd_core.o(i.USBD_Suspend)
    USBD_Suspend                             0x08003731   Thumb Code    32  usbd_core.o(i.USBD_Suspend)
    i.USBD_USR_ConfigStrDescriptor           0x08003750   Section        0  usbd_desc.o(i.USBD_USR_ConfigStrDescriptor)
    i.USBD_USR_DeviceConfigured              0x08003784   Section        0  usbd_usr.o(i.USBD_USR_DeviceConfigured)
    i.USBD_USR_DeviceConnected               0x08003786   Section        0  usbd_usr.o(i.USBD_USR_DeviceConnected)
    i.USBD_USR_DeviceDescriptor              0x08003788   Section        0  usbd_desc.o(i.USBD_USR_DeviceDescriptor)
    i.USBD_USR_DeviceDisconnected            0x08003798   Section        0  usbd_usr.o(i.USBD_USR_DeviceDisconnected)
    i.USBD_USR_DeviceReset                   0x0800379a   Section        0  usbd_usr.o(i.USBD_USR_DeviceReset)
    i.USBD_USR_DeviceResumed                 0x080037ac   Section        0  usbd_usr.o(i.USBD_USR_DeviceResumed)
    i.USBD_USR_DeviceSuspended               0x080037ae   Section        0  usbd_usr.o(i.USBD_USR_DeviceSuspended)
    i.USBD_USR_Init                          0x080037b0   Section        0  usbd_usr.o(i.USBD_USR_Init)
    i.USBD_USR_InterfaceStrDescriptor        0x08003814   Section        0  usbd_desc.o(i.USBD_USR_InterfaceStrDescriptor)
    i.USBD_USR_LangIDStrDescriptor           0x0800384c   Section        0  usbd_desc.o(i.USBD_USR_LangIDStrDescriptor)
    i.USBD_USR_ManufacturerStrDescriptor     0x0800385c   Section        0  usbd_desc.o(i.USBD_USR_ManufacturerStrDescriptor)
    i.USBD_USR_ProductStrDescriptor          0x08003888   Section        0  usbd_desc.o(i.USBD_USR_ProductStrDescriptor)
    i.USBD_USR_SerialStrDescriptor           0x080038f8   Section        0  usbd_desc.o(i.USBD_USR_SerialStrDescriptor)
    i.USBD_cdc_GetCfgDesc                    0x08003940   Section        0  usbd_cdc_core.o(i.USBD_cdc_GetCfgDesc)
    USBD_cdc_GetCfgDesc                      0x08003941   Thumb Code    10  usbd_cdc_core.o(i.USBD_cdc_GetCfgDesc)
    i.USB_OTG_BSP_EnableInterrupt            0x08003950   Section        0  usb_bsp.o(i.USB_OTG_BSP_EnableInterrupt)
    i.USB_OTG_BSP_Init                       0x0800397c   Section        0  usb_bsp.o(i.USB_OTG_BSP_Init)
    i.USB_OTG_BSP_mDelay                     0x08003a28   Section        0  usb_bsp.o(i.USB_OTG_BSP_mDelay)
    i.USB_OTG_BSP_uDelay                     0x08003a3a   Section        0  usb_bsp.o(i.USB_OTG_BSP_uDelay)
    i.USB_OTG_CoreInit                       0x08003a58   Section        0  usb_core.o(i.USB_OTG_CoreInit)
    i.USB_OTG_CoreInitDev                    0x08003b7e   Section        0  usb_core.o(i.USB_OTG_CoreInitDev)
    i.USB_OTG_CoreReset                      0x08003d88   Section        0  usb_core.o(i.USB_OTG_CoreReset)
    USB_OTG_CoreReset                        0x08003d89   Thumb Code   108  usb_core.o(i.USB_OTG_CoreReset)
    i.USB_OTG_DisableGlobalInt               0x08003df8   Section        0  usb_core.o(i.USB_OTG_DisableGlobalInt)
    i.USB_OTG_EP0Activate                    0x08003e1a   Section        0  usb_core.o(i.USB_OTG_EP0Activate)
    i.USB_OTG_EP0StartXfer                   0x08003e84   Section        0  usb_core.o(i.USB_OTG_EP0StartXfer)
    i.USB_OTG_EP0_OutStart                   0x08003fda   Section        0  usb_core.o(i.USB_OTG_EP0_OutStart)
    i.USB_OTG_EPActivate                     0x0800403c   Section        0  usb_core.o(i.USB_OTG_EPActivate)
    i.USB_OTG_EPClearStall                   0x080040d4   Section        0  usb_core.o(i.USB_OTG_EPClearStall)
    i.USB_OTG_EPDeactivate                   0x08004124   Section        0  usb_core.o(i.USB_OTG_EPDeactivate)
    i.USB_OTG_EPSetStall                     0x08004182   Section        0  usb_core.o(i.USB_OTG_EPSetStall)
    i.USB_OTG_EPStartXfer                    0x080041e6   Section        0  usb_core.o(i.USB_OTG_EPStartXfer)
    i.USB_OTG_EnableCommonInt                0x080043dc   Section        0  usb_core.o(i.USB_OTG_EnableCommonInt)
    USB_OTG_EnableCommonInt                  0x080043dd   Thumb Code    52  usb_core.o(i.USB_OTG_EnableCommonInt)
    i.USB_OTG_EnableDevInt                   0x08004410   Section        0  usb_core.o(i.USB_OTG_EnableDevInt)
    i.USB_OTG_EnableGlobalInt                0x080044aa   Section        0  usb_core.o(i.USB_OTG_EnableGlobalInt)
    i.USB_OTG_FlushRxFifo                    0x080044cc   Section        0  usb_core.o(i.USB_OTG_FlushRxFifo)
    i.USB_OTG_FlushTxFifo                    0x08004518   Section        0  usb_core.o(i.USB_OTG_FlushTxFifo)
    i.USB_OTG_GetDeviceSpeed                 0x0800456c   Section        0  usb_core.o(i.USB_OTG_GetDeviceSpeed)
    i.USB_OTG_GetMode                        0x080045a0   Section        0  usb_core.o(i.USB_OTG_GetMode)
    i.USB_OTG_InitDevSpeed                   0x080045ac   Section        0  usb_core.o(i.USB_OTG_InitDevSpeed)
    i.USB_OTG_IsDeviceMode                   0x080045c4   Section        0  usb_core.o(i.USB_OTG_IsDeviceMode)
    i.USB_OTG_ReadCoreItr                    0x080045da   Section        0  usb_core.o(i.USB_OTG_ReadCoreItr)
    i.USB_OTG_ReadDevAllInEPItr              0x080045ea   Section        0  usb_core.o(i.USB_OTG_ReadDevAllInEPItr)
    i.USB_OTG_ReadDevAllOutEp_itr            0x080045fa   Section        0  usb_core.o(i.USB_OTG_ReadDevAllOutEp_itr)
    i.USB_OTG_ReadDevOutEP_itr               0x0800460a   Section        0  usb_core.o(i.USB_OTG_ReadDevOutEP_itr)
    i.USB_OTG_ReadPacket                     0x0800461e   Section        0  usb_core.o(i.USB_OTG_ReadPacket)
    i.USB_OTG_SelectCore                     0x08004648   Section        0  usb_core.o(i.USB_OTG_SelectCore)
    i.USB_OTG_SetCurrentMode                 0x08004718   Section        0  usb_core.o(i.USB_OTG_SetCurrentMode)
    i.USB_OTG_UngateClock                    0x08004766   Section        0  usb_core.o(i.USB_OTG_UngateClock)
    i.USB_OTG_WritePacket                    0x0800479c   Section        0  usb_core.o(i.USB_OTG_WritePacket)
    i.UsageFault_Handler                     0x080047dc   Section        0  stm32fxxx_it.o(i.UsageFault_Handler)
    i.VCP_Ctrl                               0x080047e0   Section        0  usbd_cdc_vcp.o(i.VCP_Ctrl)
    VCP_Ctrl                                 0x080047e1   Thumb Code   116  usbd_cdc_vcp.o(i.VCP_Ctrl)
    i.VCP_DataRx                             0x08004858   Section        0  usbd_cdc_vcp.o(i.VCP_DataRx)
    VCP_DataRx                               0x08004859   Thumb Code    84  usbd_cdc_vcp.o(i.VCP_DataRx)
    i.VCP_DataTx                             0x080048b8   Section        0  usbd_cdc_vcp.o(i.VCP_DataTx)
    VCP_DataTx                               0x080048b9   Thumb Code    54  usbd_cdc_vcp.o(i.VCP_DataTx)
    i.VCP_DeInit                             0x080048f8   Section        0  usbd_cdc_vcp.o(i.VCP_DeInit)
    VCP_DeInit                               0x080048f9   Thumb Code     4  usbd_cdc_vcp.o(i.VCP_DeInit)
    i.VCP_Init                               0x080048fc   Section        0  usbd_cdc_vcp.o(i.VCP_Init)
    VCP_Init                                 0x080048fd   Thumb Code     4  usbd_cdc_vcp.o(i.VCP_Init)
    i.VCP_receive_string                     0x08004900   Section        0  usbd_cdc_vcp.o(i.VCP_receive_string)
    i.VCP_send_IMU_All                       0x080049a4   Section        0  usbd_cdc_vcp.o(i.VCP_send_IMU_All)
    i.VCP_send_IMU_Multi                     0x08004a5a   Section        0  usbd_cdc_vcp.o(i.VCP_send_IMU_Multi)
    i.VCP_send_IMU_Single                    0x08004aa6   Section        0  usbd_cdc_vcp.o(i.VCP_send_IMU_Single)
    i.__scatterload_copy                     0x08004ad2   Section       14  handlers.o(i.__scatterload_copy)
    i.__scatterload_null                     0x08004ae0   Section        2  handlers.o(i.__scatterload_null)
    i.__scatterload_zeroinit                 0x08004ae2   Section       14  handlers.o(i.__scatterload_zeroinit)
    i.main                                   0x08004af0   Section        0  main.o(i.main)
    i.run_function2                          0x08004b58   Section        0  main.o(i.run_function2)
    i.usbd_cdc_DataIn                        0x08004e4c   Section        0  usbd_cdc_core.o(i.usbd_cdc_DataIn)
    usbd_cdc_DataIn                          0x08004e4d   Thumb Code   120  usbd_cdc_core.o(i.usbd_cdc_DataIn)
    i.usbd_cdc_DataOut                       0x08004ed4   Section        0  usbd_cdc_core.o(i.usbd_cdc_DataOut)
    usbd_cdc_DataOut                         0x08004ed5   Thumb Code    48  usbd_cdc_core.o(i.usbd_cdc_DataOut)
    i.usbd_cdc_DeInit                        0x08004f0c   Section        0  usbd_cdc_core.o(i.usbd_cdc_DeInit)
    usbd_cdc_DeInit                          0x08004f0d   Thumb Code    40  usbd_cdc_core.o(i.usbd_cdc_DeInit)
    i.usbd_cdc_EP0_RxReady                   0x08004f38   Section        0  usbd_cdc_core.o(i.usbd_cdc_EP0_RxReady)
    usbd_cdc_EP0_RxReady                     0x08004f39   Thumb Code    38  usbd_cdc_core.o(i.usbd_cdc_EP0_RxReady)
    i.usbd_cdc_Init                          0x08004f70   Section        0  usbd_cdc_core.o(i.usbd_cdc_Init)
    usbd_cdc_Init                            0x08004f71   Thumb Code    74  usbd_cdc_core.o(i.usbd_cdc_Init)
    i.usbd_cdc_SOF                           0x08004fc8   Section        0  usbd_cdc_core.o(i.usbd_cdc_SOF)
    usbd_cdc_SOF                             0x08004fc9   Thumb Code    36  usbd_cdc_core.o(i.usbd_cdc_SOF)
    i.usbd_cdc_Setup                         0x08004ff0   Section        0  usbd_cdc_core.o(i.usbd_cdc_Setup)
    usbd_cdc_Setup                           0x08004ff1   Thumb Code   218  usbd_cdc_core.o(i.usbd_cdc_Setup)
    i.wait                                   0x080050e4   Section        0  utility.o(i.wait)
    .constdata                               0x080050fc   Section       37  stm32f401_discovery.o(.constdata)
    .data                                    0x20000000   Section       52  usbd_core.o(.data)
    .data                                    0x20000034   Section       13  usbd_req.o(.data)
    cfgidx                                   0x20000040   Data           1  usbd_req.o(.data)
    .data                                    0x20000044   Section      152  usbd_cdc_core.o(.data)
    usbd_cdc_AltSet                          0x20000044   Data           4  usbd_cdc_core.o(.data)
    cdcCmd                                   0x20000060   Data           4  usbd_cdc_core.o(.data)
    cdcLen                                   0x20000064   Data           4  usbd_cdc_core.o(.data)
    FrameCount                               0x200000d8   Data           4  usbd_cdc_core.o(.data)
    .data                                    0x200000dc   Section       24  stm32f401_discovery.o(.data)
    .data                                    0x200000f4   Section        6  stm32f401_discovery_lsm303dlhc.o(.data)
    .data                                    0x200000fc   Section        4  stm32f401_discovery_l3gd20.o(.data)
    .data                                    0x20000100   Section       16  stm32f4xx_rcc.o(.data)
    APBAHBPrescTable                         0x20000100   Data          16  stm32f4xx_rcc.o(.data)
    .data                                    0x20000110   Section       20  main.o(.data)
    .data                                    0x20000124   Section       20  system_stm32f4xx.o(.data)
    .data                                    0x20000138   Section       60  usbd_desc.o(.data)
    .data                                    0x20000174   Section       28  usbd_usr.o(.data)
    .data                                    0x20000190   Section       36  usbd_cdc_vcp.o(.data)
    APP_tx_ptr_in_start                      0x200001ac   Data           4  usbd_cdc_vcp.o(.data)
    APP_tx_ptr_in_end                        0x200001b0   Data           4  usbd_cdc_vcp.o(.data)
    .bss                                     0x200001b4   Section       50  usbd_req.o(.bss)
    .bss                                     0x200001e6   Section     2179  usbd_cdc_core.o(.bss)
    .bss                                     0x20000a6c   Section     1624  main.o(.bss)
    .bss                                     0x200010c4   Section      144  usbd_cdc_vcp.o(.bss)
    APP_Tx_Buffer                            0x200010d4   Data         128  usbd_cdc_vcp.o(.bss)
    STACK                                    0x20001158   Section     1024  startup_stm32f401xx.o(STACK)

    Global Symbols

    Symbol Name                              Value     Ov Type        Size  Object(Section)

    BuildAttributes$$THM_ISAv4$E$P$D$K$B$S$7EM$VFPi3$EXTD16$VFPS$VFMA$PE$A:L22UL41UL21$X:L11$S22US41US21$IEEE1$IW$USESV6$~STKCKD$USESV7$~SHL$OSPACE$EBA8$MICROLIB$REQ8$PRES8$EABIv2 0x00000000   Number         0  anon$$obj.o ABSOLUTE
    __ARM_use_no_argv                        0x00000000   Number         0  main.o ABSOLUTE
    __cpp_initialize__aeabi_                  - Undefined Weak Reference
    __cxa_finalize                            - Undefined Weak Reference
    _clock_init                               - Undefined Weak Reference
    _microlib_exit                            - Undefined Weak Reference
    __Vectors_Size                           0x00000188   Number         0  startup_stm32f401xx.o ABSOLUTE
    __Vectors                                0x08000000   Data           4  startup_stm32f401xx.o(RESET)
    __Vectors_End                            0x08000188   Data           0  startup_stm32f401xx.o(RESET)
    __main                                   0x08000189   Thumb Code     0  entry.o(.ARM.Collect$$$$00000000)
    _main_stk                                0x08000189   Thumb Code     0  entry2.o(.ARM.Collect$$$$00000001)
    _main_scatterload                        0x0800018d   Thumb Code     0  entry5.o(.ARM.Collect$$$$00000004)
    __main_after_scatterload                 0x08000191   Thumb Code     0  entry5.o(.ARM.Collect$$$$00000004)
    _main_clock                              0x08000191   Thumb Code     0  entry7b.o(.ARM.Collect$$$$00000008)
    _main_cpp_init                           0x08000191   Thumb Code     0  entry8b.o(.ARM.Collect$$$$0000000A)
    _main_init                               0x08000191   Thumb Code     0  entry9a.o(.ARM.Collect$$$$0000000B)
    __rt_final_cpp                           0x08000199   Thumb Code     0  entry10a.o(.ARM.Collect$$$$0000000D)
    __rt_final_exit                          0x08000199   Thumb Code     0  entry11a.o(.ARM.Collect$$$$0000000F)
    Reset_Handler                            0x0800019d   Thumb Code     8  startup_stm32f401xx.o(.text)
    ADC_IRQHandler                           0x080001b7   Thumb Code     0  startup_stm32f401xx.o(.text)
    DMA1_Stream0_IRQHandler                  0x080001b7   Thumb Code     0  startup_stm32f401xx.o(.text)
    DMA1_Stream1_IRQHandler                  0x080001b7   Thumb Code     0  startup_stm32f401xx.o(.text)
    DMA1_Stream2_IRQHandler                  0x080001b7   Thumb Code     0  startup_stm32f401xx.o(.text)
    DMA1_Stream3_IRQHandler                  0x080001b7   Thumb Code     0  startup_stm32f401xx.o(.text)
    DMA1_Stream4_IRQHandler                  0x080001b7   Thumb Code     0  startup_stm32f401xx.o(.text)
    DMA1_Stream5_IRQHandler                  0x080001b7   Thumb Code     0  startup_stm32f401xx.o(.text)
    DMA1_Stream6_IRQHandler                  0x080001b7   Thumb Code     0  startup_stm32f401xx.o(.text)
    DMA1_Stream7_IRQHandler                  0x080001b7   Thumb Code     0  startup_stm32f401xx.o(.text)
    DMA2_Stream0_IRQHandler                  0x080001b7   Thumb Code     0  startup_stm32f401xx.o(.text)
    DMA2_Stream1_IRQHandler                  0x080001b7   Thumb Code     0  startup_stm32f401xx.o(.text)
    DMA2_Stream2_IRQHandler                  0x080001b7   Thumb Code     0  startup_stm32f401xx.o(.text)
    DMA2_Stream3_IRQHandler                  0x080001b7   Thumb Code     0  startup_stm32f401xx.o(.text)
    DMA2_Stream4_IRQHandler                  0x080001b7   Thumb Code     0  startup_stm32f401xx.o(.text)
    DMA2_Stream5_IRQHandler                  0x080001b7   Thumb Code     0  startup_stm32f401xx.o(.text)
    DMA2_Stream6_IRQHandler                  0x080001b7   Thumb Code     0  startup_stm32f401xx.o(.text)
    DMA2_Stream7_IRQHandler                  0x080001b7   Thumb Code     0  startup_stm32f401xx.o(.text)
    EXTI15_10_IRQHandler                     0x080001b7   Thumb Code     0  startup_stm32f401xx.o(.text)
    EXTI1_IRQHandler                         0x080001b7   Thumb Code     0  startup_stm32f401xx.o(.text)
    EXTI2_IRQHandler                         0x080001b7   Thumb Code     0  startup_stm32f401xx.o(.text)
    EXTI3_IRQHandler                         0x080001b7   Thumb Code     0  startup_stm32f401xx.o(.text)
    EXTI4_IRQHandler                         0x080001b7   Thumb Code     0  startup_stm32f401xx.o(.text)
    EXTI9_5_IRQHandler                       0x080001b7   Thumb Code     0  startup_stm32f401xx.o(.text)
    FLASH_IRQHandler                         0x080001b7   Thumb Code     0  startup_stm32f401xx.o(.text)
    FPU_IRQHandler                           0x080001b7   Thumb Code     0  startup_stm32f401xx.o(.text)
    I2C1_ER_IRQHandler                       0x080001b7   Thumb Code     0  startup_stm32f401xx.o(.text)
    I2C1_EV_IRQHandler                       0x080001b7   Thumb Code     0  startup_stm32f401xx.o(.text)
    I2C2_ER_IRQHandler                       0x080001b7   Thumb Code     0  startup_stm32f401xx.o(.text)
    I2C2_EV_IRQHandler                       0x080001b7   Thumb Code     0  startup_stm32f401xx.o(.text)
    I2C3_ER_IRQHandler                       0x080001b7   Thumb Code     0  startup_stm32f401xx.o(.text)
    I2C3_EV_IRQHandler                       0x080001b7   Thumb Code     0  startup_stm32f401xx.o(.text)
    PVD_IRQHandler                           0x080001b7   Thumb Code     0  startup_stm32f401xx.o(.text)
    RCC_IRQHandler                           0x080001b7   Thumb Code     0  startup_stm32f401xx.o(.text)
    RTC_Alarm_IRQHandler                     0x080001b7   Thumb Code     0  startup_stm32f401xx.o(.text)
    RTC_WKUP_IRQHandler                      0x080001b7   Thumb Code     0  startup_stm32f401xx.o(.text)
    SDIO_IRQHandler                          0x080001b7   Thumb Code     0  startup_stm32f401xx.o(.text)
    SPI1_IRQHandler                          0x080001b7   Thumb Code     0  startup_stm32f401xx.o(.text)
    SPI2_IRQHandler                          0x080001b7   Thumb Code     0  startup_stm32f401xx.o(.text)
    SPI3_IRQHandler                          0x080001b7   Thumb Code     0  startup_stm32f401xx.o(.text)
    TAMP_STAMP_IRQHandler                    0x080001b7   Thumb Code     0  startup_stm32f401xx.o(.text)
    TIM1_BRK_TIM9_IRQHandler                 0x080001b7   Thumb Code     0  startup_stm32f401xx.o(.text)
    TIM1_CC_IRQHandler                       0x080001b7   Thumb Code     0  startup_stm32f401xx.o(.text)
    TIM1_TRG_COM_TIM11_IRQHandler            0x080001b7   Thumb Code     0  startup_stm32f401xx.o(.text)
    TIM1_UP_TIM10_IRQHandler                 0x080001b7   Thumb Code     0  startup_stm32f401xx.o(.text)
    TIM2_IRQHandler                          0x080001b7   Thumb Code     0  startup_stm32f401xx.o(.text)
    TIM4_IRQHandler                          0x080001b7   Thumb Code     0  startup_stm32f401xx.o(.text)
    TIM5_IRQHandler                          0x080001b7   Thumb Code     0  startup_stm32f401xx.o(.text)
    USART1_IRQHandler                        0x080001b7   Thumb Code     0  startup_stm32f401xx.o(.text)
    USART2_IRQHandler                        0x080001b7   Thumb Code     0  startup_stm32f401xx.o(.text)
    USART6_IRQHandler                        0x080001b7   Thumb Code     0  startup_stm32f401xx.o(.text)
    WWDG_IRQHandler                          0x080001b7   Thumb Code     0  startup_stm32f401xx.o(.text)
    __scatterload                            0x080001c1   Thumb Code    28  init.o(.text)
    __scatterload_rt2                        0x080001c1   Thumb Code     0  init.o(.text)
    __decompress                             0x080001e5   Thumb Code     0  __dczerorl2.o(.text)
    __decompress1                            0x080001e5   Thumb Code    86  __dczerorl2.o(.text)
    Acc_Init                                 0x0800023b   Thumb Code   110  imu.o(i.Acc_Init)
    BusFault_Handler                         0x080002a9   Thumb Code     4  stm32fxxx_it.o(i.BusFault_Handler)
    Compass_Init                             0x080002ad   Thumb Code    72  imu.o(i.Compass_Init)
    DCD_EP_Close                             0x080002f5   Thumb Code    74  usb_dcd.o(i.DCD_EP_Close)
    DCD_EP_ClrStall                          0x0800033f   Thumb Code    72  usb_dcd.o(i.DCD_EP_ClrStall)
    DCD_EP_Open                              0x08000387   Thumb Code   104  usb_dcd.o(i.DCD_EP_Open)
    DCD_EP_PrepareRx                         0x080003ef   Thumb Code    82  usb_dcd.o(i.DCD_EP_PrepareRx)
    DCD_EP_SetAddress                        0x08000441   Thumb Code    28  usb_dcd.o(i.DCD_EP_SetAddress)
    DCD_EP_Stall                             0x0800045d   Thumb Code    72  usb_dcd.o(i.DCD_EP_Stall)
    DCD_EP_Tx                                0x080004a5   Thumb Code    78  usb_dcd.o(i.DCD_EP_Tx)
    DCD_Init                                 0x08000a8d   Thumb Code   156  usb_dcd.o(i.DCD_Init)
    DebugMon_Handler                         0x08000c39   Thumb Code     2  stm32fxxx_it.o(i.DebugMon_Handler)
    Delay                                    0x08000c3d   Thumb Code    20  main.o(i.Delay)
    EXTI0_IRQHandler                         0x08000c55   Thumb Code    14  stm32fxxx_it.o(i.EXTI0_IRQHandler)
    EXTI_ClearITPendingBit                   0x08000c69   Thumb Code     6  stm32f4xx_exti.o(i.EXTI_ClearITPendingBit)
    EXTI_Init                                0x08000c75   Thumb Code   142  stm32f4xx_exti.o(i.EXTI_Init)
    FLASH_EraseSector                        0x08000d09   Thumb Code   130  stm32f4xx_flash.o(i.FLASH_EraseSector)
    FLASH_GetStatus                          0x08000d91   Thumb Code    80  stm32f4xx_flash.o(i.FLASH_GetStatus)
    FLASH_ProgramWord                        0x08000de5   Thumb Code    74  stm32f4xx_flash.o(i.FLASH_ProgramWord)
    FLASH_WaitForLastOperation               0x08000e35   Thumb Code    34  stm32f4xx_flash.o(i.FLASH_WaitForLastOperation)
    Fail_Handler                             0x08000e59   Thumb Code    34  main.o(i.Fail_Handler)
    GPIO_Init                                0x08000e81   Thumb Code   144  stm32f4xx_gpio.o(i.GPIO_Init)
    GPIO_PinAFConfig                         0x08000f11   Thumb Code    70  stm32f4xx_gpio.o(i.GPIO_PinAFConfig)
    GPIO_ResetBits                           0x08000f57   Thumb Code     4  stm32f4xx_gpio.o(i.GPIO_ResetBits)
    GPIO_SetBits                             0x08000f5b   Thumb Code     4  stm32f4xx_gpio.o(i.GPIO_SetBits)
    Gyro_Init                                0x08000f5f   Thumb Code   106  imu.o(i.Gyro_Init)
    HardFault_Handler                        0x08001095   Thumb Code     4  stm32fxxx_it.o(i.HardFault_Handler)
    I2C_AcknowledgeConfig                    0x08001099   Thumb Code    24  stm32f4xx_i2c.o(i.I2C_AcknowledgeConfig)
    I2C_CheckEvent                           0x080010b1   Thumb Code    42  stm32f4xx_i2c.o(i.I2C_CheckEvent)
    I2C_ClearFlag                            0x080010db   Thumb Code    12  stm32f4xx_i2c.o(i.I2C_ClearFlag)
    I2C_Cmd                                  0x080010e7   Thumb Code    24  stm32f4xx_i2c.o(i.I2C_Cmd)
    I2C_DeInit                               0x08001101   Thumb Code    82  stm32f4xx_i2c.o(i.I2C_DeInit)
    I2C_GenerateSTART                        0x08001161   Thumb Code    24  stm32f4xx_i2c.o(i.I2C_GenerateSTART)
    I2C_GenerateSTOP                         0x08001179   Thumb Code    24  stm32f4xx_i2c.o(i.I2C_GenerateSTOP)
    I2C_GetFlagStatus                        0x08001191   Thumb Code    58  stm32f4xx_i2c.o(i.I2C_GetFlagStatus)
    I2C_GetLastEvent                         0x080011cb   Thumb Code    26  stm32f4xx_i2c.o(i.I2C_GetLastEvent)
    I2C_Init                                 0x080011e5   Thumb Code   218  stm32f4xx_i2c.o(i.I2C_Init)
    I2C_ReceiveData                          0x080012cd   Thumb Code     8  stm32f4xx_i2c.o(i.I2C_ReceiveData)
    I2C_Send7bitAddress                      0x080012d5   Thumb Code    16  stm32f4xx_i2c.o(i.I2C_Send7bitAddress)
    I2C_SendData                             0x080012e5   Thumb Code     4  stm32f4xx_i2c.o(i.I2C_SendData)
    Init_Clock                               0x080012e9   Thumb Code   238  main.o(i.Init_Clock)
    L3GD20_FilterCmd                         0x080013ed   Thumb Code    44  stm32f401_discovery_l3gd20.o(i.L3GD20_FilterCmd)
    L3GD20_FilterConfig                      0x08001419   Thumb Code    50  stm32f401_discovery_l3gd20.o(i.L3GD20_FilterConfig)
    L3GD20_Init                              0x0800144b   Thumb Code    76  stm32f401_discovery_l3gd20.o(i.L3GD20_Init)
    L3GD20_MEMS_Init                         0x080015cd   Thumb Code    70  imu.o(i.L3GD20_MEMS_Init)
    L3GD20_Read                              0x08001615   Thumb Code    66  stm32f401_discovery_l3gd20.o(i.L3GD20_Read)
    L3GD20_TIMEOUT_UserCallback              0x080016d1   Thumb Code    10  imu.o(i.L3GD20_TIMEOUT_UserCallback)
    L3GD20_Write                             0x080016dd   Thumb Code    58  stm32f401_discovery_l3gd20.o(i.L3GD20_Write)
    LSM303DLHC_AccFilterConfig               0x0800171d   Thumb Code    62  stm32f401_discovery_lsm303dlhc.o(i.LSM303DLHC_AccFilterConfig)
    LSM303DLHC_AccInit                       0x0800175b   Thumb Code    80  stm32f401_discovery_lsm303dlhc.o(i.LSM303DLHC_AccInit)
    LSM303DLHC_I2C_Config                    0x080017ad   Thumb Code   162  stm32f401_discovery_lsm303dlhc.o(i.LSM303DLHC_I2C_Config)
    LSM303DLHC_MEMS_Init                     0x08001989   Thumb Code   122  imu.o(i.LSM303DLHC_MEMS_Init)
    LSM303DLHC_MagInit                       0x08001a03   Thumb Code    88  stm32f401_discovery_lsm303dlhc.o(i.LSM303DLHC_MagInit)
    LSM303DLHC_Read                          0x08001a5d   Thumb Code   728  stm32f401_discovery_lsm303dlhc.o(i.LSM303DLHC_Read)
    LSM303DLHC_Write                         0x08001d49   Thumb Code   336  stm32f401_discovery_lsm303dlhc.o(i.LSM303DLHC_Write)
    MemManage_Handler                        0x08001ead   Thumb Code     4  stm32fxxx_it.o(i.MemManage_Handler)
    My_SPI_Init                              0x08001eb1   Thumb Code   278  motor.o(i.My_SPI_Init)
    NMI_Handler                              0x08001fd5   Thumb Code     2  stm32fxxx_it.o(i.NMI_Handler)
    NVIC_Init                                0x08001fd9   Thumb Code   106  misc.o(i.NVIC_Init)
    NVIC_PriorityGroupConfig                 0x08002051   Thumb Code    10  misc.o(i.NVIC_PriorityGroupConfig)
    OTG_FS_IRQHandler                        0x08002065   Thumb Code    10  stm32fxxx_it.o(i.OTG_FS_IRQHandler)
    OTG_FS_WKUP_IRQHandler                   0x08002075   Thumb Code    40  stm32fxxx_it.o(i.OTG_FS_WKUP_IRQHandler)
    PendSV_Handler                           0x080020a5   Thumb Code     2  stm32fxxx_it.o(i.PendSV_Handler)
    Potentialmeter_SetValue                  0x080020a9   Thumb Code   130  motor.o(i.Potentialmeter_SetValue)
    RCC_AHB1PeriphClockCmd                   0x08002139   Thumb Code    26  stm32f4xx_rcc.o(i.RCC_AHB1PeriphClockCmd)
    RCC_AHB2PeriphClockCmd                   0x08002159   Thumb Code    26  stm32f4xx_rcc.o(i.RCC_AHB2PeriphClockCmd)
    RCC_APB1PeriphClockCmd                   0x08002179   Thumb Code    26  stm32f4xx_rcc.o(i.RCC_APB1PeriphClockCmd)
    RCC_APB1PeriphResetCmd                   0x08002199   Thumb Code    26  stm32f4xx_rcc.o(i.RCC_APB1PeriphResetCmd)
    RCC_APB2PeriphClockCmd                   0x080021b9   Thumb Code    26  stm32f4xx_rcc.o(i.RCC_APB2PeriphClockCmd)
    RCC_APB2PeriphResetCmd                   0x080021d9   Thumb Code    26  stm32f4xx_rcc.o(i.RCC_APB2PeriphResetCmd)
    RCC_GetClocksFreq                        0x080021f9   Thumb Code   214  stm32f4xx_rcc.o(i.RCC_GetClocksFreq)
    Read_Acc                                 0x080022e1   Thumb Code   320  imu.o(i.Read_Acc)
    Read_Compass                             0x08002425   Thumb Code   196  imu.o(i.Read_Compass)
    Read_Gyro                                0x080024e9   Thumb Code   194  imu.o(i.Read_Gyro)
    SPI_Cmd                                  0x080025ab   Thumb Code    24  stm32f4xx_spi.o(i.SPI_Cmd)
    SPI_I2S_DeInit                           0x080025c5   Thumb Code   152  stm32f4xx_spi.o(i.SPI_I2S_DeInit)
    SPI_I2S_GetFlagStatus                    0x08002675   Thumb Code    18  stm32f4xx_spi.o(i.SPI_I2S_GetFlagStatus)
    SPI_I2S_ReceiveData                      0x08002687   Thumb Code     6  stm32f4xx_spi.o(i.SPI_I2S_ReceiveData)
    SPI_I2S_SendData                         0x0800268d   Thumb Code     4  stm32f4xx_spi.o(i.SPI_I2S_SendData)
    SPI_Init                                 0x08002691   Thumb Code    60  stm32f4xx_spi.o(i.SPI_Init)
    STM_EVAL_LEDInit                         0x080026cd   Thumb Code    62  stm32f401_discovery.o(i.STM_EVAL_LEDInit)
    STM_EVAL_LEDOff                          0x08002719   Thumb Code    16  stm32f401_discovery.o(i.STM_EVAL_LEDOff)
    STM_EVAL_LEDOn                           0x08002731   Thumb Code    16  stm32f401_discovery.o(i.STM_EVAL_LEDOn)
    STM_EVAL_LEDToggle                       0x08002749   Thumb Code    26  stm32f401_discovery.o(i.STM_EVAL_LEDToggle)
    STM_EVAL_PBInit                          0x0800276d   Thumb Code   140  stm32f401_discovery.o(i.STM_EVAL_PBInit)
    SVC_Handler                              0x08002815   Thumb Code     2  stm32fxxx_it.o(i.SVC_Handler)
    SYSCFG_EXTILineConfig                    0x08002819   Thumb Code    60  stm32f4xx_syscfg.o(i.SYSCFG_EXTILineConfig)
    Send_IMU_Info                            0x08002859   Thumb Code    78  main.o(i.Send_IMU_Info)
    SysTick_Handler                          0x08002995   Thumb Code     8  stm32fxxx_it.o(i.SysTick_Handler)
    SystemInit                               0x0800299d   Thumb Code    88  system_stm32f4xx.o(i.SystemInit)
    TIM3_IRQHandler                          0x08002a05   Thumb Code    56  stm32fxxx_it.o(i.TIM3_IRQHandler)
    TIM_ClearITPendingBit                    0x08002a45   Thumb Code     6  stm32f4xx_tim.o(i.TIM_ClearITPendingBit)
    TIM_Cmd                                  0x08002a4b   Thumb Code    24  stm32f4xx_tim.o(i.TIM_Cmd)
    TIM_GetCapture1                          0x08002a63   Thumb Code     6  stm32f4xx_tim.o(i.TIM_GetCapture1)
    TIM_GetITStatus                          0x08002a69   Thumb Code    34  stm32f4xx_tim.o(i.TIM_GetITStatus)
    TIM_ITConfig                             0x08002a8b   Thumb Code    18  stm32f4xx_tim.o(i.TIM_ITConfig)
    TIM_OC1Init                              0x08002a9d   Thumb Code   114  stm32f4xx_tim.o(i.TIM_OC1Init)
    TIM_OC1PreloadConfig                     0x08002b19   Thumb Code    18  stm32f4xx_tim.o(i.TIM_OC1PreloadConfig)
    TIM_PrescalerConfig                      0x08002b2b   Thumb Code     6  stm32f4xx_tim.o(i.TIM_PrescalerConfig)
    TIM_SetCompare1                          0x08002b31   Thumb Code     4  stm32f4xx_tim.o(i.TIM_SetCompare1)
    TIM_TimeBaseInit                         0x08002b35   Thumb Code   104  stm32f4xx_tim.o(i.TIM_TimeBaseInit)
    TimingDelay_Decrement                    0x08002bb9   Thumb Code    18  main.o(i.TimingDelay_Decrement)
    USBD_ClrCfg                              0x08002bd1   Thumb Code    22  usbd_core.o(i.USBD_ClrCfg)
    USBD_CtlContinueRx                       0x08002c2f   Thumb Code    30  usbd_ioreq.o(i.USBD_CtlContinueRx)
    USBD_CtlContinueSendData                 0x08002c4d   Thumb Code    30  usbd_ioreq.o(i.USBD_CtlContinueSendData)
    USBD_CtlError                            0x08002c6b   Thumb Code    30  usbd_req.o(i.USBD_CtlError)
    USBD_CtlPrepareRx                        0x08002c89   Thumb Code    46  usbd_ioreq.o(i.USBD_CtlPrepareRx)
    USBD_CtlReceiveStatus                    0x08002cb7   Thumb Code    36  usbd_ioreq.o(i.USBD_CtlReceiveStatus)
    USBD_CtlSendData                         0x08002cdb   Thumb Code    46  usbd_ioreq.o(i.USBD_CtlSendData)
    USBD_CtlSendStatus                       0x08002d09   Thumb Code    36  usbd_ioreq.o(i.USBD_CtlSendStatus)
    USBD_DeInit                              0x08002e93   Thumb Code     6  usbd_core.o(i.USBD_DeInit)
    USBD_GetString                           0x08003075   Thumb Code    82  usbd_req.o(i.USBD_GetString)
    USBD_Init                                0x080030c7   Thumb Code    66  usbd_core.o(i.USBD_Init)
    USBD_OTG_ISR_Handler                     0x0800312d   Thumb Code   224  usb_dcd_int.o(i.USBD_OTG_ISR_Handler)
    USBD_ParseSetupRequest                   0x0800320d   Thumb Code    72  usbd_req.o(i.USBD_ParseSetupRequest)
    USBD_SetCfg                              0x0800332f   Thumb Code    30  usbd_core.o(i.USBD_SetCfg)
    USBD_StdDevReq                           0x08003515   Thumb Code   114  usbd_req.o(i.USBD_StdDevReq)
    USBD_StdEPReq                            0x08003589   Thumb Code   344  usbd_req.o(i.USBD_StdEPReq)
    USBD_StdItfReq                           0x080036e5   Thumb Code    76  usbd_req.o(i.USBD_StdItfReq)
    USBD_USR_ConfigStrDescriptor             0x08003751   Thumb Code    34  usbd_desc.o(i.USBD_USR_ConfigStrDescriptor)
    USBD_USR_DeviceConfigured                0x08003785   Thumb Code     2  usbd_usr.o(i.USBD_USR_DeviceConfigured)
    USBD_USR_DeviceConnected                 0x08003787   Thumb Code     2  usbd_usr.o(i.USBD_USR_DeviceConnected)
    USBD_USR_DeviceDescriptor                0x08003789   Thumb Code    10  usbd_desc.o(i.USBD_USR_DeviceDescriptor)
    USBD_USR_DeviceDisconnected              0x08003799   Thumb Code     2  usbd_usr.o(i.USBD_USR_DeviceDisconnected)
    USBD_USR_DeviceReset                     0x0800379b   Thumb Code    18  usbd_usr.o(i.USBD_USR_DeviceReset)
    USBD_USR_DeviceResumed                   0x080037ad   Thumb Code     2  usbd_usr.o(i.USBD_USR_DeviceResumed)
    USBD_USR_DeviceSuspended                 0x080037af   Thumb Code     2  usbd_usr.o(i.USBD_USR_DeviceSuspended)
    USBD_USR_Init                            0x080037b1   Thumb Code    88  usbd_usr.o(i.USBD_USR_Init)
    USBD_USR_InterfaceStrDescriptor          0x08003815   Thumb Code    34  usbd_desc.o(i.USBD_USR_InterfaceStrDescriptor)
    USBD_USR_LangIDStrDescriptor             0x0800384d   Thumb Code    10  usbd_desc.o(i.USBD_USR_LangIDStrDescriptor)
    USBD_USR_ManufacturerStrDescriptor       0x0800385d   Thumb Code    20  usbd_desc.o(i.USBD_USR_ManufacturerStrDescriptor)
    USBD_USR_ProductStrDescriptor            0x08003889   Thumb Code    34  usbd_desc.o(i.USBD_USR_ProductStrDescriptor)
    USBD_USR_SerialStrDescriptor             0x080038f9   Thumb Code    34  usbd_desc.o(i.USBD_USR_SerialStrDescriptor)
    USB_OTG_BSP_EnableInterrupt              0x08003951   Thumb Code    44  usb_bsp.o(i.USB_OTG_BSP_EnableInterrupt)
    USB_OTG_BSP_Init                         0x0800397d   Thumb Code   168  usb_bsp.o(i.USB_OTG_BSP_Init)
    USB_OTG_BSP_mDelay                       0x08003a29   Thumb Code    18  usb_bsp.o(i.USB_OTG_BSP_mDelay)
    USB_OTG_BSP_uDelay                       0x08003a3b   Thumb Code    30  usb_bsp.o(i.USB_OTG_BSP_uDelay)
    USB_OTG_CoreInit                         0x08003a59   Thumb Code   294  usb_core.o(i.USB_OTG_CoreInit)
    USB_OTG_CoreInitDev                      0x08003b7f   Thumb Code   522  usb_core.o(i.USB_OTG_CoreInitDev)
    USB_OTG_DisableGlobalInt                 0x08003df9   Thumb Code    34  usb_core.o(i.USB_OTG_DisableGlobalInt)
    USB_OTG_EP0Activate                      0x08003e1b   Thumb Code   106  usb_core.o(i.USB_OTG_EP0Activate)
    USB_OTG_EP0StartXfer                     0x08003e85   Thumb Code   342  usb_core.o(i.USB_OTG_EP0StartXfer)
    USB_OTG_EP0_OutStart                     0x08003fdb   Thumb Code    98  usb_core.o(i.USB_OTG_EP0_OutStart)
    USB_OTG_EPActivate                       0x0800403d   Thumb Code   152  usb_core.o(i.USB_OTG_EPActivate)
    USB_OTG_EPClearStall                     0x080040d5   Thumb Code    80  usb_core.o(i.USB_OTG_EPClearStall)
    USB_OTG_EPDeactivate                     0x08004125   Thumb Code    94  usb_core.o(i.USB_OTG_EPDeactivate)
    USB_OTG_EPSetStall                       0x08004183   Thumb Code   100  usb_core.o(i.USB_OTG_EPSetStall)
    USB_OTG_EPStartXfer                      0x080041e7   Thumb Code   502  usb_core.o(i.USB_OTG_EPStartXfer)
    USB_OTG_EnableDevInt                     0x08004411   Thumb Code   154  usb_core.o(i.USB_OTG_EnableDevInt)
    USB_OTG_EnableGlobalInt                  0x080044ab   Thumb Code    34  usb_core.o(i.USB_OTG_EnableGlobalInt)
    USB_OTG_FlushRxFifo                      0x080044cd   Thumb Code    70  usb_core.o(i.USB_OTG_FlushRxFifo)
    USB_OTG_FlushTxFifo                      0x08004519   Thumb Code    80  usb_core.o(i.USB_OTG_FlushTxFifo)
    USB_OTG_GetDeviceSpeed                   0x0800456d   Thumb Code    52  usb_core.o(i.USB_OTG_GetDeviceSpeed)
    USB_OTG_GetMode                          0x080045a1   Thumb Code    12  usb_core.o(i.USB_OTG_GetMode)
    USB_OTG_InitDevSpeed                     0x080045ad   Thumb Code    24  usb_core.o(i.USB_OTG_InitDevSpeed)
    USB_OTG_IsDeviceMode                     0x080045c5   Thumb Code    22  usb_core.o(i.USB_OTG_IsDeviceMode)
    USB_OTG_ReadCoreItr                      0x080045db   Thumb Code    16  usb_core.o(i.USB_OTG_ReadCoreItr)
    USB_OTG_ReadDevAllInEPItr                0x080045eb   Thumb Code    16  usb_core.o(i.USB_OTG_ReadDevAllInEPItr)
    USB_OTG_ReadDevAllOutEp_itr              0x080045fb   Thumb Code    16  usb_core.o(i.USB_OTG_ReadDevAllOutEp_itr)
    USB_OTG_ReadDevOutEP_itr                 0x0800460b   Thumb Code    20  usb_core.o(i.USB_OTG_ReadDevOutEP_itr)
    USB_OTG_ReadPacket                       0x0800461f   Thumb Code    40  usb_core.o(i.USB_OTG_ReadPacket)
    USB_OTG_SelectCore                       0x08004649   Thumb Code   204  usb_core.o(i.USB_OTG_SelectCore)
    USB_OTG_SetCurrentMode                   0x08004719   Thumb Code    78  usb_core.o(i.USB_OTG_SetCurrentMode)
    USB_OTG_UngateClock                      0x08004767   Thumb Code    54  usb_core.o(i.USB_OTG_UngateClock)
    USB_OTG_WritePacket                      0x0800479d   Thumb Code    64  usb_core.o(i.USB_OTG_WritePacket)
    UsageFault_Handler                       0x080047dd   Thumb Code     4  stm32fxxx_it.o(i.UsageFault_Handler)
    VCP_receive_string                       0x08004901   Thumb Code   152  usbd_cdc_vcp.o(i.VCP_receive_string)
    VCP_send_IMU_All                         0x080049a5   Thumb Code   182  usbd_cdc_vcp.o(i.VCP_send_IMU_All)
    VCP_send_IMU_Multi                       0x08004a5b   Thumb Code    76  usbd_cdc_vcp.o(i.VCP_send_IMU_Multi)
    VCP_send_IMU_Single                      0x08004aa7   Thumb Code    44  usbd_cdc_vcp.o(i.VCP_send_IMU_Single)
    __scatterload_copy                       0x08004ad3   Thumb Code    14  handlers.o(i.__scatterload_copy)
    __scatterload_null                       0x08004ae1   Thumb Code     2  handlers.o(i.__scatterload_null)
    __scatterload_zeroinit                   0x08004ae3   Thumb Code    14  handlers.o(i.__scatterload_zeroinit)
    main                                     0x08004af1   Thumb Code    86  main.o(i.main)
    run_function2                            0x08004b59   Thumb Code   738  main.o(i.run_function2)
    wait                                     0x080050e5   Thumb Code    24  utility.o(i.wait)
    GPIO_PIN                                 0x080050fc   Data           8  stm32f401_discovery.o(.constdata)
    GPIO_CLK                                 0x08005104   Data          16  stm32f401_discovery.o(.constdata)
    BUTTON_PIN                               0x08005114   Data           2  stm32f401_discovery.o(.constdata)
    BUTTON_CLK                               0x08005118   Data           4  stm32f401_discovery.o(.constdata)
    BUTTON_EXTI_LINE                         0x0800511c   Data           2  stm32f401_discovery.o(.constdata)
    BUTTON_PORT_SOURCE                       0x0800511e   Data           1  stm32f401_discovery.o(.constdata)
    BUTTON_PIN_SOURCE                        0x0800511f   Data           1  stm32f401_discovery.o(.constdata)
    BUTTON_IRQn                              0x08005120   Data           1  stm32f401_discovery.o(.constdata)
    Region$$Table$$Base                      0x08005124   Number         0  anon$$obj.o(Region$$Table)
    Region$$Table$$Limit                     0x08005144   Number         0  anon$$obj.o(Region$$Table)
    SET_TEST_MODE                            0x20000000   Data           4  usbd_core.o(.data)
    USBD_DCD_INT_cb                          0x20000004   Data          44  usbd_core.o(.data)
    USBD_DCD_INT_fops                        0x20000030   Data           4  usbd_core.o(.data)
    USBD_ep_status                           0x20000034   Data           4  usbd_req.o(.data)
    USBD_default_cfg                         0x20000038   Data           4  usbd_req.o(.data)
    USBD_cfg_status                          0x2000003c   Data           4  usbd_req.o(.data)
    CmdBuff                                  0x20000048   Data           8  usbd_cdc_core.o(.data)
    APP_Rx_ptr_in                            0x20000050   Data           4  usbd_cdc_core.o(.data)
    APP_Rx_ptr_out                           0x20000054   Data           4  usbd_cdc_core.o(.data)
    APP_Rx_length                            0x20000058   Data           4  usbd_cdc_core.o(.data)
    USB_Tx_State                             0x2000005c   Data           1  usbd_cdc_core.o(.data)
    USBD_CDC_cb                              0x20000068   Data          44  usbd_cdc_core.o(.data)
    usbd_cdc_CfgDesc                         0x20000094   Data          67  usbd_cdc_core.o(.data)
    GPIO_PORT                                0x200000dc   Data          16  stm32f401_discovery.o(.data)
    BUTTON_PORT                              0x200000ec   Data           4  stm32f401_discovery.o(.data)
    NVIC_InitStructure                       0x200000f0   Data           4  stm32f401_discovery.o(.data)
    LSM303DLHC_Timeout                       0x200000f4   Data           4  stm32f401_discovery_lsm303dlhc.o(.data)
    LSM303DLHC_Address                       0x200000f8   Data           2  stm32f401_discovery_lsm303dlhc.o(.data)
    L3GD20Timeout                            0x200000fc   Data           4  stm32f401_discovery_l3gd20.o(.data)
    UserButtonPressed                        0x20000110   Data           1  main.o(.data)
    Button_state                             0x20000111   Data           1  main.o(.data)
    TimingDelay                              0x20000114   Data           4  main.o(.data)
    Sample_time                              0x20000118   Data           2  main.o(.data)
    i                                        0x2000011c   Data           4  main.o(.data)
    State2_count                             0x20000120   Data           4  main.o(.data)
    SystemCoreClock                          0x20000124   Data           4  system_stm32f4xx.o(.data)
    AHBPrescTable                            0x20000128   Data          16  system_stm32f4xx.o(.data)
    USR_desc                                 0x20000138   Data          28  usbd_desc.o(.data)
    USBD_DeviceDesc                          0x20000154   Data          18  usbd_desc.o(.data)
    USBD_DeviceQualifierDesc                 0x20000166   Data          10  usbd_desc.o(.data)
    USBD_LangIDDesc                          0x20000170   Data           4  usbd_desc.o(.data)
    USR_cb                                   0x20000174   Data          28  usbd_usr.o(.data)
    linecoding                               0x20000190   Data           8  usbd_cdc_vcp.o(.data)
    VCP_fops                                 0x20000198   Data          20  usbd_cdc_vcp.o(.data)
    USBD_StrDesc                             0x200001b4   Data          50  usbd_req.o(.bss)
    usbd_cdc_OtherCfgDesc                    0x200001e6   Data          67  usbd_cdc_core.o(.bss)
    USB_Rx_Buffer                            0x20000229   Data          64  usbd_cdc_core.o(.bss)
    APP_Rx_Buffer                            0x20000269   Data        2048  usbd_cdc_core.o(.bss)
    USB_OTG_dev                              0x20000a6c   Data        1524  main.o(.bss)
    buffer                                   0x20001060   Data         100  main.o(.bss)
    USART_InitStructure                      0x200010c4   Data          16  usbd_cdc_vcp.o(.bss)
    __initial_sp                             0x20001558   Data           0  startup_stm32f401xx.o(STACK)



==============================================================================

Memory Map of the image

  Image Entry point : 0x08000189

  Load Region LR_IROM1 (Base: 0x08000000, Size: 0x000052f8, Max: 0x00040000, ABSOLUTE, COMPRESSED[0x00005244])

    Execution Region ER_IROM1 (Base: 0x08000000, Size: 0x00005144, Max: 0x00040000, ABSOLUTE)

    Base Addr    Size         Type   Attr      Idx    E Section Name        Object

    0x08000000   0x00000188   Data   RO            3    RESET               startup_stm32f401xx.o
    0x08000188   0x00000000   Code   RO         4153  * .ARM.Collect$$$$00000000  mc_w.l(entry.o)
    0x08000188   0x00000004   Code   RO         4156    .ARM.Collect$$$$00000001  mc_w.l(entry2.o)
    0x0800018c   0x00000004   Code   RO         4159    .ARM.Collect$$$$00000004  mc_w.l(entry5.o)
    0x08000190   0x00000000   Code   RO         4161    .ARM.Collect$$$$00000008  mc_w.l(entry7b.o)
    0x08000190   0x00000000   Code   RO         4163    .ARM.Collect$$$$0000000A  mc_w.l(entry8b.o)
    0x08000190   0x00000008   Code   RO         4164    .ARM.Collect$$$$0000000B  mc_w.l(entry9a.o)
    0x08000198   0x00000000   Code   RO         4166    .ARM.Collect$$$$0000000D  mc_w.l(entry10a.o)
    0x08000198   0x00000000   Code   RO         4168    .ARM.Collect$$$$0000000F  mc_w.l(entry11a.o)
    0x08000198   0x00000004   Code   RO         4157    .ARM.Collect$$$$00002712  mc_w.l(entry2.o)
    0x0800019c   0x00000024   Code   RO            4    .text               startup_stm32f401xx.o
    0x080001c0   0x00000024   Code   RO         4170    .text               mc_w.l(init.o)
    0x080001e4   0x00000056   Code   RO         4180    .text               mc_w.l(__dczerorl2.o)
    0x0800023a   0x0000006e   Code   RO         4039    i.Acc_Init          imu.o
    0x080002a8   0x00000004   Code   RO         3741    i.BusFault_Handler  stm32fxxx_it.o
    0x080002ac   0x00000048   Code   RO         4040    i.Compass_Init      imu.o
    0x080002f4   0x0000004a   Code   RO          703    i.DCD_EP_Close      usb_dcd.o
    0x0800033e   0x00000048   Code   RO          704    i.DCD_EP_ClrStall   usb_dcd.o
    0x08000386   0x00000068   Code   RO          706    i.DCD_EP_Open       usb_dcd.o
    0x080003ee   0x00000052   Code   RO          707    i.DCD_EP_PrepareRx  usb_dcd.o
    0x08000440   0x0000001c   Code   RO          708    i.DCD_EP_SetAddress  usb_dcd.o
    0x0800045c   0x00000048   Code   RO          709    i.DCD_EP_Stall      usb_dcd.o
    0x080004a4   0x0000004e   Code   RO          710    i.DCD_EP_Tx         usb_dcd.o
    0x080004f2   0x00000066   Code   RO          793    i.DCD_HandleEnumDone_ISR  usb_dcd_int.o
    0x08000558   0x00000144   Code   RO          794    i.DCD_HandleInEP_ISR  usb_dcd_int.o
    0x0800069c   0x00000100   Code   RO          795    i.DCD_HandleOutEP_ISR  usb_dcd_int.o
    0x0800079c   0x00000068   Code   RO          796    i.DCD_HandleResume_ISR  usb_dcd_int.o
    0x08000804   0x000000b0   Code   RO          797    i.DCD_HandleRxStatusQueueLevel_ISR  usb_dcd_int.o
    0x080008b4   0x0000002c   Code   RO          798    i.DCD_HandleSof_ISR  usb_dcd_int.o
    0x080008e0   0x000000a8   Code   RO          799    i.DCD_HandleUSBSuspend_ISR  usb_dcd_int.o
    0x08000988   0x00000104   Code   RO          800    i.DCD_HandleUsbReset_ISR  usb_dcd_int.o
    0x08000a8c   0x0000009c   Code   RO          712    i.DCD_Init          usb_dcd.o
    0x08000b28   0x0000002c   Code   RO          801    i.DCD_IsoINIncomplete_ISR  usb_dcd_int.o
    0x08000b54   0x0000002c   Code   RO          802    i.DCD_IsoOUTIncomplete_ISR  usb_dcd_int.o
    0x08000b80   0x00000028   Code   RO          803    i.DCD_ReadDevInEP   usb_dcd_int.o
    0x08000ba8   0x00000090   Code   RO          804    i.DCD_WriteEmptyTxFifo  usb_dcd_int.o
    0x08000c38   0x00000002   Code   RO         3742    i.DebugMon_Handler  stm32fxxx_it.o
    0x08000c3a   0x00000002   PAD
    0x08000c3c   0x00000018   Code   RO         3423    i.Delay             main.o
    0x08000c54   0x00000014   Code   RO         3743    i.EXTI0_IRQHandler  stm32fxxx_it.o
    0x08000c68   0x0000000c   Code   RO         1676    i.EXTI_ClearITPendingBit  stm32f4xx_exti.o
    0x08000c74   0x00000094   Code   RO         1681    i.EXTI_Init         stm32f4xx_exti.o
    0x08000d08   0x00000088   Code   RO         1743    i.FLASH_EraseSector  stm32f4xx_flash.o
    0x08000d90   0x00000054   Code   RO         1745    i.FLASH_GetStatus   stm32f4xx_flash.o
    0x08000de4   0x00000050   Code   RO         1773    i.FLASH_ProgramWord  stm32f4xx_flash.o
    0x08000e34   0x00000022   Code   RO         1776    i.FLASH_WaitForLastOperation  stm32f4xx_flash.o
    0x08000e56   0x00000002   PAD
    0x08000e58   0x00000028   Code   RO         3424    i.Fail_Handler      main.o
    0x08000e80   0x00000090   Code   RO         1992    i.GPIO_Init         stm32f4xx_gpio.o
    0x08000f10   0x00000046   Code   RO         1993    i.GPIO_PinAFConfig  stm32f4xx_gpio.o
    0x08000f56   0x00000004   Code   RO         1999    i.GPIO_ResetBits    stm32f4xx_gpio.o
    0x08000f5a   0x00000004   Code   RO         2000    i.GPIO_SetBits      stm32f4xx_gpio.o
    0x08000f5e   0x0000006a   Code   RO         4042    i.Gyro_Init         imu.o
    0x08000fc8   0x000000cc   Code   RO          402    i.Handle_USBAsynchXfer  usbd_cdc_core.o
    0x08001094   0x00000004   Code   RO         3744    i.HardFault_Handler  stm32fxxx_it.o
    0x08001098   0x00000018   Code   RO         2090    i.I2C_AcknowledgeConfig  stm32f4xx_i2c.o
    0x080010b0   0x0000002a   Code   RO         2093    i.I2C_CheckEvent    stm32f4xx_i2c.o
    0x080010da   0x0000000c   Code   RO         2094    i.I2C_ClearFlag     stm32f4xx_i2c.o
    0x080010e6   0x00000018   Code   RO         2096    i.I2C_Cmd           stm32f4xx_i2c.o
    0x080010fe   0x00000002   PAD
    0x08001100   0x00000060   Code   RO         2099    i.I2C_DeInit        stm32f4xx_i2c.o
    0x08001160   0x00000018   Code   RO         2104    i.I2C_GenerateSTART  stm32f4xx_i2c.o
    0x08001178   0x00000018   Code   RO         2105    i.I2C_GenerateSTOP  stm32f4xx_i2c.o
    0x08001190   0x0000003a   Code   RO         2106    i.I2C_GetFlagStatus  stm32f4xx_i2c.o
    0x080011ca   0x0000001a   Code   RO         2108    i.I2C_GetLastEvent  stm32f4xx_i2c.o
    0x080011e4   0x000000e8   Code   RO         2111    i.I2C_Init          stm32f4xx_i2c.o
    0x080012cc   0x00000008   Code   RO         2116    i.I2C_ReceiveData   stm32f4xx_i2c.o
    0x080012d4   0x00000010   Code   RO         2118    i.I2C_Send7bitAddress  stm32f4xx_i2c.o
    0x080012e4   0x00000004   Code   RO         2119    i.I2C_SendData      stm32f4xx_i2c.o
    0x080012e8   0x00000104   Code   RO         3425    i.Init_Clock        main.o
    0x080013ec   0x0000002c   Code   RO         1055    i.L3GD20_FilterCmd  stm32f401_discovery_l3gd20.o
    0x08001418   0x00000032   Code   RO         1056    i.L3GD20_FilterConfig  stm32f401_discovery_l3gd20.o
    0x0800144a   0x0000004c   Code   RO         1061    i.L3GD20_Init       stm32f401_discovery_l3gd20.o
    0x08001496   0x00000002   PAD
    0x08001498   0x00000134   Code   RO         1062    i.L3GD20_LowLevel_Init  stm32f401_discovery_l3gd20.o
    0x080015cc   0x00000046   Code   RO         4043    i.L3GD20_MEMS_Init  imu.o
    0x08001612   0x00000002   PAD
    0x08001614   0x00000048   Code   RO         1063    i.L3GD20_Read       stm32f401_discovery_l3gd20.o
    0x0800165c   0x00000074   Code   RO         1065    i.L3GD20_SendByte   stm32f401_discovery_l3gd20.o
    0x080016d0   0x0000000a   Code   RO         4044    i.L3GD20_TIMEOUT_UserCallback  imu.o
    0x080016da   0x00000002   PAD
    0x080016dc   0x00000040   Code   RO         1066    i.L3GD20_Write      stm32f401_discovery_l3gd20.o
    0x0800171c   0x0000003e   Code   RO          937    i.LSM303DLHC_AccFilterConfig  stm32f401_discovery_lsm303dlhc.o
    0x0800175a   0x00000050   Code   RO          943    i.LSM303DLHC_AccInit  stm32f401_discovery_lsm303dlhc.o
    0x080017aa   0x00000002   PAD
    0x080017ac   0x000000b0   Code   RO          945    i.LSM303DLHC_I2C_Config  stm32f401_discovery_lsm303dlhc.o
    0x0800185c   0x0000012c   Code   RO          946    i.LSM303DLHC_LowLevel_Init  stm32f401_discovery_lsm303dlhc.o
    0x08001988   0x0000007a   Code   RO         4047    i.LSM303DLHC_MEMS_Init  imu.o
    0x08001a02   0x00000058   Code   RO          948    i.LSM303DLHC_MagInit  stm32f401_discovery_lsm303dlhc.o
    0x08001a5a   0x00000002   PAD
    0x08001a5c   0x000002ec   Code   RO          949    i.LSM303DLHC_Read   stm32f401_discovery_lsm303dlhc.o
    0x08001d48   0x00000164   Code   RO          950    i.LSM303DLHC_Write  stm32f401_discovery_lsm303dlhc.o
    0x08001eac   0x00000004   Code   RO         3745    i.MemManage_Handler  stm32fxxx_it.o
    0x08001eb0   0x00000124   Code   RO         3946    i.My_SPI_Init       motor.o
    0x08001fd4   0x00000002   Code   RO         3746    i.NMI_Handler       stm32fxxx_it.o
    0x08001fd6   0x00000002   PAD
    0x08001fd8   0x00000078   Code   RO         1145    i.NVIC_Init         misc.o
    0x08002050   0x00000014   Code   RO         1146    i.NVIC_PriorityGroupConfig  misc.o
    0x08002064   0x00000010   Code   RO         3747    i.OTG_FS_IRQHandler  stm32fxxx_it.o
    0x08002074   0x00000030   Code   RO         3748    i.OTG_FS_WKUP_IRQHandler  stm32fxxx_it.o
    0x080020a4   0x00000002   Code   RO         3749    i.PendSV_Handler    stm32fxxx_it.o
    0x080020a6   0x00000002   PAD
    0x080020a8   0x00000090   Code   RO         3949    i.Potentialmeter_SetValue  motor.o
    0x08002138   0x00000020   Code   RO         2313    i.RCC_AHB1PeriphClockCmd  stm32f4xx_rcc.o
    0x08002158   0x00000020   Code   RO         2316    i.RCC_AHB2PeriphClockCmd  stm32f4xx_rcc.o
    0x08002178   0x00000020   Code   RO         2322    i.RCC_APB1PeriphClockCmd  stm32f4xx_rcc.o
    0x08002198   0x00000020   Code   RO         2324    i.RCC_APB1PeriphResetCmd  stm32f4xx_rcc.o
    0x080021b8   0x00000020   Code   RO         2325    i.RCC_APB2PeriphClockCmd  stm32f4xx_rcc.o
    0x080021d8   0x00000020   Code   RO         2327    i.RCC_APB2PeriphResetCmd  stm32f4xx_rcc.o
    0x080021f8   0x000000e8   Code   RO         2334    i.RCC_GetClocksFreq  stm32f4xx_rcc.o
    0x080022e0   0x00000144   Code   RO         4049    i.Read_Acc          imu.o
    0x08002424   0x000000c4   Code   RO         4050    i.Read_Compass      imu.o
    0x080024e8   0x000000c2   Code   RO         4051    i.Read_Gyro         imu.o
    0x080025aa   0x00000018   Code   RO         2647    i.SPI_Cmd           stm32f4xx_spi.o
    0x080025c2   0x00000002   PAD
    0x080025c4   0x000000b0   Code   RO         2654    i.SPI_I2S_DeInit    stm32f4xx_spi.o
    0x08002674   0x00000012   Code   RO         2655    i.SPI_I2S_GetFlagStatus  stm32f4xx_spi.o
    0x08002686   0x00000006   Code   RO         2658    i.SPI_I2S_ReceiveData  stm32f4xx_spi.o
    0x0800268c   0x00000004   Code   RO         2659    i.SPI_I2S_SendData  stm32f4xx_spi.o
    0x08002690   0x0000003c   Code   RO         2660    i.SPI_Init          stm32f4xx_spi.o
    0x080026cc   0x0000004c   Code   RO          877    i.STM_EVAL_LEDInit  stm32f401_discovery.o
    0x08002718   0x00000018   Code   RO          878    i.STM_EVAL_LEDOff   stm32f401_discovery.o
    0x08002730   0x00000018   Code   RO          879    i.STM_EVAL_LEDOn    stm32f401_discovery.o
    0x08002748   0x00000024   Code   RO          880    i.STM_EVAL_LEDToggle  stm32f401_discovery.o
    0x0800276c   0x000000a8   Code   RO          882    i.STM_EVAL_PBInit   stm32f401_discovery.o
    0x08002814   0x00000002   Code   RO         3750    i.SVC_Handler       stm32fxxx_it.o
    0x08002816   0x00000002   PAD
    0x08002818   0x00000040   Code   RO         2808    i.SYSCFG_EXTILineConfig  stm32f4xx_syscfg.o
    0x08002858   0x0000004e   Code   RO         3426    i.Send_IMU_Info     main.o
    0x080028a6   0x00000002   PAD
    0x080028a8   0x000000ec   Code   RO         3537    i.SetSysClock       system_stm32f4xx.o
    0x08002994   0x00000008   Code   RO         3751    i.SysTick_Handler   stm32fxxx_it.o
    0x0800299c   0x00000068   Code   RO         3539    i.SystemInit        system_stm32f4xx.o
    0x08002a04   0x00000040   Code   RO         3752    i.TIM3_IRQHandler   stm32fxxx_it.o
    0x08002a44   0x00000006   Code   RO         2872    i.TIM_ClearITPendingBit  stm32f4xx_tim.o
    0x08002a4a   0x00000018   Code   RO         2877    i.TIM_Cmd           stm32f4xx_tim.o
    0x08002a62   0x00000006   Code   RO         2892    i.TIM_GetCapture1   stm32f4xx_tim.o
    0x08002a68   0x00000022   Code   RO         2898    i.TIM_GetITStatus   stm32f4xx_tim.o
    0x08002a8a   0x00000012   Code   RO         2902    i.TIM_ITConfig      stm32f4xx_tim.o
    0x08002a9c   0x0000007c   Code   RO         2906    i.TIM_OC1Init       stm32f4xx_tim.o
    0x08002b18   0x00000012   Code   RO         2909    i.TIM_OC1PreloadConfig  stm32f4xx_tim.o
    0x08002b2a   0x00000006   Code   RO         2926    i.TIM_PrescalerConfig  stm32f4xx_tim.o
    0x08002b30   0x00000004   Code   RO         2939    i.TIM_SetCompare1   stm32f4xx_tim.o
    0x08002b34   0x00000084   Code   RO         2949    i.TIM_TimeBaseInit  stm32f4xx_tim.o
    0x08002bb8   0x00000018   Code   RO         3427    i.TimingDelay_Decrement  main.o
    0x08002bd0   0x00000016   Code   RO           12    i.USBD_ClrCfg       usbd_core.o
    0x08002be6   0x00000048   Code   RO          303    i.USBD_ClrFeature   usbd_req.o
    0x08002c2e   0x0000001e   Code   RO          247    i.USBD_CtlContinueRx  usbd_ioreq.o
    0x08002c4c   0x0000001e   Code   RO          248    i.USBD_CtlContinueSendData  usbd_ioreq.o
    0x08002c6a   0x0000001e   Code   RO          304    i.USBD_CtlError     usbd_req.o
    0x08002c88   0x0000002e   Code   RO          249    i.USBD_CtlPrepareRx  usbd_ioreq.o
    0x08002cb6   0x00000024   Code   RO          250    i.USBD_CtlReceiveStatus  usbd_ioreq.o
    0x08002cda   0x0000002e   Code   RO          251    i.USBD_CtlSendData  usbd_ioreq.o
    0x08002d08   0x00000024   Code   RO          252    i.USBD_CtlSendStatus  usbd_ioreq.o
    0x08002d2c   0x000000d0   Code   RO           13    i.USBD_DataInStage  usbd_core.o
    0x08002dfc   0x00000096   Code   RO           14    i.USBD_DataOutStage  usbd_core.o
    0x08002e92   0x00000006   Code   RO           15    i.USBD_DeInit       usbd_core.o
    0x08002e98   0x00000054   Code   RO          305    i.USBD_GetConfig    usbd_req.o
    0x08002eec   0x00000122   Code   RO          306    i.USBD_GetDescriptor  usbd_req.o
    0x0800300e   0x00000014   Code   RO          307    i.USBD_GetLen       usbd_req.o
    0x08003022   0x00000002   PAD
    0x08003024   0x00000050   Code   RO          308    i.USBD_GetStatus    usbd_req.o
    0x08003074   0x00000052   Code   RO          309    i.USBD_GetString    usbd_req.o
    0x080030c6   0x00000042   Code   RO           16    i.USBD_Init         usbd_core.o
    0x08003108   0x00000012   Code   RO           17    i.USBD_IsoINIncomplete  usbd_core.o
    0x0800311a   0x00000012   Code   RO           18    i.USBD_IsoOUTIncomplete  usbd_core.o
    0x0800312c   0x000000e0   Code   RO          805    i.USBD_OTG_ISR_Handler  usb_dcd_int.o
    0x0800320c   0x00000048   Code   RO          310    i.USBD_ParseSetupRequest  usbd_req.o
    0x08003254   0x00000032   Code   RO           19    i.USBD_Reset        usbd_core.o
    0x08003286   0x0000001e   Code   RO           20    i.USBD_Resume       usbd_core.o
    0x080032a4   0x00000014   Code   RO           21    i.USBD_RunTestMode  usbd_core.o
    0x080032b8   0x0000001a   Code   RO           22    i.USBD_SOF          usbd_core.o
    0x080032d2   0x0000005c   Code   RO          311    i.USBD_SetAddress   usbd_req.o
    0x0800332e   0x0000001e   Code   RO           23    i.USBD_SetCfg       usbd_core.o
    0x0800334c   0x000000d0   Code   RO          312    i.USBD_SetConfig    usbd_req.o
    0x0800341c   0x000000a4   Code   RO          313    i.USBD_SetFeature   usbd_req.o
    0x080034c0   0x00000054   Code   RO           24    i.USBD_SetupStage   usbd_core.o
    0x08003514   0x00000072   Code   RO          314    i.USBD_StdDevReq    usbd_req.o
    0x08003586   0x00000002   PAD
    0x08003588   0x0000015c   Code   RO          315    i.USBD_StdEPReq     usbd_req.o
    0x080036e4   0x0000004c   Code   RO          316    i.USBD_StdItfReq    usbd_req.o
    0x08003730   0x00000020   Code   RO           25    i.USBD_Suspend      usbd_core.o
    0x08003750   0x00000034   Code   RO         3615    i.USBD_USR_ConfigStrDescriptor  usbd_desc.o
    0x08003784   0x00000002   Code   RO         3678    i.USBD_USR_DeviceConfigured  usbd_usr.o
    0x08003786   0x00000002   Code   RO         3679    i.USBD_USR_DeviceConnected  usbd_usr.o
    0x08003788   0x00000010   Code   RO         3616    i.USBD_USR_DeviceDescriptor  usbd_desc.o
    0x08003798   0x00000002   Code   RO         3680    i.USBD_USR_DeviceDisconnected  usbd_usr.o
    0x0800379a   0x00000012   Code   RO         3681    i.USBD_USR_DeviceReset  usbd_usr.o
    0x080037ac   0x00000002   Code   RO         3682    i.USBD_USR_DeviceResumed  usbd_usr.o
    0x080037ae   0x00000002   Code   RO         3683    i.USBD_USR_DeviceSuspended  usbd_usr.o
    0x080037b0   0x00000064   Code   RO         3684    i.USBD_USR_Init     usbd_usr.o
    0x08003814   0x00000038   Code   RO         3617    i.USBD_USR_InterfaceStrDescriptor  usbd_desc.o
    0x0800384c   0x00000010   Code   RO         3618    i.USBD_USR_LangIDStrDescriptor  usbd_desc.o
    0x0800385c   0x0000002c   Code   RO         3619    i.USBD_USR_ManufacturerStrDescriptor  usbd_desc.o
    0x08003888   0x00000070   Code   RO         3620    i.USBD_USR_ProductStrDescriptor  usbd_desc.o
    0x080038f8   0x00000048   Code   RO         3621    i.USBD_USR_SerialStrDescriptor  usbd_desc.o
    0x08003940   0x00000010   Code   RO          403    i.USBD_cdc_GetCfgDesc  usbd_cdc_core.o
    0x08003950   0x0000002c   Code   RO         3574    i.USB_OTG_BSP_EnableInterrupt  usb_bsp.o
    0x0800397c   0x000000ac   Code   RO         3575    i.USB_OTG_BSP_Init  usb_bsp.o
    0x08003a28   0x00000012   Code   RO         3576    i.USB_OTG_BSP_mDelay  usb_bsp.o
    0x08003a3a   0x0000001e   Code   RO         3577    i.USB_OTG_BSP_uDelay  usb_bsp.o
    0x08003a58   0x00000126   Code   RO          474    i.USB_OTG_CoreInit  usb_core.o
    0x08003b7e   0x0000020a   Code   RO          475    i.USB_OTG_CoreInitDev  usb_core.o
    0x08003d88   0x00000070   Code   RO          476    i.USB_OTG_CoreReset  usb_core.o
    0x08003df8   0x00000022   Code   RO          477    i.USB_OTG_DisableGlobalInt  usb_core.o
    0x08003e1a   0x0000006a   Code   RO          478    i.USB_OTG_EP0Activate  usb_core.o
    0x08003e84   0x00000156   Code   RO          479    i.USB_OTG_EP0StartXfer  usb_core.o
    0x08003fda   0x00000062   Code   RO          480    i.USB_OTG_EP0_OutStart  usb_core.o
    0x0800403c   0x00000098   Code   RO          481    i.USB_OTG_EPActivate  usb_core.o
    0x080040d4   0x00000050   Code   RO          482    i.USB_OTG_EPClearStall  usb_core.o
    0x08004124   0x0000005e   Code   RO          483    i.USB_OTG_EPDeactivate  usb_core.o
    0x08004182   0x00000064   Code   RO          484    i.USB_OTG_EPSetStall  usb_core.o
    0x080041e6   0x000001f6   Code   RO          485    i.USB_OTG_EPStartXfer  usb_core.o
    0x080043dc   0x00000034   Code   RO          486    i.USB_OTG_EnableCommonInt  usb_core.o
    0x08004410   0x0000009a   Code   RO          487    i.USB_OTG_EnableDevInt  usb_core.o
    0x080044aa   0x00000022   Code   RO          488    i.USB_OTG_EnableGlobalInt  usb_core.o
    0x080044cc   0x0000004c   Code   RO          489    i.USB_OTG_FlushRxFifo  usb_core.o
    0x08004518   0x00000054   Code   RO          490    i.USB_OTG_FlushTxFifo  usb_core.o
    0x0800456c   0x00000034   Code   RO          491    i.USB_OTG_GetDeviceSpeed  usb_core.o
    0x080045a0   0x0000000c   Code   RO          493    i.USB_OTG_GetMode   usb_core.o
    0x080045ac   0x00000018   Code   RO          494    i.USB_OTG_InitDevSpeed  usb_core.o
    0x080045c4   0x00000016   Code   RO          495    i.USB_OTG_IsDeviceMode  usb_core.o
    0x080045da   0x00000010   Code   RO          497    i.USB_OTG_ReadCoreItr  usb_core.o
    0x080045ea   0x00000010   Code   RO          498    i.USB_OTG_ReadDevAllInEPItr  usb_core.o
    0x080045fa   0x00000010   Code   RO          499    i.USB_OTG_ReadDevAllOutEp_itr  usb_core.o
    0x0800460a   0x00000014   Code   RO          500    i.USB_OTG_ReadDevOutEP_itr  usb_core.o
    0x0800461e   0x00000028   Code   RO          502    i.USB_OTG_ReadPacket  usb_core.o
    0x08004646   0x00000002   PAD
    0x08004648   0x000000d0   Code   RO          503    i.USB_OTG_SelectCore  usb_core.o
    0x08004718   0x0000004e   Code   RO          504    i.USB_OTG_SetCurrentMode  usb_core.o
    0x08004766   0x00000036   Code   RO          507    i.USB_OTG_UngateClock  usb_core.o
    0x0800479c   0x00000040   Code   RO          508    i.USB_OTG_WritePacket  usb_core.o
    0x080047dc   0x00000004   Code   RO         3753    i.UsageFault_Handler  stm32fxxx_it.o
    0x080047e0   0x00000078   Code   RO         3841    i.VCP_Ctrl          usbd_cdc_vcp.o
    0x08004858   0x00000060   Code   RO         3842    i.VCP_DataRx        usbd_cdc_vcp.o
    0x080048b8   0x00000040   Code   RO         3843    i.VCP_DataTx        usbd_cdc_vcp.o
    0x080048f8   0x00000004   Code   RO         3844    i.VCP_DeInit        usbd_cdc_vcp.o
    0x080048fc   0x00000004   Code   RO         3845    i.VCP_Init          usbd_cdc_vcp.o
    0x08004900   0x000000a4   Code   RO         3848    i.VCP_receive_string  usbd_cdc_vcp.o
    0x080049a4   0x000000b6   Code   RO         3849    i.VCP_send_IMU_All  usbd_cdc_vcp.o
    0x08004a5a   0x0000004c   Code   RO         3850    i.VCP_send_IMU_Multi  usbd_cdc_vcp.o
    0x08004aa6   0x0000002c   Code   RO         3851    i.VCP_send_IMU_Single  usbd_cdc_vcp.o
    0x08004ad2   0x0000000e   Code   RO         4174    i.__scatterload_copy  mc_w.l(handlers.o)
    0x08004ae0   0x00000002   Code   RO         4175    i.__scatterload_null  mc_w.l(handlers.o)
    0x08004ae2   0x0000000e   Code   RO         4176    i.__scatterload_zeroinit  mc_w.l(handlers.o)
    0x08004af0   0x00000068   Code   RO         3428    i.main              main.o
    0x08004b58   0x000002f4   Code   RO         3430    i.run_function2     main.o
    0x08004e4c   0x00000088   Code   RO          404    i.usbd_cdc_DataIn   usbd_cdc_core.o
    0x08004ed4   0x00000038   Code   RO          405    i.usbd_cdc_DataOut  usbd_cdc_core.o
    0x08004f0c   0x0000002c   Code   RO          406    i.usbd_cdc_DeInit   usbd_cdc_core.o
    0x08004f38   0x00000038   Code   RO          407    i.usbd_cdc_EP0_RxReady  usbd_cdc_core.o
    0x08004f70   0x00000058   Code   RO          408    i.usbd_cdc_Init     usbd_cdc_core.o
    0x08004fc8   0x00000028   Code   RO          409    i.usbd_cdc_SOF      usbd_cdc_core.o
    0x08004ff0   0x000000f4   Code   RO          410    i.usbd_cdc_Setup    usbd_cdc_core.o
    0x080050e4   0x00000018   Code   RO         4019    i.wait              utility.o
    0x080050fc   0x00000025   Data   RO          883    .constdata          stm32f401_discovery.o
    0x08005121   0x00000003   PAD
    0x08005124   0x00000020   Data   RO         4172    Region$$Table       anon$$obj.o


    Execution Region RW_IRAM1 (Base: 0x20000000, Size: 0x00001558, Max: 0x00010000, ABSOLUTE, COMPRESSED[0x00000100])

    Base Addr    Size         Type   Attr      Idx    E Section Name        Object

    0x20000000   0x00000034   Data   RW           26    .data               usbd_core.o
    0x20000034   0x0000000d   Data   RW          318    .data               usbd_req.o
    0x20000041   0x00000003   PAD
    0x20000044   0x00000098   Data   RW          412    .data               usbd_cdc_core.o
    0x200000dc   0x00000018   Data   RW          884    .data               stm32f401_discovery.o
    0x200000f4   0x00000006   Data   RW          951    .data               stm32f401_discovery_lsm303dlhc.o
    0x200000fa   0x00000002   PAD
    0x200000fc   0x00000004   Data   RW         1067    .data               stm32f401_discovery_l3gd20.o
    0x20000100   0x00000010   Data   RW         2365    .data               stm32f4xx_rcc.o
    0x20000110   0x00000014   Data   RW         3432    .data               main.o
    0x20000124   0x00000014   Data   RW         3540    .data               system_stm32f4xx.o
    0x20000138   0x0000003c   Data   RW         3622    .data               usbd_desc.o
    0x20000174   0x0000001c   Data   RW         3685    .data               usbd_usr.o
    0x20000190   0x00000024   Data   RW         3855    .data               usbd_cdc_vcp.o
    0x200001b4   0x00000032   Zero   RW          317    .bss                usbd_req.o
    0x200001e6   0x00000883   Zero   RW          411    .bss                usbd_cdc_core.o
    0x20000a69   0x00000003   PAD
    0x20000a6c   0x00000658   Zero   RW         3431    .bss                main.o
    0x200010c4   0x00000090   Zero   RW         3854    .bss                usbd_cdc_vcp.o
    0x20001154   0x00000004   PAD
    0x20001158   0x00000400   Zero   RW            1    STACK               startup_stm32f401xx.o


==============================================================================

Image component sizes


      Code (inc. data)   RO Data    RW Data    ZI Data      Debug   Object Name

      1204          4          0          0          0       6608   imu.o
      1286         74          0         20       1624      48732   main.o
       140         24          0          0          0       1883   misc.o
       436         28          0          0          0       1432   motor.o
        36          8        392          0       1024       1012   startup_stm32f401xx.o
       328         68         37         24          0       5914   stm32f401_discovery.o
       730         36          0          4          0      11140   stm32f401_discovery_l3gd20.o
      1810         70          0          6          0      16100   stm32f401_discovery_lsm303dlhc.o
       160         12          0          0          0       1845   stm32f4xx_exti.o
       334         16          0          0          0       3511   stm32f4xx_flash.o
       222          0          0          0          0       3423   stm32f4xx_gpio.o
       590         28          0          0          0       9912   stm32f4xx_i2c.o
       424         54          0         16          0       7314   stm32f4xx_rcc.o
       288         24          0          0          0       4863   stm32f4xx_spi.o
        64          4          0          0          0        756   stm32f4xx_syscfg.o
       372         38          0          0          0       7881   stm32f4xx_tim.o
       180         28          0          0          0       6612   stm32fxxx_it.o
       340         34          0         20          0       1949   system_stm32f4xx.o
       264          4          0          0          0       2883   usb_bsp.o
      3458         18          0          0          0      24074   usb_core.o
       666          0          0          0          0       6528   usb_dcd.o
      1930         50          0          0          0      10483   usb_dcd_int.o
       884        118          0        152       2179       9796   usbd_cdc_core.o
       754         38          0         36        144       7107   usbd_cdc_vcp.o
       760          6          0         52          0     309760   usbd_core.o
       368        192          0         60          0       5892   usbd_desc.o
       224          0          0          0          0       5000   usbd_ioreq.o
      1732         54          0         13         50      11675   usbd_req.o
       128         12          0         28          0       4033   usbd_usr.o
        24          0          0          0          0        539   utility.o

    ----------------------------------------------------------------------
     20168       1042        464        436       5028     538657   Object Totals
         0          0         32          0          0          0   (incl. Generated)
        32          0          3          5          7          0   (incl. Padding)

    ----------------------------------------------------------------------

      Code (inc. data)   RO Data    RW Data    ZI Data      Debug   Library Member Name

        86          0          0          0          0          0   __dczerorl2.o
         0          0          0          0          0          0   entry.o
         0          0          0          0          0          0   entry10a.o
         0          0          0          0          0          0   entry11a.o
         8          4          0          0          0          0   entry2.o
         4          0          0          0          0          0   entry5.o
         0          0          0          0          0          0   entry7b.o
         0          0          0          0          0          0   entry8b.o
         8          4          0          0          0          0   entry9a.o
        30          0          0          0          0          0   handlers.o
        36          8          0          0          0         68   init.o

    ----------------------------------------------------------------------
       172         16          0          0          0         68   Library Totals
         0          0          0          0          0          0   (incl. Padding)

    ----------------------------------------------------------------------

      Code (inc. data)   RO Data    RW Data    ZI Data      Debug   Library Name

       172         16          0          0          0         68   mc_w.l

    ----------------------------------------------------------------------
       172         16          0          0          0         68   Library Totals

    ----------------------------------------------------------------------

==============================================================================


      Code (inc. data)   RO Data    RW Data    ZI Data      Debug   

     20340       1058        464        436       5028     517409   Grand Totals
     20340       1058        464        256       5028     517409   ELF Image Totals (compressed)
     20340       1058        464        256          0          0   ROM Totals

==============================================================================

    Total RO  Size (Code + RO Data)                20804 (  20.32kB)
    Total RW  Size (RW Data + ZI Data)              5464 (   5.34kB)
    Total ROM Size (Code + RO Data + RW Data)      21060 (  20.57kB)

==============================================================================

